[INFO] [launch]: All log files can be found below /root/.ros/log/2026-08-15-10-44-38-219816-ubuntu-47
[INFO] [launch]: Default logging verbosity is set to INFO
[INFO] [foxy_bridge_node-1]: process started with pid [61]
[INFO] [scan_planner_node-2]: process started with pid [63]
[INFO] [closed_loop_controller-3]: process started with pid [65]
[INFO] [acceptance_monitor_node-4]: process started with pid [67]
[closed_loop_controller-3] [INFO] [1786790678.256586818] [closed_loop_controller]: Closed-loop controller ready
[scan_planner_node-2] hit: 1.7346
[scan_planner_node-2] miss: -0.847298
[scan_planner_node-2] min log: -1.99243
[scan_planner_node-2] max: 3.89182
[scan_planner_node-2] thresh log: 1.38629
[scan_planner_node-2] [INFO] [1786790678.336983200] [scan_planner_node]: Preset waypoint mode will start after the first odometry message
[acceptance_monitor_node-4] [INFO] [1786790678.420251852] [lite3_acceptance_monitor]: Acceptance monitor writing /evidence/ros_events.jsonl and /evidence/ros_summary.json
[foxy_bridge_node-1] [INFO] [1786790678.424464154] [lite3_sim_bridge]: Lite3 bridge ready: telemetry 127.0.0.1:46324, command 127.0.0.1:46325
[foxy_bridge_node-1] [INFO] [1786790678.424801780] [lite3_sim_bridge]: Telemetry stream connected
[foxy_bridge_node-1] [INFO] [1786790678.424850241] [lite3_sim_bridge]: Command stream connected
[scan_planner_node-2] [INFO] [1786790678.692933132] [scan_planner_node]: Preset waypoint mode is waiting for the first processed occupancy update
[scan_planner_node-2] [INFO] [1786790679.062783187] [scan_planner_node]: Preset waypoint mode starts after the first processed occupancy update
[scan_planner_node-2] [INFO] [1786790679.063866407] [scan_planner_node]: [navi_mode=2] Planning to waypoint 1/1: [0.50, 3.00, 0.85]
[scan_planner_node-2] [TRIG]: from INIT to GEN_NEW_TRAJ
[scan_planner_node-2] 
[scan_planner_node-2] [rebo replan]: -------------------------------------0
[scan_planner_node-2] start: -5.01     3 0.913, 0 0 0
[scan_planner_node-2] goal: 0.5    3 0.85, 0 0 0
[scan_planner_node-2] [32miter(+1)=107,time(ms)=17.058,total_t(ms)=17.058,cost=0.019
[scan_planner_node-2] [0mfirst_optimize_step_success=1
[scan_planner_node-2] total time:[42m0.0215[0m,optimize:0.0208,refine:0.000694
[scan_planner_node-2] final_plan_success=1
[scan_planner_node-2] [FSM]: from GEN_NEW_TRAJ to EXEC_TRAJ
[closed_loop_controller-3] [INFO] [1786790679.088273737] [closed_loop_controller]: Received trajectory 1, duration 7.360s, start error 0.000m, catchup state 0
[scan_planner_node-2] 
[scan_planner_node-2] [rebo replan]: -------------------------------------1
[scan_planner_node-2] start: -5.01     3 0.913,   0.00465 -2.93e-07  -1.1e-05
[scan_planner_node-2] goal: 0.5    3 0.85, 0 0 0
[scan_planner_node-2] iter=48,time(ms)=10,rebound.
[scan_planner_node-2] [32miter(+1)=212,time(ms)=35.508,total_t(ms)=45.888,cost=0.024
[scan_planner_node-2] [0mfirst_optimize_step_success=1
[scan_planner_node-2] total time:[42m0.052[0m,optimize:0.052,refine:0.00065
[scan_planner_node-2] final_plan_success=1
[scan_planner_node-2] [SAFETY]: from EXEC_TRAJ to EXEC_TRAJ
[closed_loop_controller-3] [INFO] [1786790679.191740421] [closed_loop_controller]: Received trajectory 2, duration 7.360s, start error 0.000m, catchup state 0
[scan_planner_node-2] [FSM]: state: EXEC_TRAJ
[scan_planner_node-2] [FSM]: state: EXEC_TRAJ
[scan_planner_node-2] 
[scan_planner_node-2] [rebo replan]: -------------------------------------2
[scan_planner_node-2] start: -4.63  2.97 0.703,    0.776    -0.18 -0.00614
[scan_planner_node-2] goal: 0.5    3 0.85, 0 0 0
[scan_planner_node-2] iter=17,time(ms)=2,rebound.
[scan_planner_node-2] [32miter(+1)=64,time(ms)=8.087,total_t(ms)=10.085,cost=0.038
[scan_planner_node-2] [0mfirst_optimize_step_success=1
[scan_planner_node-2] Need to reallocate time.
[scan_planner_node-2] total time:[42m0.022[0m,optimize:0.016,refine:0.0055
[scan_planner_node-2] final_plan_success=1
[scan_planner_node-2] [SAFETY]: from EXEC_TRAJ to EXEC_TRAJ
[closed_loop_controller-3] [INFO] [1786790680.559776262] [closed_loop_controller]: Received trajectory 3, duration 8.367s, start error 0.000m, catchup state 0
[scan_planner_node-2] 
[scan_planner_node-2] [rebo replan]: -------------------------------------3
[scan_planner_node-2] start: -4.36   2.9 0.605,    0.872 -0.00932   0.0329
[scan_planner_node-2] goal: 0.5    3 0.85, 0 0 0
[scan_planner_node-2] [32miter(+1)=77,time(ms)=8.081,total_t(ms)=8.082,cost=0.077
[scan_planner_node-2] [0mfirst_optimize_step_success=1
[scan_planner_node-2] Need to reallocate time.
[scan_planner_node-2] total time:[42m0.018[0m,optimize:0.012,refine:0.006
[scan_planner_node-2] final_plan_success=1
[scan_planner_node-2] [SAFETY]: from EXEC_TRAJ to EXEC_TRAJ
[closed_loop_controller-3] [INFO] [1786790680.906090619] [closed_loop_controller]: Received trajectory 4, duration 8.838s, start error 0.001m, catchup state 0
[scan_planner_node-2] 
[scan_planner_node-2] [rebo replan]: -------------------------------------4
[scan_planner_node-2] start: -4.27  2.89 0.574,  0.869 0.0664  0.049
[scan_planner_node-2] goal: 0.5    3 0.85, 0 0 0
[scan_planner_node-2] [32miter(+1)=133,time(ms)=13.830,keep optimizing
[scan_planner_node-2] [0m[32miter(+1)=99,time(ms)=10.322,total_t(ms)=24.944,cost=0.285
[scan_planner_node-2] [0mfirst_optimize_step_success=1
[scan_planner_node-2] Need to reallocate time.
[scan_planner_node-2] total time:[42m0.039[0m,optimize:0.03,refine:0.0083
[scan_planner_node-2] final_plan_success=1
[scan_planner_node-2] [SAFETY]: from EXEC_TRAJ to EXEC_TRAJ
[closed_loop_controller-3] [INFO] [1786790681.076773212] [closed_loop_controller]: Received trajectory 5, duration 9.267s, start error 0.002m, catchup state 0
[scan_planner_node-2] [FSM]: state: EXEC_TRAJ
[scan_planner_node-2] [FSM]: state: EXEC_TRAJ
[scan_planner_node-2] [FSM]: state: EXEC_TRAJ
[scan_planner_node-2] [FSM]: state: EXEC_TRAJ
[scan_planner_node-2] [FSM]: state: EXEC_TRAJ
[scan_planner_node-2] [FSM]: state: EXEC_TRAJ
[scan_planner_node-2] [FSM]: state: EXEC_TRAJ
[scan_planner_node-2] [FSM]: state: EXEC_TRAJ
[scan_planner_node-2] [FSM]: state: EXEC_TRAJ
[scan_planner_node-2] [FSM]: state: EXEC_TRAJ
[scan_planner_node-2] [FSM]: from EXEC_TRAJ to WAIT_TARGET
[scan_planner_node-2] [FSM]: state: WAIT_TARGET
[scan_planner_node-2] [FSM]: state: WAIT_TARGET
[scan_planner_node-2] [FSM]: state: WAIT_TARGET
[scan_planner_node-2] [FSM]: state: WAIT_TARGET
[scan_planner_node-2] [FSM]: state: WAIT_TARGET
[scan_planner_node-2] [FSM]: state: WAIT_TARGET
[scan_planner_node-2] [FSM]: state: WAIT_TARGET
[scan_planner_node-2] [FSM]: state: WAIT_TARGET
[scan_planner_node-2] [FSM]: state: WAIT_TARGET
[scan_planner_node-2] [FSM]: state: WAIT_TARGET
[scan_planner_node-2] [FSM]: state: WAIT_TARGET
[scan_planner_node-2] [FSM]: state: WAIT_TARGET
[scan_planner_node-2] [FSM]: state: WAIT_TARGET
[scan_planner_node-2] [FSM]: state: WAIT_TARGET
[scan_planner_node-2] [FSM]: state: WAIT_TARGET
[scan_planner_node-2] [FSM]: state: WAIT_TARGET
[scan_planner_node-2] [FSM]: state: WAIT_TARGET
[scan_planner_node-2] [FSM]: state: WAIT_TARGET
[scan_planner_node-2] [FSM]: state: WAIT_TARGET
[scan_planner_node-2] [FSM]: state: WAIT_TARGET
[scan_planner_node-2] [FSM]: state: WAIT_TARGET
[scan_planner_node-2] [FSM]: state: WAIT_TARGET
[foxy_bridge_node-1] [WARN] [1786790714.445547503] [lite3_sim_bridge]: Telemetry stream reset: socket closed with 40 bytes remaining
[foxy_bridge_node-1] [WARN] [1786790714.465441665] [lite3_sim_bridge]: Command stream reset: [Errno 104] Connection reset by peer
[scan_planner_node-2] [FSM]: state: WAIT_TARGET
[scan_planner_node-2] [FSM]: state: WAIT_TARGET
[WARNING] [launch]: user interrupted with ctrl-c (SIGINT)
[INFO] [acceptance_monitor_node-4]: sending signal 'SIGINT' to process[acceptance_monitor_node-4]
[INFO] [closed_loop_controller-3]: sending signal 'SIGINT' to process[closed_loop_controller-3]
[INFO] [scan_planner_node-2]: sending signal 'SIGINT' to process[scan_planner_node-2]
[INFO] [foxy_bridge_node-1]: sending signal 'SIGINT' to process[foxy_bridge_node-1]
[closed_loop_controller-3] [INFO] [1786790717.100953171] [rclcpp]: signal_handler(signal_value=2)
[scan_planner_node-2] [INFO] [1786790717.101104265] [rclcpp]: signal_handler(signal_value=2)
[scan_planner_node-2] des manager
[INFO] [closed_loop_controller-3]: process has finished cleanly [pid 65]
[INFO] [foxy_bridge_node-1]: process has finished cleanly [pid 61]
[INFO] [acceptance_monitor_node-4]: process has finished cleanly [pid 67]
[INFO] [scan_planner_node-2]: process has finished cleanly [pid 63]
