[INFO] [launch]: All log files can be found below /root/.ros/log/2026-08-14-22-02-41-657267-ubuntu-47
[INFO] [launch]: Default logging verbosity is set to INFO
[INFO] [foxy_bridge_node-1]: process started with pid [61]
[INFO] [scan_planner_node-2]: process started with pid [63]
[INFO] [closed_loop_controller-3]: process started with pid [65]
[INFO] [acceptance_monitor_node-4]: process started with pid [67]
[closed_loop_controller-3] [INFO] [1786744961.688480269] [closed_loop_controller]: Closed-loop controller ready
[scan_planner_node-2] hit: 1.7346
[scan_planner_node-2] miss: -0.847298
[scan_planner_node-2] min log: -1.99243
[scan_planner_node-2] max: 3.89182
[scan_planner_node-2] thresh log: 1.38629
[scan_planner_node-2] [INFO] [1786744961.775638699] [scan_planner_node]: Preset waypoint mode will start after the first odometry message
[acceptance_monitor_node-4] [INFO] [1786744961.847685402] [lite3_acceptance_monitor]: Acceptance monitor writing /evidence/ros_events.jsonl and /evidence/ros_summary.json
[foxy_bridge_node-1] [INFO] [1786744961.850839548] [lite3_sim_bridge]: Command stream connected
[foxy_bridge_node-1] [INFO] [1786744961.851098795] [lite3_sim_bridge]: Lite3 bridge ready: telemetry 127.0.0.1:46620, command 127.0.0.1:46621
[foxy_bridge_node-1] [INFO] [1786744961.851406182] [lite3_sim_bridge]: Telemetry stream connected
[scan_planner_node-2] [INFO] [1786744962.131074000] [scan_planner_node]: [navi_mode=2] Planning to waypoint 1/1: [0.50, 3.00, 0.85]
[scan_planner_node-2] [TRIG]: from INIT to GEN_NEW_TRAJ
[scan_planner_node-2] 
[scan_planner_node-2] [rebo replan]: -------------------------------------0
[scan_planner_node-2] start:   -5    3 0.92, 0 0 0
[scan_planner_node-2] goal: 0.5    3 0.85, 0 0 0
[scan_planner_node-2] [32miter(+1)=103,time(ms)=20.422,total_t(ms)=20.422,cost=0.017
[scan_planner_node-2] [0mfirst_optimize_step_success=1
[scan_planner_node-2] total time:[42m0.0253[0m,optimize:0.0246,refine:0.000742
[scan_planner_node-2] final_plan_success=1
[scan_planner_node-2] [FSM]: from GEN_NEW_TRAJ to EXEC_TRAJ
[closed_loop_controller-3] [INFO] [1786744965.303253754] [closed_loop_controller]: Received trajectory 1, duration 7.360s, start error 0.120m, catchup state 0
[scan_planner_node-2] 
[scan_planner_node-2] [rebo replan]: -------------------------------------1
[scan_planner_node-2] start:  -4.9     3 0.818,         1 -1.15e-06   -0.0121
[scan_planner_node-2] goal: 0.5    3 0.85, 0 0 0
[scan_planner_node-2] [32miter(+1)=68,time(ms)=9.085,total_t(ms)=9.086,cost=0.005
[scan_planner_node-2] [0mfirst_optimize_step_success=1
[scan_planner_node-2] total time:[42m0.018[0m,optimize:0.017,refine:0.00064
[scan_planner_node-2] final_plan_success=1
[scan_planner_node-2] [SAFETY]: from EXEC_TRAJ to EXEC_TRAJ
[closed_loop_controller-3] [INFO] [1786744967.532775749] [closed_loop_controller]: Received trajectory 2, duration 7.200s, start error 0.924m, catchup state 2
[scan_planner_node-2] 
[scan_planner_node-2] [rebo replan]: -------------------------------------2
[scan_planner_node-2] start: -3.75  3.04 0.438,       1   0.436 0.00651
[scan_planner_node-2] goal: 0.5    3 0.85, 0 0 0
[scan_planner_node-2] [ERROR] [1786744969.771007418] [bspline_opt]: A-star failed; aborting optimization
[scan_planner_node-2] [32miter(+1)=106,time(ms)=12.939,keep optimizing
[scan_planner_node-2] [0m[32miter(+1)=108,time(ms)=13.114,keep optimizing
[scan_planner_node-2] [0m[32miter(+1)=118,time(ms)=14.996,keep optimizing
[scan_planner_node-2] [0mfirst_optimize_step_success=0
[scan_planner_node-2] final_plan_success=0
[scan_planner_node-2] 
[scan_planner_node-2] [rebo replan]: -------------------------------------3
[scan_planner_node-2] start: -3.75  3.04 0.438,       1   0.436 0.00651
[scan_planner_node-2] goal: 0.5    3 0.85, 0 0 0
[scan_planner_node-2] [32miter(+1)=72,time(ms)=8.675,keep optimizing
[scan_planner_node-2] [0m[32miter(+1)=84,time(ms)=10.204,keep optimizing
[scan_planner_node-2] [0m[32miter(+1)=41,time(ms)=4.879,total_t(ms)=25.235,cost=0.746
[scan_planner_node-2] [0mfirst_optimize_step_success=1
[scan_planner_node-2] Need to reallocate time.
[scan_planner_node-2] [34mThis refined trajectory is unsafe or dynamically infeasible. Skip publishing it.
[scan_planner_node-2] [0mfinal_plan_success=0
[scan_planner_node-2] [WARN] [1786744969.814938343] [scan_planner_node]: Obstacle discovered; emergency stop in 0.000s
[scan_planner_node-2] [SAFETY]: from EXEC_TRAJ to EMERGENCY_STOP
[closed_loop_controller-3] [INFO] [1786744972.073588430] [closed_loop_controller]: Received trajectory 3, duration 3.000s, start error 0.041m, catchup state 0
[scan_planner_node-2] [FSM]: from EMERGENCY_STOP to GEN_NEW_TRAJ
[scan_planner_node-2] 
[scan_planner_node-2] [rebo replan]: -------------------------------------4
[scan_planner_node-2] start: -3.69  3.07 0.408, 0 0 0
[scan_planner_node-2] goal: 0.5    3 0.85, 0 0 0
[scan_planner_node-2] iter=23,time(ms)=11,rebound.
[scan_planner_node-2] [32miter(+1)=230,time(ms)=43.532,total_t(ms)=54.870,cost=0.095
[scan_planner_node-2] [0mfirst_optimize_step_success=1
[scan_planner_node-2] Need to reallocate time.
[scan_planner_node-2] total time:[42m0.079[0m,optimize:0.066,refine:0.013
[scan_planner_node-2] final_plan_success=1
[scan_planner_node-2] [FSM]: from GEN_NEW_TRAJ to EXEC_TRAJ
[closed_loop_controller-3] [INFO] [1786744978.534294690] [closed_loop_controller]: Received trajectory 4, duration 7.706s, start error 0.227m, catchup state 1
[scan_planner_node-2] [FSM]: from EXEC_TRAJ to WAIT_TARGET
[foxy_bridge_node-1] [WARN] [1786745006.857311316] [lite3_sim_bridge]: Telemetry stream reset: socket closed with 40 bytes remaining
[foxy_bridge_node-1] [WARN] [1786745006.877165931] [lite3_sim_bridge]: Command stream reset: [Errno 104] Connection reset by peer
[WARNING] [launch]: user interrupted with ctrl-c (SIGINT)
[INFO] [acceptance_monitor_node-4]: sending signal 'SIGINT' to process[acceptance_monitor_node-4]
[INFO] [closed_loop_controller-3]: sending signal 'SIGINT' to process[closed_loop_controller-3]
[INFO] [scan_planner_node-2]: sending signal 'SIGINT' to process[scan_planner_node-2]
[INFO] [foxy_bridge_node-1]: sending signal 'SIGINT' to process[foxy_bridge_node-1]
[closed_loop_controller-3] [INFO] [1786745009.560037976] [rclcpp]: signal_handler(signal_value=2)
[scan_planner_node-2] [INFO] [1786745009.560225738] [rclcpp]: signal_handler(signal_value=2)
[INFO] [closed_loop_controller-3]: process has finished cleanly [pid 65]
[INFO] [foxy_bridge_node-1]: process has finished cleanly [pid 61]
[INFO] [acceptance_monitor_node-4]: process has finished cleanly [pid 67]
[scan_planner_node-2] des manager
[INFO] [scan_planner_node-2]: process has finished cleanly [pid 63]
