[INFO] [launch]: All log files can be found below /root/.ros/log/2026-08-14-20-27-57-128363-ubuntu-47
[INFO] [launch]: Default logging verbosity is set to INFO
[INFO] [foxy_bridge_node-1]: process started with pid [61]
[INFO] [scan_planner_node-2]: process started with pid [63]
[INFO] [closed_loop_controller-3]: process started with pid [65]
[INFO] [acceptance_monitor_node-4]: process started with pid [67]
[closed_loop_controller-3] [INFO] [1786739277.165241416] [closed_loop_controller]: Closed-loop controller ready
[scan_planner_node-2] hit: 1.7346
[scan_planner_node-2] miss: -0.847298
[scan_planner_node-2] min log: -1.99243
[scan_planner_node-2] max: 3.89182
[scan_planner_node-2] thresh log: 1.38629
[scan_planner_node-2] [INFO] [1786739277.278346764] [scan_planner_node]: Preset waypoint mode will start after the first odometry message
[acceptance_monitor_node-4] [INFO] [1786739277.345609256] [lite3_acceptance_monitor]: Acceptance monitor writing /evidence/ros_events.jsonl and /evidence/ros_summary.json
[foxy_bridge_node-1] [INFO] [1786739277.349692274] [lite3_sim_bridge]: Telemetry stream connected
[foxy_bridge_node-1] [INFO] [1786739277.349834952] [lite3_sim_bridge]: Command stream connected
[foxy_bridge_node-1] [INFO] [1786739277.349941412] [lite3_sim_bridge]: Lite3 bridge ready: telemetry 127.0.0.1:46540, command 127.0.0.1:46541
[scan_planner_node-2] [INFO] [1786739277.625240116] [scan_planner_node]: [navi_mode=2] Planning to waypoint 1/1: [0.50, 3.00, 0.85]
[scan_planner_node-2] [TRIG]: from INIT to GEN_NEW_TRAJ
[scan_planner_node-2] 
[scan_planner_node-2] [rebo replan]: -------------------------------------0
[scan_planner_node-2] start:   -5    3 0.92, 0 0 0
[scan_planner_node-2] goal: 0.5    3 0.85, 0 0 0
[scan_planner_node-2] [32miter(+1)=103,time(ms)=21.266,total_t(ms)=21.267,cost=0.017
[scan_planner_node-2] [0mfirst_optimize_step_success=1
[scan_planner_node-2] total time:[42m0.0318[0m,optimize:0.0311,refine:0.000712
[scan_planner_node-2] final_plan_success=1
[scan_planner_node-2] [FSM]: from GEN_NEW_TRAJ to EXEC_TRAJ
[closed_loop_controller-3] [INFO] [1786739280.778425132] [closed_loop_controller]: Received trajectory 1, duration 7.360s, start error 0.120m, catchup state 0
[scan_planner_node-2] 
[scan_planner_node-2] [rebo replan]: -------------------------------------1
[scan_planner_node-2] start: -4.89  3.01 0.817,     0.403 -2.47e-07   -0.0026
[scan_planner_node-2] goal: 0.5    3 0.85, 0 0 0
[scan_planner_node-2] [32miter(+1)=95,time(ms)=13.042,total_t(ms)=13.042,cost=0.006
[scan_planner_node-2] [0mfirst_optimize_step_success=1
[scan_planner_node-2] total time:[42m0.022[0m,optimize:0.021,refine:0.0007
[scan_planner_node-2] final_plan_success=1
[scan_planner_node-2] [SAFETY]: from EXEC_TRAJ to EXEC_TRAJ
[closed_loop_controller-3] [INFO] [1786739281.609185480] [closed_loop_controller]: Received trajectory 2, duration 7.200s, start error 0.063m, catchup state 0
[scan_planner_node-2] [FSM]: from EXEC_TRAJ to WAIT_TARGET
[foxy_bridge_node-1] [WARN] [1786739322.374713098] [lite3_sim_bridge]: Telemetry stream reset: socket closed with 40 bytes remaining
[foxy_bridge_node-1] [WARN] [1786739322.394647343] [lite3_sim_bridge]: Command stream reset: [Errno 104] Connection reset by peer
[WARNING] [launch]: user interrupted with ctrl-c (SIGINT)
[INFO] [acceptance_monitor_node-4]: sending signal 'SIGINT' to process[acceptance_monitor_node-4]
[INFO] [closed_loop_controller-3]: sending signal 'SIGINT' to process[closed_loop_controller-3]
[INFO] [scan_planner_node-2]: sending signal 'SIGINT' to process[scan_planner_node-2]
[INFO] [foxy_bridge_node-1]: sending signal 'SIGINT' to process[foxy_bridge_node-1]
[closed_loop_controller-3] [INFO] [1786739324.974533488] [rclcpp]: signal_handler(signal_value=2)
[scan_planner_node-2] [INFO] [1786739324.974749173] [rclcpp]: signal_handler(signal_value=2)
[INFO] [closed_loop_controller-3]: process has finished cleanly [pid 65]
[INFO] [foxy_bridge_node-1]: process has finished cleanly [pid 61]
[INFO] [acceptance_monitor_node-4]: process has finished cleanly [pid 67]
[scan_planner_node-2] des manager
[INFO] [scan_planner_node-2]: process has finished cleanly [pid 63]
