Loading user config located at: '/home/sun/miniconda3/envs/isaaclab/lib/python3.11/site-packages/isaacsim/kit/data/Kit/Isaac-Sim/5.1/user.config.json'
[Info] [carb] Logging to file: /home/sun/miniconda3/envs/isaaclab/lib/python3.11/site-packages/isaacsim/kit/logs/Kit/Isaac-Sim/5.1/kit_20260813_111538.log
2026-08-13T15:15:38Z [51ms] [Warning] [omni.usd_config.extension] Enable omni.materialx.libs extension to use MaterialX
2026-08-13T15:15:38Z [199ms] [Warning] [omni.platforminfo.plugin] failed to open the default display.  Can't verify X Server version.
2026-08-13T15:15:38Z [289ms] [Warning] [carb] Acquiring non optional plugin interface which is not listed as dependency: [omni::physx::IPhysxBenchmarks v1.0] (plugin: <default plugin>), by client: omni.physics.physx.plugin. Add it to CARB_PLUGIN_IMPL_DEPS() macro of a client.
2026-08-13T15:15:38Z [293ms] [Warning] [omni.isaac.dynamic_control] omni.isaac.dynamic_control is deprecated as of Isaac Sim 4.5. No action is needed from end-users.
2026-08-13T15:15:40Z [1,795ms] [Warning] [gpu.foundation.plugin] Skipping unsupported non-NVIDIA GPU: AMD Ryzen 7 9700X 8-Core Processor (RADV RAPHAEL_MENDOCINO)
2026-08-13T15:15:40Z [1,795ms] [Warning] [gpu.foundation.plugin] Skipping unsupported non-NVIDIA GPU: AMD Ryzen 7 9700X 8-Core Processor (RADV RAPHAEL_MENDOCINO)

|---------------------------------------------------------------------------------------------|
| Driver Version: 580.126.09    | Graphics API: Vulkan
|=============================================================================================|
| GPU | Name                             | Active | LDA | GPU Memory | Vendor-ID | LUID       |
|     |                                  |        |     |            | Device-ID | UUID       |
|     |                                  |        |     |            | Bus-ID    |            |
|---------------------------------------------------------------------------------------------|
| 0   | NVIDIA GeForce RTX 5070 Ti       | Yes: 0 |     | 16303   MB | 10de      | 0          |
|     |                                  |        |     |            | 2c05      | 9a0eb7bb.. |
|     |                                  |        |     |            | 1         |            |
|---------------------------------------------------------------------------------------------|
| 1   | AMD Ryzen 7 9700X 8-Core Proce.. |        |     | 10720   MB | 1002      | 0          |
|     |                                  |        |     |            | 13c0      | 00000000.. |
|     |                                  |        |     |            | 11        |            |
|=============================================================================================|
| OS: 24.04.3 LTS (Noble Numbat) ubuntu, Version: 24.04.3, Kernel: 6.17.0-22-generic
| Processor: AMD Ryzen 7 9700X 8-Core Processor
| Cores: 8 | Logical Cores: 16
|---------------------------------------------------------------------------------------------|
| Total Memory (MB): 31137 | Free Memory: 27186
| Total Page/Swap (MB): 69497 | Free Page/Swap: 69497
|---------------------------------------------------------------------------------------------|
2026-08-13T15:15:40Z [1,961ms] [Warning] [gpu.foundation.plugin] IOMMU is enabled.
2026-08-13T15:15:40Z [1,961ms] [Warning] [gpu.foundation.plugin] Detected IOMMU is enabled. Running CUDA peer-to-peer bandwidth and latency validation.
Unidirectional P2P=Enabled Bandwidth (P2P Writes) Matrix (GB/s)
   D\D     0 
     0 764.81 
P2P=Enabled Latency (P2P Writes) Matrix (us)
   GPU     0 
     0   2.07 

   CPU     0 
     0   1.66 
2026-08-13T15:15:41Z [2,999ms] [Warning] [carb.windowing-glfw.plugin] GLFW initialization failed.
2026-08-13T15:15:41Z [2,999ms] [Warning] [carb] Failed to startup plugin carb.windowing-glfw.plugin (interfaces: [carb::windowing::IGLContext v1.0],[carb::windowing::IWindowing v1.5]) (impl: carb.windowing-glfw.plugin)
2026-08-13T15:15:41Z [3,029ms] [Warning] [gpu.foundation.plugin] Skipping unsupported non-NVIDIA GPU: AMD Ryzen 7 9700X 8-Core Processor (RADV RAPHAEL_MENDOCINO)
2026-08-13T15:15:41Z [3,029ms] [Warning] [gpu.foundation.plugin] Skipping unsupported non-NVIDIA GPU: AMD Ryzen 7 9700X 8-Core Processor (RADV RAPHAEL_MENDOCINO)

|---------------------------------------------------------------------------------------------|
| Driver Version: 580.126.09    | Graphics API: Vulkan
|=============================================================================================|
| GPU | Name                             | Active | LDA | GPU Memory | Vendor-ID | LUID       |
|     |                                  |        |     |            | Device-ID | UUID       |
|     |                                  |        |     |            | Bus-ID    |            |
|---------------------------------------------------------------------------------------------|
| 0   | NVIDIA GeForce RTX 5070 Ti       | Yes: 0 |     | 16303   MB | 10de      | 0          |
|     |                                  |        |     |            | 2c05      | 9a0eb7bb.. |
|     |                                  |        |     |            | 1         |            |
|---------------------------------------------------------------------------------------------|
| 1   | AMD Ryzen 7 9700X 8-Core Proce.. |        |     | 10720   MB | 1002      | 0          |
|     |                                  |        |     |            | 13c0      | 00000000.. |
|     |                                  |        |     |            | 11        |            |
|=============================================================================================|
| OS: 24.04.3 LTS (Noble Numbat) ubuntu, Version: 24.04.3, Kernel: 6.17.0-22-generic
| Processor: AMD Ryzen 7 9700X 8-Core Processor
| Cores: 8 | Logical Cores: 16
|---------------------------------------------------------------------------------------------|
| Total Memory (MB): 31137 | Free Memory: 26863
| Total Page/Swap (MB): 69497 | Free Page/Swap: 69497
|---------------------------------------------------------------------------------------------|
Unidirectional P2P=Enabled Bandwidth (P2P Writes) Matrix (GB/s)
   D\D     0 
     0 697.86 
P2P=Enabled Latency (P2P Writes) Matrix (us)
   GPU     0 
     0   2.15 

   CPU     0 
     0   1.62 
2026-08-13T15:15:41Z [3,227ms] [Warning] [gpu.foundation.plugin] IOMMU is enabled.
2026-08-13T15:15:41Z [3,227ms] [Warning] [gpu.foundation.plugin] Detected IOMMU is enabled. Running CUDA peer-to-peer bandwidth and latency validation.
Unidirectional P2P=Enabled Bandwidth (P2P Writes) Matrix (GB/s)
   D\D     0 
     0 627.33 
P2P=Enabled Latency (P2P Writes) Matrix (us)
   GPU     0 
     0   2.06 

   CPU     0 
     0   1.60 
2026-08-13T15:15:41Z [3,342ms] [Warning] [carb.windowing-glfw.plugin] GLFW initialization failed.
2026-08-13T15:15:41Z [3,343ms] [Warning] [carb] Failed to startup plugin carb.windowing-glfw.plugin (interfaces: [carb::windowing::IGLContext v1.0],[carb::windowing::IWindowing v1.5]) (impl: carb.windowing-glfw.plugin)
2026-08-13T15:15:41Z [3,353ms] [Warning] [carb.windowing-glfw.plugin] GLFW initialization failed.
2026-08-13T15:15:41Z [3,353ms] [Warning] [carb] Failed to startup plugin carb.windowing-glfw.plugin (interfaces: [carb::windowing::IGLContext v1.0],[carb::windowing::IWindowing v1.5]) (impl: carb.windowing-glfw.plugin)
2026-08-13T15:15:41Z [3,357ms] [Warning] [carb.windowing-glfw.plugin] GLFW initialization failed.
2026-08-13T15:15:41Z [3,357ms] [Warning] [carb] Failed to startup plugin carb.windowing-glfw.plugin (interfaces: [carb::windowing::IGLContext v1.0],[carb::windowing::IWindowing v1.5]) (impl: carb.windowing-glfw.plugin)
2026-08-13T15:15:41Z [3,361ms] [Warning] [carb.windowing-glfw.plugin] GLFW initialization failed.
2026-08-13T15:15:41Z [3,361ms] [Warning] [carb] Failed to startup plugin carb.windowing-glfw.plugin (interfaces: [carb::windowing::IGLContext v1.0],[carb::windowing::IWindowing v1.5]) (impl: carb.windowing-glfw.plugin)
2026-08-13T15:15:41Z [3,362ms] [Warning] [carb.windowing-glfw.plugin] GLFW initialization failed.
2026-08-13T15:15:41Z [3,362ms] [Warning] [carb] Failed to startup plugin carb.windowing-glfw.plugin (interfaces: [carb::windowing::IGLContext v1.0],[carb::windowing::IWindowing v1.5]) (impl: carb.windowing-glfw.plugin)
2026-08-13T15:15:41Z [3,363ms] [Warning] [carb.windowing-glfw.plugin] GLFW initialization failed.
/home/sun/machine-dog-nav-runs/2026-08-13_scan_foxy_isaac/source/locomotion_v12/runtime_20260718_recovered/source/rsl_rl/rsl_rl/utils/utils.py:280: UserWarning: The observation configuration dictionary 'obs_groups' must contain the 'policy' key. As an observation group with the name 'policy' was found, this is assumed to be the observation set. Consider adding the 'policy' key to the 'obs_groups' dictionary for clarity. This behavior will be removed in a future version.
  warnings.warn(
/home/sun/machine-dog-nav-runs/2026-08-13_scan_foxy_isaac/source/locomotion_v12/runtime_20260718_recovered/source/rsl_rl/rsl_rl/utils/utils.py:318: UserWarning: The observation configuration dictionary 'obs_groups' must contain the 'critic' key. As an observation group with the name 'critic' was found, this is assumed to be the observation set. Consider adding the 'critic' key to the 'obs_groups' dictionary for clarity. This behavior will be removed in a future version.
  warnings.warn(
[INFO][AppLauncher]: Using device: cuda:0
[INFO][AppLauncher]: Loading experience file: /home/sun/ssh/sun/IsaacLab/apps/isaaclab.python.headless.kit
[INFO]: Parsing configuration from: robot_lab.tasks.lite3.env_cfg:Lite3EnvCfg
[INFO]: Parsing configuration from: robot_lab.tasks.lite3.rsl_rl_cfg:Lite3MoECTSRunnerCfg

[36m======================================================================================[0m
[36m[1m[INFO][IsaacLab]: Logging to file: /tmp/isaaclab/logs/isaaclab_2026-08-13_11-15-41.log[0m
[36m======================================================================================[0m

[INFO]: Base environment:
	Environment device    : cuda:0
	Environment seed      : 42
	Physics step-size     : 0.005
	Rendering step-size   : 0.02
	Environment step-size : 0.02
[INFO] Generating terrains randomly took : 0.000950 seconds
[INFO]: Time taken for scene creation : 1.214092 seconds
[INFO]: Scene manager:  <class InteractiveScene>
	Number of environments: 1
	Environment spacing   : 0.5
	Source prim name      : /World/envs/env_0
	Global prim paths     : ['/World/ground']
	Replicate physics     : True
[INFO]: Starting the simulation. This may take a few seconds. Please wait...
[INFO]: Time taken for simulation start : 0.336407 seconds
[INFO] Command Manager:  <CommandManager> contains 1 active terms.
+-----------------------------------------+
|           Active Command Terms          |
+-------+---------------+-----------------+
| Index | Name          |       Type      |
+-------+---------------+-----------------+
|   0   | base_velocity | Go2RLGymCommand |
+-------+---------------+-----------------+

[INFO] Event Manager:  <EventManager> contains 1 active terms.
+-------------------------------------+
| Active Event Terms in Mode: 'reset' |
+---------+---------------------------+
|  Index  | Name                      |
+---------+---------------------------+
|    0    | reset_robot_joints        |
|    1    | reset_base                |
+---------+---------------------------+

[INFO] Recorder Manager:  <RecorderManager> contains 0 active terms.
+---------------------+
| Active Recorder Terms |
+-----------+---------+
|   Index   | Name    |
+-----------+---------+
+-----------+---------+

[INFO] Action Manager:  <ActionManager> contains 1 active terms.
+------------------------------------+
|  Active Action Terms (shape: 12)   |
+--------+-------------+-------------+
| Index  | Name        |   Dimension |
+--------+-------------+-------------+
|   0    | joint_pos   |          12 |
+--------+-------------+-------------+

[INFO] Observation Manager: <ObservationManager> contains 3 groups.
+----------------------------------------------------------+
| Active Observation Terms in Group: 'policy' (shape: (450,)) |
+-----------+--------------------------------+-------------+
|   Index   | Name                           |    Shape    |
+-----------+--------------------------------+-------------+
|     0     | base_ang_vel                   |    (30,)    |
|     1     | projected_gravity              |    (30,)    |
|     2     | velocity_commands              |    (30,)    |
|     3     | joint_pos                      |    (120,)   |
|     4     | joint_vel                      |    (120,)   |
|     5     | actions                        |    (120,)   |
+-----------+--------------------------------+-------------+
+----------------------------------------------------------+
| Active Observation Terms in Group: 'critic' (shape: (275,)) |
+-----------+--------------------------------+-------------+
|   Index   | Name                           |    Shape    |
+-----------+--------------------------------+-------------+
|     0     | base_lin_vel                   |     (3,)    |
|     1     | base_ang_vel                   |     (3,)    |
|     2     | projected_gravity              |     (3,)    |
|     3     | velocity_commands              |     (3,)    |
|     4     | joint_pos                      |    (12,)    |
|     5     | joint_vel                      |    (12,)    |
|     6     | actions                        |    (12,)    |
|     7     | joint_acc                      |    (12,)    |
|     8     | joint_torque                   |    (12,)    |
|     9     | contact_force                  |    (16,)    |
|     10    | height_scan                    |    (187,)   |
+-----------+--------------------------------+-------------+
+-------------------------------------------------------------+
| Active Observation Terms in Group: 'single_obs' (shape: (45,)) |
+------------+-----------------------------------+------------+
|   Index    | Name                              |   Shape    |
+------------+-----------------------------------+------------+
|     0      | base_ang_vel                      |    (3,)    |
|     1      | projected_gravity                 |    (3,)    |
|     2      | velocity_commands                 |    (3,)    |
|     3      | joint_pos                         |   (12,)    |
|     4      | joint_vel                         |   (12,)    |
|     5      | actions                           |   (12,)    |
+------------+-----------------------------------+------------+

[INFO] Termination Manager:  <TerminationManager> contains 2 active terms.
+------------------------------------+
|      Active Termination Terms      |
+-------+-----------------+----------+
| Index | Name            | Time Out |
+-------+-----------------+----------+
|   0   | time_out        |   True   |
|   1   | illegal_contact |  False   |
+-------+-----------------+----------+

[INFO] Reward Manager:  <RewardManager> contains 15 active terms.
+----------------------------------------+
|          Active Reward Terms           |
+-------+----------------------+---------+
| Index | Name                 |  Weight |
+-------+----------------------+---------+
|   0   | track_lin_vel_xy_exp |     2.0 |
|   1   | track_ang_vel_z_exp  |     1.0 |
|   2   | lin_vel_z_l2         |    -2.0 |
|   3   | ang_vel_xy_l2        |   -0.05 |
|   4   | joint_acc_l2         |  -1e-07 |
|   5   | joint_power          |  -2e-05 |
|   6   | joint_torques_l2     | -0.0001 |
|   7   | base_height_l2       |    -1.0 |
|   8   | action_rate_l2       |   -0.01 |
|   9   | action_smoothness_l2 |   -0.01 |
|   10  | undesired_contacts   |    -1.0 |
|   11  | joint_pos_limits     |    -2.0 |
|   12  | feet_regulation      |   -0.05 |
|   13  | hip_pos_penalty_l1   |   -0.05 |
|   14  | joint_pos_penalty_l1 |   -0.01 |
+-------+----------------------+---------+

[INFO] Curriculum Manager:  <CurriculumManager> contains 0 active terms.
+----------------------+
| Active Curriculum Terms |
+-----------+----------+
|   Index   | Name     |
+-----------+----------+
+-----------+----------+

[Go2Env-INFO] Overriding action manager with ActionManagerGo2:  <ActionManager> contains 1 active terms.
+------------------------------------+
|  Active Action Terms (shape: 12)   |
+--------+-------------+-------------+
| Index  | Name        |   Dimension |
+--------+-------------+-------------+
|   0    | joint_pos   |          12 |
+--------+-------------+-------------+

[INFO]: Completed setting up the environment...
--------------------------------------------------------------------------------
Resolved observation sets: 
	 policy :  ['policy']
	 critic :  ['critic']
--------------------------------------------------------------------------------
Teacher Encoder: Sequential(
  (0): MLP(
    (network): Sequential(
      (0): Linear(in_features=275, out_features=512, bias=True)
      (1): ELU(alpha=1.0)
      (2): Linear(in_features=512, out_features=256, bias=True)
      (3): ELU(alpha=1.0)
      (4): Linear(in_features=256, out_features=32, bias=True)
    )
  )
  (1): L2Norm()
)
Student MoE Encoder: StudentMoEEncoder(
  (norm_layer): L2Norm()
  (moe): MoE(
    (experts): Experts(
      (backbone): MLP(
        (network): Sequential(
          (0): Linear(in_features=450, out_features=512, bias=True)
          (1): ELU(alpha=1.0)
          (2): Linear(in_features=512, out_features=256, bias=True)
          (3): ELU(alpha=1.0)
          (4): Linear(in_features=256, out_features=2048, bias=True)
          (5): ELU(alpha=1.0)
        )
      )
      (experts): Conv1d(2048, 256, kernel_size=(1,), stride=(1,), groups=8)
    )
    (gating_network): Sequential(
      (0): MLP(
        (network): Sequential(
          (0): Linear(in_features=450, out_features=512, bias=True)
          (1): ELU(alpha=1.0)
          (2): Linear(in_features=512, out_features=256, bias=True)
          (3): ELU(alpha=1.0)
          (4): Linear(in_features=256, out_features=256, bias=True)
          (5): ELU(alpha=1.0)
          (6): Linear(in_features=256, out_features=8, bias=True)
        )
      )
      (1): Softmax(dim=-1)
    )
  )
)
Actor MLP: MLP(
  (network): Sequential(
    (0): Linear(in_features=77, out_features=512, bias=True)
    (1): ELU(alpha=1.0)
    (2): Linear(in_features=512, out_features=256, bias=True)
    (3): ELU(alpha=1.0)
    (4): Linear(in_features=256, out_features=128, bias=True)
    (5): ELU(alpha=1.0)
    (6): Linear(in_features=128, out_features=12, bias=True)
  )
)
Critic MLP: MLP(
  (network): Sequential(
    (0): Linear(in_features=307, out_features=512, bias=True)
    (1): ELU(alpha=1.0)
    (2): Linear(in_features=512, out_features=256, bias=True)
    (3): ELU(alpha=1.0)
    (4): Linear(in_features=256, out_features=128, bias=True)
    (5): ELU(alpha=1.0)
    (6): Linear(in_features=128, out_features=1, bias=True)
  )
)
{"status": "PASS", "output_dir": "/home/sun/machine-dog-nav-runs/2026-08-13_scan_foxy_isaac/results/v12_sensor_qualification_attempt01"}
2026-08-13T15:15:41Z [3,363ms] [Warning] [carb] Failed to startup plugin carb.windowing-glfw.plugin (interfaces: [carb::windowing::IGLContext v1.0],[carb::windowing::IWindowing v1.5]) (impl: carb.windowing-glfw.plugin)
2026-08-13T15:15:42Z [3,689ms] [Warning] [omni.graph.visualization.nodes._impl.extension] No Viewport Window to add omni.graph.visualization.nodes-2.1.3 scene to
