Starting kit application with the following args:  ['/home/sun/miniconda3/envs/isaaclab/lib/python3.11/site-packages/isaacsim/exts/isaacsim.simulation_app/isaacsim/simulation_app/simulation_app.py', '/home/sun/miniconda3/envs/isaaclab/lib/python3.11/site-packages/isaacsim/apps/isaacsim.exp.base.python.kit', '--/app/tokens/exe-path=/home/sun/miniconda3/envs/isaaclab/lib/python3.11/site-packages/isaacsim/kit', '--/persistent/app/viewport/displayOptions=3094', '--/rtx/materialDb/syncLoads=True', '--/rtx/hydra/materialSyncLoads=True', '--/omni.kit.plugin/syncUsdLoads=True', '--/app/renderer/resolution/width=1280', '--/app/renderer/resolution/height=720', '--/app/window/width=1440', '--/app/window/height=900', '--/renderer/multiGpu/enabled=True', '--/app/fastShutdown=True', '--/app/installSignalHandlers=0', '--ext-folder', '/home/sun/miniconda3/envs/isaaclab/lib/python3.11/site-packages/isaacsim/exts', '--ext-folder', '/home/sun/miniconda3/envs/isaaclab/lib/python3.11/site-packages/isaacsim/apps', '--/physics/cudaDevice=0', '--/plugins/carb.tasking.plugin/threadCount=16', '--/plugins/omni.tbb.globalcontrol/maxThreadCount=16', '--portable', '--no-window', '--/app/window/hideUi=1']
Passing the following args to the base kit application:  ['--output', '/home/sun/machine-dog-nav-runs/2026-08-14_scan_forest_v8_human/results/v8_official_scan_no_contact_preflight02/official_human_retarget_cache.npz', '--manifest', '/home/sun/machine-dog-nav-runs/2026-08-14_scan_forest_v8_human/results/v8_official_scan_no_contact_preflight02/official_human_retarget_cache.json']
[Info] [carb] Logging to file: /home/sun/miniconda3/envs/isaaclab/lib/python3.11/site-packages/isaacsim/kit/logs/Kit/Isaac-Sim Python/5.1/kit_20260815_064232.log
[0.023s] [ext: omni.kit.async_engine-0.0.3] startup
[0.068s] [ext: omni.metrics.core-0.0.3] startup
[0.068s] [ext: omni.client.lib-1.1.0] startup
[0.075s] [ext: omni.blobkey-1.1.2] startup
[0.075s] [ext: omni.stats-1.0.1] startup
[0.075s] [ext: omni.datastore-0.0.0] startup
[0.078s] [ext: omni.client-1.3.0] startup
[0.080s] [ext: omni.ujitso.default-1.0.0] startup
[0.081s] [ext: omni.hsscclient-1.1.2] startup
[0.085s] [ext: omni.gpu_foundation.shadercache.vulkan-1.0.0] startup
[0.086s] [ext: omni.assets.plugins-0.0.0] startup
[0.086s] [ext: omni.gpu_foundation-0.0.0] startup
[0.090s] [ext: carb.windowing.plugins-1.0.0] startup
2026-08-15T10:42:33Z [84ms] [Warning] [carb.windowing-glfw.plugin] GLFW initialization failed.
2026-08-15T10:42:33Z [84ms] [Warning] [carb] Failed to startup plugin carb.windowing-glfw.plugin (interfaces: [carb::windowing::IGLContext v1.0],[carb::windowing::IWindowing v1.5]) (impl: carb.windowing-glfw.plugin)
[0.091s] [ext: omni.kit.renderer.init-0.0.0] startup
2026-08-15T10:42:33Z [89ms] [Warning] [omni.platforminfo.plugin] failed to open the default display.  Can't verify X Server version.
2026-08-15T10:42:33Z [306ms] [Warning] [gpu.foundation.plugin] Skipping unsupported non-NVIDIA GPU: AMD Ryzen 7 9700X 8-Core Processor (RADV RAPHAEL_MENDOCINO)
2026-08-15T10:42:33Z [306ms] [Warning] [gpu.foundation.plugin] Skipping unsupported non-NVIDIA GPU: AMD Ryzen 7 9700X 8-Core Processor (RADV RAPHAEL_MENDOCINO)

|---------------------------------------------------------------------------------------------|
| Driver Version: 580.126.09    | Graphics API: Vulkan
|=============================================================================================|
| GPU | Name                             | Active | LDA | GPU Memory | Vendor-ID | LUID       |
|     |                                  |        |     |            | Device-ID | UUID       |
|     |                                  |        |     |            | Bus-ID    |            |
|---------------------------------------------------------------------------------------------|
| 0   | NVIDIA GeForce RTX 5070 Ti       | Yes: 0 |     | 16303   MB | 10de      | 0          |
|     |                                  |        |     |            | 2c05      | 9a0eb7bb.. |
|     |                                  |        |     |            | 1         |            |
|---------------------------------------------------------------------------------------------|
| 1   | AMD Ryzen 7 9700X 8-Core Proce.. |        |     | 10720   MB | 1002      | 0          |
|     |                                  |        |     |            | 13c0      | 00000000.. |
|     |                                  |        |     |            | 11        |            |
|=============================================================================================|
| OS: 24.04.3 LTS (Noble Numbat) ubuntu, Version: 24.04.3, Kernel: 6.17.0-22-generic
| Processor: AMD Ryzen 7 9700X 8-Core Processor
| Cores: 8 | Logical Cores: 16
|---------------------------------------------------------------------------------------------|
| Total Memory (MB): 31137 | Free Memory: 27875
| Total Page/Swap (MB): 69497 | Free Page/Swap: 69497
|---------------------------------------------------------------------------------------------|
2026-08-15T10:42:33Z [531ms] [Warning] [gpu.foundation.plugin] IOMMU is enabled.
2026-08-15T10:42:33Z [532ms] [Warning] [gpu.foundation.plugin] Detected IOMMU is enabled. Running CUDA peer-to-peer bandwidth and latency validation.
Unidirectional P2P=Enabled Bandwidth (P2P Writes) Matrix (GB/s)
   D\D     0 
     0 759.97 
P2P=Enabled Latency (P2P Writes) Matrix (us)
   GPU     0 
     0   2.07 

   CPU     0 
     0   1.65 
[0.613s] [ext: omni.materialx.libs-1.0.7] startup
[0.618s] [ext: omni.kit.telemetry-0.5.2] startup
[0.631s] [ext: omni.usd.config-1.0.6] startup
[0.633s] [ext: omni.gpucompute.plugins-0.0.0] startup
[0.634s] [ext: omni.usd.libs-1.0.1] startup
[0.680s] [ext: omni.kit.loop-isaac-1.3.7] startup
[0.681s] [ext: omni.kit.test-2.0.1] startup
[0.706s] [ext: omni.mdl-56.0.3] startup
[0.747s] [ext: omni.iray.libs-0.0.0] startup
[0.750s] [ext: omni.mdl.neuraylib-0.2.12] startup
[0.751s] [ext: omni.kit.usd.mdl-1.1.5] startup
[0.807s] [ext: omni.kit.pipapi-0.0.0] startup
[0.808s] [ext: omni.appwindow-1.1.10] startup
2026-08-15T10:42:33Z [802ms] [Warning] [carb.windowing-glfw.plugin] GLFW initialization failed.
2026-08-15T10:42:33Z [802ms] [Warning] [carb] Failed to startup plugin carb.windowing-glfw.plugin (interfaces: [carb::windowing::IGLContext v1.0],[carb::windowing::IWindowing v1.5]) (impl: carb.windowing-glfw.plugin)
[0.809s] [ext: omni.kit.renderer.core-1.1.0] startup
2026-08-15T10:42:33Z [812ms] [Warning] [carb.windowing-glfw.plugin] GLFW initialization failed.
2026-08-15T10:42:33Z [812ms] [Warning] [carb] Failed to startup plugin carb.windowing-glfw.plugin (interfaces: [carb::windowing::IGLContext v1.0],[carb::windowing::IWindowing v1.5]) (impl: carb.windowing-glfw.plugin)
2026-08-15T10:42:33Z [815ms] [Warning] [carb.windowing-glfw.plugin] GLFW initialization failed.
2026-08-15T10:42:33Z [815ms] [Warning] [carb] Failed to startup plugin carb.windowing-glfw.plugin (interfaces: [carb::windowing::IGLContext v1.0],[carb::windowing::IWindowing v1.5]) (impl: carb.windowing-glfw.plugin)
[0.823s] [ext: omni.kit.renderer.capture-0.0.0] startup
[0.824s] [ext: omni.kit.renderer.imgui-2.0.5] startup
2026-08-15T10:42:33Z [819ms] [Warning] [carb.windowing-glfw.plugin] GLFW initialization failed.
2026-08-15T10:42:33Z [819ms] [Warning] [carb] Failed to startup plugin carb.windowing-glfw.plugin (interfaces: [carb::windowing::IGLContext v1.0],[carb::windowing::IWindowing v1.5]) (impl: carb.windowing-glfw.plugin)
2026-08-15T10:42:33Z [819ms] [Warning] [carb.windowing-glfw.plugin] GLFW initialization failed.
2026-08-15T10:42:33Z [819ms] [Warning] [carb] Failed to startup plugin carb.windowing-glfw.plugin (interfaces: [carb::windowing::IGLContext v1.0],[carb::windowing::IWindowing v1.5]) (impl: carb.windowing-glfw.plugin)
2026-08-15T10:42:33Z [820ms] [Warning] [carb.windowing-glfw.plugin] GLFW initialization failed.
2026-08-15T10:42:33Z [820ms] [Warning] [carb] Failed to startup plugin carb.windowing-glfw.plugin (interfaces: [carb::windowing::IGLContext v1.0],[carb::windowing::IWindowing v1.5]) (impl: carb.windowing-glfw.plugin)
[0.854s] [ext: omni.ui-2.27.1] startup
[0.859s] [ext: omni.kit.mainwindow-1.0.3] startup
[0.860s] [ext: carb.audio-0.1.0] startup
[0.862s] [ext: omni.uiaudio-1.0.0] startup
[0.862s] [ext: omni.kit.uiapp-0.0.0] startup
[0.862s] [ext: omni.usd.schema.metrics.assembler-107.3.1] startup
[0.863s] [ext: omni.usd.schema.physx-107.3.26] startup
[0.880s] [ext: omni.usd.schema.geospatial-0.0.0] startup
[0.881s] [ext: omni.usd.schema.audio-0.0.0] startup
[0.882s] [ext: omni.usd.schema.anim-0.0.0] startup
[0.892s] [ext: omni.usd.schema.flow-107.1.1] startup
[0.896s] [ext: omni.usd_resolver-1.0.0] startup
[0.898s] [ext: omni.usd.core-1.5.3] startup
[0.899s] [ext: omni.usd.schema.omni_sensors-0.0.0] startup
[0.907s] [ext: omni.usd.schema.semantics-0.0.0] startup
[0.908s] [ext: omni.usd.schema.omniscripting-1.0.0] startup
[0.912s] [ext: omni.usd.schema.omni_lens_distortion-0.0.0] startup
[0.913s] [ext: omni.usd.schema.omnigraph-1.0.0] startup
[0.916s] [ext: omni.kit.window.popup_dialog-2.0.24] startup
[0.917s] [ext: omni.graph.exec-0.9.6] startup
[0.918s] [ext: omni.kit.widget.nucleus_connector-2.0.1] startup
[0.919s] [ext: omni.kit.usd_undo-0.1.8] startup
[0.919s] [ext: omni.kit.exec.core-0.13.4] startup
[0.920s] [ext: omni.kit.actions.core-1.0.0] startup
[0.921s] [ext: omni.resourcemonitor-107.0.1] startup
[0.922s] [ext: omni.activity.core-1.0.3] startup
[0.922s] [ext: omni.timeline-1.0.14] startup
[0.923s] [ext: omni.kit.commands-1.4.10] startup
[0.925s] [ext: usdrt.scenegraph-7.6.1] startup
[0.943s] [ext: omni.kit.audiodeviceenum-1.0.2] startup
[0.944s] [ext: omni.hydra.usdrt_delegate-7.5.1] startup
[0.947s] [ext: omni.hydra.scene_delegate-0.3.4] startup
[0.949s] [ext: omni.usd-1.13.10] startup
[0.961s] [ext: omni.inspect-1.0.2] startup
[0.962s] [ext: omni.kit.notification_manager-1.0.10] startup
[0.962s] [ext: omni.graph.core-2.184.5] startup
[0.964s] [ext: isaacsim.core.deprecation_manager-0.2.7] startup
[0.964s] [ext: omni.anim.graph.schema-107.3.3] startup
[0.969s] [ext: omni.usd.schema.isaac-3.0.5] startup
[0.969s] [ext: omni.anim.navigation.schema-107.3.3] startup
[0.971s] [ext: omni.kit.asset_converter-5.0.17] startup
[0.977s] [ext: isaacsim.robot.schema-3.6.0] startup
[0.981s] [ext: omni.usd.schema.render_settings.rtx-0.0.0] startup
[0.982s] [ext: omni.kit.menu.core-1.1.2] startup
[0.982s] [ext: omni.kit.widget.path_field-2.0.11] startup
[0.983s] [ext: omni.kit.widget.context_menu-1.2.5] startup
[0.983s] [ext: omni.kit.widget.browser_bar-2.0.10] startup
[0.983s] [ext: omni.kit.clipboard-1.0.5] startup
[0.984s] [ext: omni.kit.numpy.common-0.1.3] startup
[0.984s] [ext: omni.kit.widget.options_menu-1.1.6] startup
[0.986s] [ext: omni.kit.helper.file_utils-0.1.9] startup
[0.986s] [ext: omni.ui.scene-1.11.5] startup
[0.988s] [ext: omni.kit.widget.options_button-1.0.3] startup
[0.989s] [ext: omni.kit.widget.filebrowser-2.12.3] startup
[0.991s] [ext: omni.kit.usd.layers-2.2.11] startup
[0.994s] [ext: omni.kit.window.filepicker-2.13.4] startup
[1.000s] [ext: omni.kit.hotkeys.core-1.3.10] startup
[1.002s] [ext: omni.kit.context_menu-1.8.6] startup
[1.003s] [ext: omni.kit.property.adapter.core-1.0.2] startup
[1.004s] [ext: omni.kit.window.file_exporter-1.0.33] startup
[1.004s] [ext: omni.kit.widget.searchfield-1.1.8] startup
[1.005s] [ext: omni.kit.widget.filter-1.1.4] startup
[1.005s] [ext: omni.kit.widget.graph-2.0.0] startup
[1.008s] [ext: omni.kit.widget.stage-3.1.4] startup
[1.012s] [ext: omni.kit.property.adapter.usd-1.0.2] startup
[1.013s] [ext: omni.kit.property.adapter.fabric-1.0.3] startup
[1.013s] [ext: omni.kit.graph.delegate.default-1.2.3] startup
[1.013s] [ext: omni.kit.window.file_importer-1.1.18] startup
[1.014s] [ext: omni.kit.stage_template.core-1.1.22] startup
[1.014s] [ext: omni.kit.menu.utils-2.0.5] startup
[1.016s] [ext: omni.kit.window.file-2.0.5] startup
[1.017s] [ext: omni.kit.widget.highlight_label-1.0.3] startup
[1.018s] [ext: omni.kit.window.drop_support-1.0.5] startup
[1.018s] [ext: omni.kit.window.content_browser_registry-0.0.6] startup
[1.018s] [ext: omni.kit.window.property-1.12.1] startup
[1.019s] [ext: omni.kit.window.content_browser-3.1.3] startup
[1.024s] [ext: isaacsim.core.version-2.0.6] startup
[1.024s] [ext: omni.kit.property.usd-4.5.12] startup
[1.029s] [ext: omni.kit.graph.editor.core-1.5.3] startup
[1.030s] [ext: omni.kit.material.library-2.0.7] startup
[1.032s] [ext: omni.kit.graph.usd.commands-1.3.1] startup
[1.032s] [ext: omni.kvdb-107.3.26] startup
[1.033s] [ext: omni.usdphysics-107.3.26] startup
[1.034s] [ext: omni.physx.foundation-107.3.26] startup
[1.035s] [ext: omni.localcache-107.3.26] startup
[1.035s] [ext: omni.convexdecomposition-107.3.26] startup
[1.037s] [ext: omni.physics-107.3.26] startup
[1.038s] [ext: omni.physx.cooking-107.3.26] startup
[1.039s] [ext: omni.physics.stageupdate-107.3.26] startup
[1.040s] [ext: omni.physx-107.3.26] startup
[1.045s] [ext: omni.index.libs-380600.8087.0] startup
[1.045s] [ext: omni.physics.physx-107.3.26] startup
2026-08-15T10:42:34Z [1,039ms] [Warning] [carb] Acquiring non optional plugin interface which is not listed as dependency: [omni::physx::IPhysxBenchmarks v1.0] (plugin: <default plugin>), by client: omni.physics.physx.plugin. Add it to CARB_PLUGIN_IMPL_DEPS() macro of a client.
[1.046s] [ext: omni.index-1.0.1] startup
[1.046s] [ext: omni.volume-0.5.2] startup
[1.047s] [ext: omni.ujitso.client-0.0.0] startup
[1.048s] [ext: omni.hydra.rtx.shadercache.vulkan-1.0.0] startup
[1.048s] [ext: omni.kit.widget.searchable_combobox-1.0.6] startup
[1.050s] [ext: omni.hydra.rtx-1.0.0] startup
2026-08-15T10:42:34Z [1,053ms] [Warning] [omni.log] Source: omni.hydra was already registered.
[1.067s] [ext: omni.kit.widget.settings-1.2.6] startup
[1.068s] [ext: omni.kit.hydra_texture-1.4.6] startup
[1.069s] [ext: omni.graph.tools-1.79.2] startup
[1.080s] [ext: omni.kit.window.preferences-1.8.0] startup
[1.082s] [ext: omni.kit.widget.material_preview-1.0.16] startup
[1.083s] [ext: omni.graph-1.141.2] startup
[1.101s] [ext: omni.kit.window.material_graph-1.9.1] startup
[1.106s] [ext: omni.isaac.dynamic_control-2.0.7] startup
2026-08-15T10:42:34Z [1,102ms] [Warning] [omni.isaac.dynamic_control] omni.isaac.dynamic_control is deprecated as of Isaac Sim 4.5. No action is needed from end-users.
[1.108s] [ext: isaacsim.storage.native-1.5.1] startup
[1.110s] [ext: omni.graph.scriptnode-1.50.0] startup
[1.111s] [ext: omni.hydra.engine.stats-1.0.3] startup
[1.113s] [ext: omni.kit.viewport.legacy_gizmos-1.0.19] startup
[1.116s] [ext: omni.kit.raycast.query-1.1.0] startup
[1.120s] [ext: omni.graph.action_core-1.1.7] startup
[1.122s] [ext: omni.kit.viewport.scene_camera_model-1.0.6] startup
[1.125s] [ext: omni.graph.image.core-0.6.1] startup
[1.126s] [ext: omni.kit.widget.viewport-107.1.3] startup
[1.128s] [ext: omni.kit.viewport.registry-104.0.6] startup
[1.128s] [ext: omni.usd.metrics.assembler-107.3.1] startup
[1.130s] [ext: omni.kit.viewport.window-107.2.0] startup
[1.139s] [ext: omni.kit.viewport.menubar.core-107.2.1] startup
[1.152s] [ext: omni.graph.image.nodes-1.3.1] startup
[1.153s] [ext: omni.usd.metrics.assembler.physics-107.3.26] startup
[1.154s] [ext: omni.warp.core-1.8.2] startup
[1.244s] [ext: omni.kit.viewport.utility-1.1.2] startup
[1.245s] [ext: omni.physics.tensors-107.3.26] startup
[1.248s] [ext: omni.syntheticdata-0.6.13] startup
[1.267s] [ext: isaacsim.test.docstring-1.1.0] startup
[1.275s] [ext: isaacsim.core.utils-3.5.1] startup
[1.277s] [ext: omni.physx.tensors-107.3.26] startup
[1.280s] [ext: omni.graph.nodes-1.170.10] startup
[1.285s] [ext: omni.graph.action_nodes-1.50.4] startup
[1.286s] [ext: omni.kit.primitive.mesh-1.0.17] startup
[1.289s] [ext: isaacsim.core.simulation_manager-1.4.4] startup
[2.036s] [ext: omni.graph.ui_nodes-1.50.5] startup
[2.039s] [ext: omni.graph.action-1.130.0] startup
[2.039s] [ext: omni.kit.stage_templates-2.0.0] startup
[2.042s] [ext: isaacsim.core.prims-0.6.1] startup
[2.056s] [ext: omni.warp-1.8.2] startup
[2.059s] [ext: omni.videoencoding-0.1.2] startup
[2.061s] [ext: isaacsim.core.api-4.8.0] startup
[2.082s] [ext: isaacsim.core.experimental.utils-0.3.0] startup
[2.095s] [ext: omni.replicator.core-1.12.27] startup
2026-08-15T10:42:35Z [2,099ms] [Warning] [pxr.Semantics] pxr.Semantics is deprecated - please use Semantics instead
Warp 1.8.2 initialized:
   CUDA Toolkit 12.8, Driver 13.0
   Devices:
     "cpu"      : "x86_64"
     "cuda:0"   : "NVIDIA GeForce RTX 5070 Ti" (15 GiB, sm_120, mempool enabled)
   Kernel cache:
     /home/sun/.cache/warp/1.8.2
2026-08-15T10:42:35Z [2,148ms] [Warning] [omni.graph.core.plugin] Found duplicate of category 'Replicator' - was 'Annotators', adding 'Fabric Reader'
2026-08-15T10:42:35Z [2,148ms] [Warning] [omni.graph.core.plugin] Category 'Replicator' not accepted on node type 'omni.replicator.core.FabricReader' in extension 'omni.replicator.core'
2026-08-15T10:42:35Z [2,149ms] [Warning] [omni.replicator.core.scripts.extension] No material configuration file, adding configuration to material settings directly.
[2.157s] [ext: isaacsim.core.experimental.prims-0.8.1] startup
[2.282s] [ext: omni.kit.window.extensions-1.4.27] startup
Warp DeprecationWarning: The `warp.sim` module is deprecated and will be removed in v1.10. Please transition to using the forthcoming Newton library instead.
[2.420s] [ext: isaacsim.core.experimental.objects-0.4.0] startup
[2.436s] [ext: omni.ui_query-1.1.8] startup
[2.439s] [ext: omni.kit.manipulator.viewport-107.0.1] startup
[2.441s] [ext: isaacsim.robot.surface_gripper-3.3.1] startup
[2.450s] [ext: omni.kit.ui_test-1.3.7] startup
[2.452s] [ext: omni.graph.visualization.nodes-2.1.3] startup
[2.468s] [ext: isaacsim.robot_motion.lula-4.0.8] startup
[2.477s] [ext: isaacsim.core.nodes-3.4.3] startup
[2.482s] [ext: isaacsim.gui.components-1.2.1] startup
[2.486s] [ext: isaacsim.robot_motion.motion_generation-8.0.26] startup
[2.501s] [ext: isaacsim.robot.manipulators-3.3.6] startup
[2.507s] [ext: isaacsim.core.experimental.materials-0.4.0] startup
[2.516s] [ext: isaacsim.robot.manipulators.examples-1.1.2] startup
[2.518s] [ext: isaacsim.cortex.framework-1.0.12] startup
[2.521s] [ext: isaacsim.cortex.behaviors-2.0.14] startup
[2.522s] [ext: omni.isaac.cortex.sample_behaviors-2.0.5] startup
2026-08-15T10:42:35Z [2,517ms] [Warning] [omni.isaac.cortex] omni.isaac.cortex has been deprecated in favor of isaacsim.cortex.framework. Please update your code accordingly.
2026-08-15T10:42:35Z [2,517ms] [Warning] [omni.isaac.cortex.sample_behaviors] omni.isaac.cortex.sample_behaviors has been deprecated in favor of isaacsim.cortex.behaviors. Please update your code accordingly.
[2.524s] [ext: omni.kit.widget.zoombar-1.0.6] startup
[2.525s] [ext: isaacsim.gui.content_browser-0.1.11] startup
[2.527s] [ext: omni.kit.browser.core-2.3.13] startup
[2.530s] [ext: omni.kit.widget.stage_icons-1.0.8] startup
[2.531s] [ext: omni.kit.widget.prompt-1.0.7] startup
[2.532s] [ext: omni.kit.usd.collect-2.4.5] startup
[2.533s] [ext: omni.kit.browser.folder.core-1.10.9] startup
[2.536s] [ext: omni.kit.window.stage-2.6.1] startup
[2.540s] [ext: omni.kit.usdz_export-1.0.9] startup
[2.541s] [ext: omni.kit.tool.collect-2.2.18] startup
[2.545s] [ext: omni.kit.menu.stage-1.2.7] startup
[2.546s] [ext: omni.kit.tool.asset_importer-4.3.2] startup
[2.548s] [ext: isaacsim.robot.wheeled_robots-4.0.24] startup
[2.558s] [ext: isaacsim.examples.browser-0.2.1] startup
[2.561s] [ext: isaacsim.asset.importer.urdf-2.4.30] startup
[2.610s] [ext: omni.isaac.wheeled_robots-3.0.7] startup
2026-08-15T10:42:35Z [2,605ms] [Warning] [omni.isaac.wheeled_robots] omni.isaac.wheeled_robots has been deprecated in favor of isaacsim.robot.wheeled_robots. Please update your code accordingly.
2026-08-15T10:42:35Z [2,606ms] [Warning] [omni.isaac.wheeled_robots.controllers] omni.isaac.wheeled_robots has been deprecated in favor of isaacsim.robot.wheeled_robots. Please update your code accordingly.
2026-08-15T10:42:35Z [2,608ms] [Warning] [omni.isaac.wheeled_robots.controllers.ackermann_controller] omni.isaac.wheeled_robots has been deprecated in favor of isaacsim.robot.wheeled_robots. Please update your code accordingly.
2026-08-15T10:42:35Z [2,608ms] [Warning] [omni.isaac.wheeled_robots.controllers.differential_controller] omni.isaac.wheeled_robots has been deprecated in favor of isaacsim.robot.wheeled_robots. Please update your code accordingly.
2026-08-15T10:42:35Z [2,608ms] [Warning] [omni.isaac.wheeled_robots.controllers.holonomic_controller] omni.isaac.wheeled_robots has been deprecated in favor of isaacsim.robot.wheeled_robots. Please update your code accordingly.
2026-08-15T10:42:35Z [2,608ms] [Warning] [omni.isaac.wheeled_robots.controllers.quintic_path_planner] omni.isaac.wheeled_robots has been deprecated in favor of isaacsim.robot.wheeled_robots. Please update your code accordingly.
2026-08-15T10:42:35Z [2,608ms] [Warning] [omni.isaac.wheeled_robots.controllers.stanley_control] omni.isaac.wheeled_robots has been deprecated in favor of isaacsim.robot.wheeled_robots. Please update your code accordingly.
2026-08-15T10:42:35Z [2,608ms] [Warning] [omni.isaac.wheeled_robots.controllers.wheel_base_pose_controller] omni.isaac.wheeled_robots has been deprecated in favor of isaacsim.robot.wheeled_robots. Please update your code accordingly.
2026-08-15T10:42:35Z [2,608ms] [Warning] [omni.isaac.wheeled_robots.impl] omni.isaac.wheeled_robots has been deprecated in favor of isaacsim.robot.wheeled_robots. Please update your code accordingly.
2026-08-15T10:42:35Z [2,608ms] [Warning] [omni.isaac.wheeled_robots.robots] omni.isaac.wheeled_robots has been deprecated in favor of isaacsim.robot.wheeled_robots. Please update your code accordingly.
2026-08-15T10:42:35Z [2,608ms] [Warning] [omni.isaac.wheeled_robots.robots.holonomic_robot_usd_setup] omni.isaac.wheeled_robots has been deprecated in favor of isaacsim.robot.wheeled_robots. Please update your code accordingly.
2026-08-15T10:42:35Z [2,608ms] [Warning] [omni.isaac.wheeled_robots.robots.wheeled_robot] omni.isaac.wheeled_robots has been deprecated in favor of isaacsim.robot.wheeled_robots. Please update your code accordingly.
[2.615s] [ext: isaacsim.simulation_app-2.12.2] startup
[2.616s] [ext: omni.isaac.franka-1.0.7] startup
2026-08-15T10:42:35Z [2,611ms] [Warning] [omni.isaac.franka] omni.isaac.franka has been deprecated in favor of isaacsim.robot.manipulators.examples.franka. Please update your code accordingly.
2026-08-15T10:42:35Z [2,611ms] [Warning] [omni.isaac.franka.franka] omni.isaac.franka has been deprecated in favor of isaacsim.robot.manipulators.examples.franka. Please update your code accordingly.
2026-08-15T10:42:35Z [2,623ms] [Warning] [omni.isaac.franka.kinematics_solver] omni.isaac.franka has been deprecated in favor of isaacsim.robot.manipulators.examples.franka. Please update your code accordingly.
[2.629s] [ext: omni.isaac.kit-2.0.6] startup
2026-08-15T10:42:35Z [2,624ms] [Warning] [omni.isaac.kit] omni.isaac.kit has been deprecated in favor of isaacsim.simulation_app. Please update your code accordingly.
[2.631s] [ext: omni.kit.selection-0.1.6] startup
[2.633s] [ext: omni.isaac.lula-4.0.6] startup
2026-08-15T10:42:35Z [2,627ms] [Warning] [omni.isaac.lula] omni.isaac.lula has been deprecated in favor of isaacsim.robot_motion.lula. Please update your code accordingly.
[2.634s] [ext: isaacsim.robot_motion.lula_test_widget-1.0.12] startup
[2.636s] [ext: isaacsim.asset.browser-1.3.23] startup
[2.704s] [ext: omni.kit.viewport.actions-107.0.2] startup
[2.709s] [ext: isaacsim.gui.menu-2.4.4] startup
[2.716s] [ext: omni.isaac.manipulators-3.0.7] startup
2026-08-15T10:42:35Z [2,712ms] [Warning] [omni.isaac.manipulators] omni.isaac.manipulators has been deprecated in favor of isaacsim.robot.manipulators. Please update your code accordingly.
2026-08-15T10:42:35Z [2,712ms] [Warning] [omni.isaac.manipulators.controllers] omni.isaac.manipulators has been deprecated in favor of isaacsim.robot.manipulators. Please update your code accordingly.
2026-08-15T10:42:35Z [2,713ms] [Warning] [omni.isaac.manipulators.controllers.pick_place_controller] omni.isaac.manipulators has been deprecated in favor of isaacsim.robot.manipulators. Please update your code accordingly.
2026-08-15T10:42:35Z [2,714ms] [Warning] [omni.isaac.manipulators.controllers.stacking_controller] omni.isaac.manipulators has been deprecated in favor of isaacsim.robot.manipulators. Please update your code accordingly.
2026-08-15T10:42:35Z [2,715ms] [Warning] [omni.isaac.manipulators.grippers] omni.isaac.manipulators has been deprecated in favor of isaacsim.robot.manipulators. Please update your code accordingly.
2026-08-15T10:42:35Z [2,715ms] [Warning] [omni.isaac.manipulators.grippers.gripper] omni.isaac.manipulators has been deprecated in favor of isaacsim.robot.manipulators. Please update your code accordingly.
2026-08-15T10:42:35Z [2,715ms] [Warning] [omni.isaac.manipulators.grippers.parallel_gripper] omni.isaac.manipulators has been deprecated in favor of isaacsim.robot.manipulators. Please update your code accordingly.
2026-08-15T10:42:35Z [2,715ms] [Warning] [omni.isaac.manipulators.grippers.surface_gripper] omni.isaac.manipulators has been deprecated in favor of isaacsim.robot.manipulators. Please update your code accordingly.
2026-08-15T10:42:35Z [2,715ms] [Warning] [omni.isaac.manipulators.manipulators] omni.isaac.manipulators has been deprecated in favor of isaacsim.robot.manipulators. Please update your code accordingly.
2026-08-15T10:42:35Z [2,715ms] [Warning] [omni.isaac.manipulators.manipulators.single_manipulator] omni.isaac.manipulators has been deprecated in favor of isaacsim.robot.manipulators. Please update your code accordingly.
[2.722s] [ext: omni.isaac.lula_test_widget-1.0.6] startup
2026-08-15T10:42:35Z [2,718ms] [Warning] [omni.isaac.lula_test_widget] omni.isaac.lula_test_widget has been deprecated in favor of isaacsim.robot_motion.lula_test_widget. Please update your code accordingly.
[2.724s] [ext: omni.isaac.asset_browser-1.0.6] startup
2026-08-15T10:42:35Z [2,719ms] [Warning] [omni.isaac.asset_browser] omni.isaac.asset_browser has been deprecated in favor of isaacsim.asset.browser. Please update your code accordingly.
[2.726s] [ext: omni.kit.viewport.menubar.display-107.0.3] startup
[2.729s] [ext: omni.isaac.menu-1.0.6] startup
2026-08-15T10:42:35Z [2,723ms] [Warning] [omni.isaac.menu] omni.isaac.menu has been deprecated in favor of isaacsim.gui.menu. Please update your code accordingly.
[2.730s] [ext: omni.isaac.motion_generation-8.0.7] startup
2026-08-15T10:42:35Z [2,725ms] [Warning] [omni.isaac.motion_generation] omni.isaac.motion_generation has been deprecated in favor of isaacsim.robot_motion.motion_generation. Please update your code accordingly.
2026-08-15T10:42:35Z [2,726ms] [Warning] [omni.isaac.motion_generation.articulation_kinematics_solver] omni.isaac.motion_generation has been deprecated in favor of isaacsim.robot_motion.motion_generation. Please update your code accordingly.
2026-08-15T10:42:35Z [2,727ms] [Warning] [omni.isaac.motion_generation.articulation_motion_policy] omni.isaac.motion_generation has been deprecated in favor of isaacsim.robot_motion.motion_generation. Please update your code accordingly.
2026-08-15T10:42:35Z [2,727ms] [Warning] [omni.isaac.motion_generation.articulation_trajectory] omni.isaac.motion_generation has been deprecated in favor of isaacsim.robot_motion.motion_generation. Please update your code accordingly.
2026-08-15T10:42:35Z [2,727ms] [Warning] [omni.isaac.motion_generation.kinematics_interface] omni.isaac.motion_generation has been deprecated in favor of isaacsim.robot_motion.motion_generation. Please update your code accordingly.
2026-08-15T10:42:35Z [2,727ms] [Warning] [omni.isaac.motion_generation.lula] omni.isaac.motion_generation has been deprecated in favor of isaacsim.robot_motion.motion_generation. Please update your code accordingly.
2026-08-15T10:42:35Z [2,727ms] [Warning] [omni.isaac.motion_generation.lula.kinematics] omni.isaac.motion_generation has been deprecated in favor of isaacsim.robot_motion.motion_generation. Please update your code accordingly.
2026-08-15T10:42:35Z [2,727ms] [Warning] [omni.isaac.motion_generation.lula.motion_policies] omni.isaac.motion_generation has been deprecated in favor of isaacsim.robot_motion.motion_generation. Please update your code accordingly.
2026-08-15T10:42:35Z [2,727ms] [Warning] [omni.isaac.motion_generation.lula.path_planners] omni.isaac.motion_generation has been deprecated in favor of isaacsim.robot_motion.motion_generation. Please update your code accordingly.
2026-08-15T10:42:35Z [2,727ms] [Warning] [omni.isaac.motion_generation.lula.trajectory_generator] omni.isaac.motion_generation has been deprecated in favor of isaacsim.robot_motion.motion_generation. Please update your code accordingly.
2026-08-15T10:42:35Z [2,727ms] [Warning] [omni.isaac.motion_generation.motion_policy_controller] omni.isaac.motion_generation has been deprecated in favor of isaacsim.robot_motion.motion_generation. Please update your code accordingly.
2026-08-15T10:42:35Z [2,727ms] [Warning] [omni.isaac.motion_generation.motion_policy_interface] omni.isaac.motion_generation has been deprecated in favor of isaacsim.robot_motion.motion_generation. Please update your code accordingly.
2026-08-15T10:42:35Z [2,728ms] [Warning] [omni.isaac.motion_generation.path_planner_visualizer] omni.isaac.motion_generation has been deprecated in favor of isaacsim.robot_motion.motion_generation. Please update your code accordingly.
2026-08-15T10:42:35Z [2,728ms] [Warning] [omni.isaac.motion_generation.path_planning_interface] omni.isaac.motion_generation has been deprecated in favor of isaacsim.robot_motion.motion_generation. Please update your code accordingly.
2026-08-15T10:42:35Z [2,728ms] [Warning] [omni.isaac.motion_generation.trajectory] omni.isaac.motion_generation has been deprecated in favor of isaacsim.robot_motion.motion_generation. Please update your code accordingly.
2026-08-15T10:42:35Z [2,728ms] [Warning] [omni.isaac.motion_generation.world_interface] omni.isaac.motion_generation has been deprecated in favor of isaacsim.robot_motion.motion_generation. Please update your code accordingly.
[2.735s] [ext: omni.isaac.assets_check-0.3.13] startup
2026-08-15T10:42:35Z [2,730ms] [Warning] [omni.isaac.assets_check] omni.isaac.assets_check has been deprecated in favor of isaacsim.asset.browser. Please update your code accordingly.
[2.736s] [ext: isaacsim.gui.sensors.icon-2.0.3] startup
[2.753s] [ext: isaacsim.asset.importer.mjcf-2.5.13] startup
[2.759s] [ext: omni.sensors.nv.common-3.0.0] startup
[2.764s] [ext: isaacsim.sensors.physics-0.4.3] startup
[2.781s] [ext: omni.sensors.net-1.0.0] startup
[2.783s] [ext: omni.isaac.nucleus-1.0.6] startup
2026-08-15T10:42:35Z [2,777ms] [Warning] [omni.isaac.nucleus] omni.isaac.nucleus has been deprecated in favor of isaacsim.storage.native. Please update your code accordingly.
2026-08-15T10:42:35Z [2,778ms] [Warning] [omni.isaac.nucleus.nucleus] omni.isaac.nucleus.nucleus has been deprecated in favor of isaacsim.storage.native. Please update your code accordingly.
[2.784s] [ext: omni.sensors.nv.materials-2.0.0] startup
[2.787s] [ext: isaacsim.robot.policy.examples-4.1.11] startup
[2.789s] [ext: omni.sensors.nv.wpm-3.0.0] startup
[2.791s] [ext: omni.sensors.nv.lidar-3.0.0] startup
[2.794s] [ext: isaacsim.util.debug_draw-3.1.0] startup
[2.797s] [ext: omni.sensors.nv.radar-3.0.0] startup
[2.798s] [ext: omni.sensors.nv.ids-2.0.0] startup
[2.799s] [ext: isaacsim.core.cloner-1.4.10] startup
[2.800s] [ext: isaacsim.sensors.physx-2.3.2] startup
[2.804s] [ext: isaacsim.sensors.rtx-15.8.4] startup
[2.809s] [ext: isaacsim.sensors.camera-1.3.6] startup
[2.818s] [ext: omni.isaac.quadruped-3.0.7] startup
2026-08-15T10:42:35Z [2,813ms] [Warning] [omni.isaac.quadruped] omni.isaac.quadruped has been deprecated in favor of isaacsim.robot.policy.examples. Please update your code accordingly.
[2.820s] [ext: omni.isaac.cloner-1.0.7] startup
2026-08-15T10:42:35Z [2,815ms] [Warning] [omni.isaac.cloner] omni.isaac.cloner has been deprecated in favor of isaacsim.core.cloner. Please update your code accordingly.
[2.822s] [ext: omni.isaac.range_sensor-4.0.6] startup
2026-08-15T10:42:35Z [2,817ms] [Warning] [omni.isaac.range_sensor] omni.isaac.range_sensor has been deprecated in favor of isaacsim.sensors.physx. Please update your code accordingly.
2026-08-15T10:42:35Z [2,817ms] [Warning] [omni.isaac.range_sensor.commands] omni.isaac.range_sensor.commands has been deprecated in favor of isaacsim.sensors.physx.commands. Please update your code accordingly.
[2.824s] [ext: omni.isaac.sensor-13.0.7] startup
2026-08-15T10:42:35Z [2,819ms] [Warning] [omni.isaac.sensor] omni.isaac.sensor has been deprecated in favor of isaacsim.sensors.camera, isaacsim.sensors.physics, isaacsim.sensors.physx, and isaacsim.sensors.rtx. Please update your code accordingly.
2026-08-15T10:42:35Z [2,819ms] [Warning] [omni.isaac.sensor.camera] omni.isaac.sensor.camera has been deprecated in favor of isaacsim.sensors.camera.camera. Please update your code accordingly.
2026-08-15T10:42:35Z [2,819ms] [Warning] [omni.isaac.sensor.camera_view] omni.isaac.sensor.camera_view has been deprecated in favor of isaacsim.sensors.camera.camera_view. Please update your code accordingly.
2026-08-15T10:42:35Z [2,819ms] [Warning] [omni.isaac.sensor.commands] omni.isaac.sensor.commands has been deprecated in favor of isaacsim.sensors.physics.commands, isaacsim.sensors.physx.commands, and isaacsim.sensors.rtx.commands. Please update your code accordingly.
2026-08-15T10:42:35Z [2,819ms] [Warning] [omni.isaac.sensor.contact_sensor] omni.isaac.sensor.contact_sensor has been deprecated in favor of isaacsim.sensors.physics.contact_sensor. Please update your code accordingly.
2026-08-15T10:42:35Z [2,819ms] [Warning] [omni.isaac.sensor.imu_sensor] omni.isaac.sensor.imu_sensor has been deprecated in favor of isaacsim.sensors.physics.imu_sensor. Please update your code accordingly.
2026-08-15T10:42:35Z [2,820ms] [Warning] [omni.isaac.sensor.lidar_rtx] omni.isaac.sensor.lidar_rtx has been deprecated in favor of isaacsim.sensors.rtx.lidar_rtx. Please update your code accordingly.
2026-08-15T10:42:35Z [2,820ms] [Warning] [omni.isaac.sensor.rotating_lidar_physX] omni.isaac.sensor.imu_sensor has been deprecated in favor of isaacsim.sensors.physix.rotating_lidar_physX. Please update your code accordingly.
2026-08-15T10:42:35Z [2,820ms] [Warning] [omni.isaac.sensor.scripts.samples.contact_sensor] omni.isaac.sensor.scripts.samples.contact_sensor has been deprecated in favor of isaacsim.sensors.physics.scripts.samples.contact_sensor. Please update your code accordingly.
2026-08-15T10:42:35Z [2,820ms] [Warning] [omni.isaac.sensor.scripts.samples.imu_sensor] omni.isaac.sensor.scripts.samples.imu_sensor has been deprecated in favor of isaacsim.sensors.physics.scripts.samples.imu_sensor. Please update your code accordingly.
2026-08-15T10:42:35Z [2,820ms] [Warning] [omni.isaac.sensor.scripts.samples.lightbeam_sensor] omni.isaac.sensor.scripts.samples.lightbeam_sensor has been deprecated in favor of isaacsim.sensors.physx.scripts.samples.lightbeam_sensor. Please update your code accordingly.
[2.827s] [ext: omni.kit.menu.create-2.0.1] startup
[2.832s] [ext: omni.kit.widget.toolbar-2.0.1] startup
[2.838s] [ext: omni.kit.manipulator.transform-107.0.0] startup
[2.843s] [ext: omni.isaac.core-4.0.7] startup
2026-08-15T10:42:35Z [2,838ms] [Warning] [omni.isaac.core.physics_context.physics_context] omni.isaac.core.physics_context.physics_context has been deprecated in favor of isaacsim.core.api.physics_context.physics_context. Please update your code accordingly.
2026-08-15T10:42:35Z [2,838ms] [Warning] [omni.isaac.core.simulation_context.simulation_context] omni.isaac.core.simulation_context.simulation_context has been deprecated in favor of isaacsim.core.api.simulation_context.simulation_context. Please update your code accordingly.
2026-08-15T10:42:35Z [2,839ms] [Warning] [omni.isaac.core.world.world] omni.isaac.core.world.world has been deprecated in favor of isaacsim.core.api.world.world. Please update your code accordingly.
2026-08-15T10:42:35Z [2,839ms] [Warning] [omni.isaac.core] omni.isaac.core has been deprecated in favor of isaacsim.core.api. Please update your code accordingly.
[2.845s] [ext: omni.kit.scripting-107.3.2] startup
[2.852s] [ext: omni.kit.manipulator.tool.snap-1.5.13] startup
[2.857s] [ext: omni.kit.manipulator.selector-1.1.3] startup
[2.859s] [ext: isaacsim.app.about-2.0.11] startup
[2.863s] [ext: isaacsim.replicator.behavior-1.1.16] startup
[2.864s] [ext: omni.kit.viewport.manipulator.transform-107.0.4] startup
[2.866s] [ext: omni.isaac.window.about-2.0.7] startup
2026-08-15T10:42:35Z [2,861ms] [Warning] [omni.isaac.window.about] omni.isaac.window.about has been deprecated in favor of isaacsim.app.about. Please update your code accordingly.
2026-08-15T10:42:35Z [2,861ms] [Warning] [omni.isaac.window.about.about] omni.isaac.window.about.about has been deprecated in favor of isaacsim.app.about.about. Please update your code accordingly.
[2.868s] [ext: omni.fabric.commands-1.1.6] startup
[2.872s] [ext: omni.kit.manipulator.prim.core-107.0.8] startup
[2.879s] [ext: omni.kit.property.audio-1.0.16] startup
[2.881s] [ext: omni.kit.property.camera-1.0.10] startup
[2.882s] [ext: omni.kit.property.geometry-2.0.4] startup
[2.884s] [ext: omni.hydra.scene_api-0.1.2] startup
[2.887s] [ext: omni.kit.property.light-1.0.12] startup
[2.897s] [ext: omni.kit.manipulator.prim.fabric-107.0.4] startup
[2.899s] [ext: omni.kit.manipulator.prim.usd-107.0.3] startup
[2.900s] [ext: omni.kit.property.material-1.11.9] startup
[2.908s] [ext: omni.kit.property.render-1.2.1] startup
[2.909s] [ext: omni.kit.property.transform-1.5.13] startup
[2.913s] [ext: isaacsim.gui.property-1.1.3] startup
[2.915s] [ext: omni.kit.manipulator.camera-106.0.4] startup
[2.921s] [ext: omni.kit.manipulator.prim-107.0.0] startup
[2.921s] [ext: omni.isaac.surface_gripper-2.0.6] startup
2026-08-15T10:42:35Z [2,915ms] [Warning] [omni.isaac.surface_gripper] omni.isaac.surface_gripper has been deprecated in favor of isaacsim.robot.surface_gripper. Please update your code accordingly.
[2.922s] [ext: omni.kit.manipulator.selection-106.0.1] startup
[2.925s] [ext: omni.kit.property.bundle-1.4.1] startup
[2.926s] [ext: omni.kit.property.isaac-1.0.6] startup
2026-08-15T10:42:35Z [2,920ms] [Warning] [omni.kit.property.isaac] omni.kit.property.isaac has been deprecated in favor of isaacsim.gui.property. Please update your code accordingly.
2026-08-15T10:42:35Z [2,921ms] [Warning] [omni.kit.property.isaac.widgets] omni.kit.property.isaac.widgets has been deprecated in favor of isaacsim.gui.property.widgets. Please update your code accordingly.
[2.927s] [ext: omni.isaac.universal_robots-1.0.6] startup
2026-08-15T10:42:35Z [2,921ms] [Warning] [omni.isaac.universal_robots] omni.isaac.universal_robots has been deprecated in favor of isaacsim.robot.manipulators.examples.universal_robots. Please update your code accordingly.
2026-08-15T10:42:35Z [2,922ms] [Warning] [omni.isaac.universal_robots.kinematics_solver] omni.isaac.franka has been deprecated in favor of isaacsim.robot.manipulators.examples.universal_robots. Please update your code accordingly.
2026-08-15T10:42:35Z [2,924ms] [Warning] [omni.isaac.universal_robots.ur10] omni.isaac.franka has been deprecated in favor of isaacsim.robot.manipulators.examples.universal_robots. Please update your code accordingly.
[2.930s] [ext: omni.isaac.core_nodes-2.0.6] startup
2026-08-15T10:42:35Z [2,926ms] [Warning] [omni.isaac.core_nodes] omni.isaac.core_nodes has been deprecated in favor of isaacsim.core.nodes. Please update your code accordingly.
[2.932s] [ext: omni.kit.viewport.menubar.camera-107.0.6] startup
[2.938s] [ext: omni.kit.viewport.menubar.lighting-107.3.1] startup
[2.943s] [ext: isaacsim.replicator.writers-1.0.17] startup
[2.962s] [ext: omni.kit.viewport.menubar.render-107.0.10] startup
[2.968s] [ext: omni.kit.viewport.menubar.settings-107.0.3] startup
[2.974s] [ext: omni.kit.window.console-1.1.4] startup
[2.977s] [ext: isaacsim.replicator.domain_randomization-1.0.16] startup
[2.981s] [ext: isaacsim.replicator.examples-1.3.6] startup
[2.983s] [ext: omni.ocio-0.1.1] startup
[2.985s] [ext: omni.rtx.window.settings-0.6.19] startup
[2.996s] [ext: omni.kit.window.status_bar-0.1.9] startup
[2.998s] [ext: omni.kit.window.toolbar-2.0.0] startup
[3.001s] [ext: omni.replicator.isaac-2.0.8] startup
2026-08-15T10:42:35Z [2,996ms] [Warning] [omni.replicator.isaac] omni.replicator.isaac has been deprecated in favor of isaacsim.replicator.domain_randomization, isaacsim.replicator.examples, isaacsim.replicator.writers. Please update your code accordingly.
[3.002s] [ext: omni.replicator.replicator_yaml-2.0.11] startup
[3.013s] [ext: omni.rtx.settings.core-0.6.5] startup
[3.018s] [ext: omni.usd.metrics.assembler.ui-107.3.1] startup
[3.023s] [ext: omni.isaac.utils-2.0.6] startup
[3.025s] [ext: semantics.schema.editor-2.0.2] startup
[3.029s] [ext: omni.kit.ui.actions-1.0.5] startup
[3.031s] [ext: semantics.schema.property-2.0.1] startup
[3.033s] [ext: omni.isaac.version-2.0.7] startup
2026-08-15T10:42:35Z [3,027ms] [Warning] [omni.isaac.version] omni.isaac.version has been deprecated in favor of isaacsim.core.version. Please update your code accordingly.
[3.034s] [ext: omni.isaac.cortex-1.0.5] startup
[3.035s] [ext: omni.anim.curve.core-1.3.1] startup
[3.044s] [ext: isaacsim.core.throttling-2.2.2] startup
[3.045s] [ext: omni.kit.menu.common-2.0.1] startup
[3.047s] [ext: isaacsim.exp.base-5.1.0] startup
[3.048s] [ext: isaacsim.exp.base.python-5.1.0] startup
[3.048s] Simulation App Starting
2026-08-15T10:42:36Z [3,097ms] [Warning] [omni.fabric.plugin] Warning: attribute viewportHandle not found for bucket id 9

[3.123s] app ready
[4.655s] Simulation App Startup Complete
[4.661s] [ext: omni.anim.behavior.schema-107.3.0] startup
[4.667s] [ext: omni.anim.asset-107.3.0] startup
[4.669s] [ext: omni.debugdraw-0.1.4] startup
[4.671s] [ext: omni.anim.retarget.core-107.3.3] startup
[4.675s] [ext: omni.anim.graph.core-107.3.4] startup
2026-08-15T10:42:37Z [4,677ms] [Warning] [omni.graph.core._impl._registration.register_python_ogn] Python import process in omni.anim.graph.core failed - 'NoneType' object is not subscriptable. Aborting Python node registration
[4.683s] [ext: omni.kit.quicklayout-1.0.8] startup
[4.701s] [ext: omni.anim.navigation.core-107.3.8] startup
[4.705s] [ext: omni.metropolis.utils-0.1.20] startup
[4.726s] [ext: omni.anim.people-0.7.9] startup
[4.736s] [ext: omni.services.pip_archive-0.16.0] startup
[4.970s] [ext: omni.kit.mesh.raycast-107.0.1] startup
[4.973s] [ext: isaacsim.anim.robot-0.0.15] startup
[4.984s] [ext: omni.flowusd-107.1.8] startup
2026-08-15T10:42:37Z [4,979ms] [Warning] [omni.stageupdate.plugin] Deprecated: direct use of IStageUpdate callbacks is deprecated. Use IStageUpdate::getStageUpdate instead.
[4.988s] [ext: isaacsim.replicator.incident-0.1.28] startup
[isaacsim.replicator.incident] started
[5.030s] [ext: isaacsim.replicator.agent.core-0.7.28] startup
2026-08-15T10:42:38Z [5,133ms] [Warning] [omni.anim.graph.core.plugin] CharacterManager::Shutdown() called without a prior successful call to CharacterManager::Initialize().
2026-08-15T10:42:41Z [8,281ms] [Warning] [omni.fabric.plugin] Warning: attribute evaluatedTranslations not found for bucket id 12

2026-08-15T10:42:41Z [8,928ms] [Warning] [omni.fabric.plugin] Warning: attribute animationGraph not found for path /World/Characters/Character/male_adult_police_04/ManRoot/male_adult_police_04

2026-08-15T10:42:42Z [9,587ms] [Warning] [carb] Client gpu.foundation.plugin has acquired [gpu::unstable::IMemoryBudgetManagerFactory v0.1] 100 times. Consider accessing this interface with carb::getCachedInterface() (Performance warning)
OFFICIAL_HUMAN_CACHE={"animation_graph": "/World/Characters/Biped_Setup/CharacterAnimation/AnimationGraph", "biped_url": "https://omniverse-content-production.s3-us-west-2.amazonaws.com/Assets/Isaac/5.1/Isaac/People/Characters/Biped_Setup.usd", "cache_content_sha256": "76c19b57ebd03e01820e6b9db79bde8f2f3e436302744ef457278af8d17ef5b3", "cache_file_sha256": "ac58a683fe9dd85ec3ad0266c7653b289dc1dd9b256d2abac0cc96ac7e45cfcb", "cache_path": "/home/sun/machine-dog-nav-runs/2026-08-14_scan_forest_v8_human/results/v8_official_scan_no_contact_preflight02/official_human_retarget_cache.npz", "character_url": "https://omniverse-content-production.s3-us-west-2.amazonaws.com/Assets/Isaac/5.1/Isaac/People/Characters/male_adult_police_04/male_adult_police_04.usd", "claim": "runtime-generated replay cache of the official Isaac Sim 5.1 Biped AnimationGraph output after ControlRig retargeting to the official male_adult_police_04 skeleton", "direct_gpu_animation_graph_used": false, "fps": 30, "idle_frame_count": 60, "joint_count": 101, "local_procedural_gait": false, "redistribution": "generated on the execution host from referenced NVIDIA content; the cache is an experiment artifact and is not vendored as source", "schema_version": 1, "skel_root": "/World/Characters/Character/male_adult_police_04/ManRoot/male_adult_police_04", "skeleton": "/World/Characters/Character/male_adult_police_04/ManRoot/male_adult_police_04/male_adult_police_04/male_adult_police_04", "walk_frame_count": 90, "walk_warmup_frame_count": 30}
2026-08-15T10:42:43Z [10,244ms] [Warning] [omni.usd] Unexpected reference count of 2 for UsdStage 'anon:0x59e253e69a60:World1.usd' while being closed in UsdContext (this may indicate it is still resident in memory).
[10.291s] Simulation App Shutting Down
