[INFO] [launch]: All log files can be found below /root/.ros/log/2026-08-14-20-25-22-987811-ubuntu-47
[INFO] [launch]: Default logging verbosity is set to INFO
[INFO] [foxy_bridge_node-1]: process started with pid [61]
[INFO] [scan_planner_node-2]: process started with pid [63]
[INFO] [closed_loop_controller-3]: process started with pid [65]
[INFO] [acceptance_monitor_node-4]: process started with pid [67]
[closed_loop_controller-3] [INFO] [1786739123.027425803] [closed_loop_controller]: Closed-loop controller ready
[scan_planner_node-2] hit: 1.7346
[scan_planner_node-2] miss: -0.847298
[scan_planner_node-2] min log: -1.99243
[scan_planner_node-2] max: 3.89182
[scan_planner_node-2] thresh log: 1.38629
[scan_planner_node-2] [INFO] [1786739123.105377654] [scan_planner_node]: Preset waypoint mode will start after the first odometry message
[acceptance_monitor_node-4] [INFO] [1786739123.175266277] [lite3_acceptance_monitor]: Acceptance monitor writing /evidence/ros_events.jsonl and /evidence/ros_summary.json
[foxy_bridge_node-1] [INFO] [1786739123.178624225] [lite3_sim_bridge]: Command stream connected
[foxy_bridge_node-1] [INFO] [1786739123.178758798] [lite3_sim_bridge]: Lite3 bridge ready: telemetry 127.0.0.1:46530, command 127.0.0.1:46531
[foxy_bridge_node-1] [INFO] [1786739123.179147748] [lite3_sim_bridge]: Telemetry stream connected
[scan_planner_node-2] [INFO] [1786739123.448192508] [scan_planner_node]: [navi_mode=2] Planning to waypoint 1/1: [0.50, 3.00, 0.85]
[scan_planner_node-2] [TRIG]: from INIT to GEN_NEW_TRAJ
[scan_planner_node-2] 
[scan_planner_node-2] [rebo replan]: -------------------------------------0
[scan_planner_node-2] start:   -5    3 0.92, 0 0 0
[scan_planner_node-2] goal: 0.5    3 0.85, 0 0 0
[scan_planner_node-2] [32miter(+1)=103,time(ms)=20.978,total_t(ms)=20.979,cost=0.017
[scan_planner_node-2] [0mfirst_optimize_step_success=1
[scan_planner_node-2] total time:[42m0.0258[0m,optimize:0.0251,refine:0.000717
[scan_planner_node-2] final_plan_success=1
[scan_planner_node-2] [FSM]: from GEN_NEW_TRAJ to EXEC_TRAJ
[closed_loop_controller-3] [INFO] [1786739126.607094595] [closed_loop_controller]: Received trajectory 1, duration 7.360s, start error 0.120m, catchup state 0
[scan_planner_node-2] 
[scan_planner_node-2] [rebo replan]: -------------------------------------1
[scan_planner_node-2] start: -4.89  3.01 0.817,     0.397 -2.41e-07  -0.00254
[scan_planner_node-2] goal: 0.5    3 0.85, 0 0 0
[scan_planner_node-2] [32miter(+1)=88,time(ms)=12.059,total_t(ms)=12.060,cost=0.008
[scan_planner_node-2] [0mfirst_optimize_step_success=1
[scan_planner_node-2] total time:[42m0.02[0m,optimize:0.02,refine:0.00062
[scan_planner_node-2] final_plan_success=1
[scan_planner_node-2] [SAFETY]: from EXEC_TRAJ to EXEC_TRAJ
[closed_loop_controller-3] [INFO] [1786739127.423786046] [closed_loop_controller]: Received trajectory 2, duration 7.200s, start error 0.062m, catchup state 0
[scan_planner_node-2] [FSM]: from EXEC_TRAJ to WAIT_TARGET
[foxy_bridge_node-1] [WARN] [1786739168.202872840] [lite3_sim_bridge]: Telemetry stream reset: socket closed with 40 bytes remaining
[foxy_bridge_node-1] [WARN] [1786739168.222625063] [lite3_sim_bridge]: Command stream reset: [Errno 104] Connection reset by peer
[WARNING] [launch]: user interrupted with ctrl-c (SIGINT)
[INFO] [acceptance_monitor_node-4]: sending signal 'SIGINT' to process[acceptance_monitor_node-4]
[INFO] [closed_loop_controller-3]: sending signal 'SIGINT' to process[closed_loop_controller-3]
[INFO] [scan_planner_node-2]: sending signal 'SIGINT' to process[scan_planner_node-2]
[INFO] [foxy_bridge_node-1]: sending signal 'SIGINT' to process[foxy_bridge_node-1]
[closed_loop_controller-3] [INFO] [1786739170.896203582] [rclcpp]: signal_handler(signal_value=2)
[scan_planner_node-2] [INFO] [1786739170.896461055] [rclcpp]: signal_handler(signal_value=2)
[INFO] [closed_loop_controller-3]: process has finished cleanly [pid 65]
[INFO] [foxy_bridge_node-1]: process has finished cleanly [pid 61]
[INFO] [acceptance_monitor_node-4]: process has finished cleanly [pid 67]
[scan_planner_node-2] des manager
[INFO] [scan_planner_node-2]: process has finished cleanly [pid 63]
