[INFO] [launch]: All log files can be found below /root/.ros/log/2026-08-14-11-39-15-858901-ubuntu-47
[INFO] [launch]: Default logging verbosity is set to INFO
[INFO] [foxy_bridge_node-1]: process started with pid [61]
[INFO] [scan_planner_node-2]: process started with pid [63]
[INFO] [closed_loop_controller-3]: process started with pid [65]
[INFO] [acceptance_monitor_node-4]: process started with pid [67]
[closed_loop_controller-3] [INFO] [1786707555.901227268] [closed_loop_controller]: Closed-loop controller ready
[scan_planner_node-2] hit: 1.7346
[scan_planner_node-2] miss: -0.847298
[scan_planner_node-2] min log: -1.99243
[scan_planner_node-2] max: 3.89182
[scan_planner_node-2] thresh log: 1.38629
[scan_planner_node-2] [INFO] [1786707555.960464805] [scan_planner_node]: Preset waypoint mode will start after the first odometry message
[acceptance_monitor_node-4] [INFO] [1786707556.080934672] [lite3_acceptance_monitor]: Acceptance monitor writing /evidence/ros_events.jsonl and /evidence/ros_summary.json
[foxy_bridge_node-1] [INFO] [1786707556.083770658] [lite3_sim_bridge]: Command stream connected
[foxy_bridge_node-1] [INFO] [1786707556.083916388] [lite3_sim_bridge]: Lite3 bridge ready: telemetry 127.0.0.1:46320, command 127.0.0.1:46321
[foxy_bridge_node-1] [INFO] [1786707556.084084123] [lite3_sim_bridge]: Telemetry stream connected
[scan_planner_node-2] [INFO] [1786707556.352452402] [scan_planner_node]: [navi_mode=2] Planning to waypoint 1/1: [0.50, 3.00, 0.85]
[scan_planner_node-2] [TRIG]: from INIT to GEN_NEW_TRAJ
[scan_planner_node-2] 
[scan_planner_node-2] [rebo replan]: -------------------------------------0
[scan_planner_node-2] start:   -5    3 0.92, 0 0 0
[scan_planner_node-2] goal: 0.5    3 0.85, 0 0 0
[scan_planner_node-2] [32miter(+1)=37,time(ms)=0.108,total_t(ms)=0.108,cost=0.029
[scan_planner_node-2] [0mfirst_optimize_step_success=1
[scan_planner_node-2] total time:[42m0.000249[0m,optimize:0.000222,refine:2.63e-05
[scan_planner_node-2] final_plan_success=1
[scan_planner_node-2] [FSM]: from GEN_NEW_TRAJ to EXEC_TRAJ
[closed_loop_controller-3] [INFO] [1786707556.390992422] [closed_loop_controller]: Received trajectory 1, duration 11.840s
[scan_planner_node-2] 
[scan_planner_node-2] [rebo replan]: -------------------------------------1
[scan_planner_node-2] start: -5.01     3 0.913,    0.0951 -1.46e-08 -0.000156
[scan_planner_node-2] goal: 0.5    3 0.85, 0 0 0
[scan_planner_node-2] iter=6,time(ms)=0.045,rebound.
[scan_planner_node-2] iter=82,time(ms)=0.31,rebound.
[scan_planner_node-2] [32miter(+1)=25,time(ms)=0.067,total_t(ms)=0.430,cost=0.034
[scan_planner_node-2] [0mfirst_optimize_step_success=1
[scan_planner_node-2] total time:[42m0.00067[0m,optimize:0.00064,refine:2.6e-05
[scan_planner_node-2] final_plan_success=1
[scan_planner_node-2] [SAFETY]: from EXEC_TRAJ to EXEC_TRAJ
[closed_loop_controller-3] [INFO] [1786707556.760900991] [closed_loop_controller]: Received trajectory 2, duration 11.840s
[scan_planner_node-2] 
[scan_planner_node-2] [rebo replan]: -------------------------------------2
[scan_planner_node-2] start: -5.02     3   0.9,    0.167 -0.00697 -0.00078
[scan_planner_node-2] goal: 0.5    3 0.85, 0 0 0
[scan_planner_node-2] [ERROR] [1786707556.910606275] [bspline_opt]: A-star error
[scan_planner_node-2] iter=41,time(ms)=0.19,rebound.
[scan_planner_node-2] iter=5,time(ms)=0.012,rebound.
[scan_planner_node-2] [ERROR] [1786707556.910636966] [bspline_opt]: A-star error
[scan_planner_node-2] [ERROR] [1786707556.910648850] [bspline_opt]: A-star error
[scan_planner_node-2] [ERROR] [1786707556.910659491] [bspline_opt]: A-star error
[scan_planner_node-2] [ERROR] [1786707556.910669772] [bspline_opt]: A-star error
[scan_planner_node-2] [ERROR] [1786707556.910680072] [bspline_opt]: A-star error
[scan_planner_node-2] [ERROR] [1786707556.910690503] [bspline_opt]: A-star error
[scan_planner_node-2] [ERROR] [1786707556.910701314] [bspline_opt]: A-star error
[scan_planner_node-2] [ERROR] [1786707556.910711605] [bspline_opt]: A-star error
[scan_planner_node-2] iter=5,time(ms)=0.011,rebound.
[scan_planner_node-2] iter=5,time(ms)=0.01,rebound.
[scan_planner_node-2] iter=5,time(ms)=0.0097,rebound.
[scan_planner_node-2] iter=5,time(ms)=0.01,rebound.
[scan_planner_node-2] iter=5,time(ms)=0.0099,rebound.
[scan_planner_node-2] iter=5,time(ms)=0.01,rebound.
[scan_planner_node-2] iter=5,time(ms)=0.0099,rebound.
[scan_planner_node-2] [ERROR] [1786707556.910721064] [bspline_opt]: A-star error
[scan_planner_node-2] [ERROR] [1786707556.910730312] [bspline_opt]: A-star error
[scan_planner_node-2] [ERROR] [1786707556.910740102] [bspline_opt]: A-star error
[scan_planner_node-2] iter=5,time(ms)=0.0089,rebound.
[scan_planner_node-2] iter=5,time(ms)=0.0088,rebound.
[scan_planner_node-2] iter=5,time(ms)=0.0093,rebound.
[scan_planner_node-2] [ERROR] [1786707556.910749811] [bspline_opt]: A-star error
[scan_planner_node-2] [ERROR] [1786707556.910759430] [bspline_opt]: A-star error
[scan_planner_node-2] [ERROR] [1786707556.910769200] [bspline_opt]: A-star error
[scan_planner_node-2] iter=5,time(ms)=0.0092,rebound.
[scan_planner_node-2] iter=5,time(ms)=0.0092,rebound.
[scan_planner_node-2] iter=5,time(ms)=0.0093,rebound.
[scan_planner_node-2] [32miter(+1)=3,time(ms)=0.004,keep optimizing
[scan_planner_node-2] [0m[32miter(+1)=66,time(ms)=0.217,total_t(ms)=0.581,cost=0.031
[scan_planner_node-2] [0mfirst_optimize_step_success=1
[scan_planner_node-2] total time:[42m0.00084[0m,optimize:0.00081,refine:2.6e-05
[scan_planner_node-2] final_plan_success=1
[scan_planner_node-2] [SAFETY]: from EXEC_TRAJ to EXEC_TRAJ
[closed_loop_controller-3] [INFO] [1786707556.911137705] [closed_loop_controller]: Received trajectory 3, duration 11.840s
[scan_planner_node-2] [FSM]: state: EXEC_TRAJ
[scan_planner_node-2] 
[scan_planner_node-2] [rebo replan]: -------------------------------------3
[scan_planner_node-2] start:    -5     3 0.879,    0.217  -0.0139 -0.00149
[scan_planner_node-2] goal: 0.5    3 0.85, 0 0 0
[scan_planner_node-2] iter=8,time(ms)=0.04,rebound.
[scan_planner_node-2] [ERROR] [1786707557.013127723] [bspline_opt]: A-star error
[scan_planner_node-2] iter=17,time(ms)=2.8,rebound.
[scan_planner_node-2] [ERROR] [1786707557.015127199] [bspline_opt]: A-star error
[scan_planner_node-2] iter=5,time(ms)=2,rebound.
[scan_planner_node-2] [ERROR] [1786707557.017310091] [bspline_opt]: A-star error
[scan_planner_node-2] iter=5,time(ms)=2.2,rebound.
[scan_planner_node-2] [ERROR] [1786707557.019407563] [bspline_opt]: A-star error
[scan_planner_node-2] iter=5,time(ms)=2.1,rebound.
[scan_planner_node-2] [ERROR] [1786707557.021393482] [bspline_opt]: A-star error
[scan_planner_node-2] iter=5,time(ms)=2,rebound.
[scan_planner_node-2] [ERROR] [1786707557.023786783] [bspline_opt]: A-star error
[scan_planner_node-2] iter=5,time(ms)=2.4,rebound.
[scan_planner_node-2] [ERROR] [1786707557.023814047] [bspline_opt]: A-star error
[scan_planner_node-2] iter=5,time(ms)=0.016,rebound.
[scan_planner_node-2] [ERROR] [1786707557.025820978] [bspline_opt]: A-star error
[scan_planner_node-2] iter=5,time(ms)=2,rebound.
[scan_planner_node-2] iter=5,time(ms)=0.017,rebound.
[scan_planner_node-2] iter=5,time(ms)=0.019,rebound.
[scan_planner_node-2] [ERROR] [1786707557.025859305] [bspline_opt]: A-star error
[scan_planner_node-2] iter=42,time(ms)=0.36,rebound.
[scan_planner_node-2] iter=5,time(ms)=0.02,rebound.
[scan_planner_node-2] [32miter(+1)=69,time(ms)=0.240,keep optimizing
[scan_planner_node-2] [0m[32miter(+1)=49,time(ms)=0.155,keep optimizing
[scan_planner_node-2] [0m[32miter(+1)=52,time(ms)=0.189,keep optimizing
[scan_planner_node-2] [0mfirst_optimize_step_success=0
[scan_planner_node-2] final_plan_success=0
[scan_planner_node-2] 
[scan_planner_node-2] [rebo replan]: -------------------------------------4
[scan_planner_node-2] start:    -5     3 0.879,    0.217  -0.0139 -0.00149
[scan_planner_node-2] goal: 0.5    3 0.85, 0 0 0
[scan_planner_node-2] iter=5,time(ms)=0.0772,rebound.
[scan_planner_node-2] [ERROR] [1786707557.029326477] [bspline_opt]: A-star error
[scan_planner_node-2] iter=19,time(ms)=2.2,rebound.
[scan_planner_node-2] iter=5,time(ms)=0.015,rebound.
[scan_planner_node-2] [32miter(+1)=22,time(ms)=0.066,total_t(ms)=2.350,cost=0.042
[scan_planner_node-2] [0mfirst_optimize_step_success=1
[scan_planner_node-2] total time:[42m0.0025[0m,optimize:0.0025,refine:2.6e-05
[scan_planner_node-2] final_plan_success=1
[scan_planner_node-2] [SAFETY]: from EXEC_TRAJ to EXEC_TRAJ
[closed_loop_controller-3] [INFO] [1786707557.029595243] [closed_loop_controller]: Received trajectory 4, duration 11.840s
[scan_planner_node-2] [FSM]: state: EXEC_TRAJ
[scan_planner_node-2] 
[scan_planner_node-2] [rebo replan]: -------------------------------------5
[scan_planner_node-2] start: -4.54  2.99 0.659,    0.498  -0.0502 -0.00269
[scan_planner_node-2] goal: 0.5    3 0.85, 0 0 0
[scan_planner_node-2] iter=5,time(ms)=0.038,rebound.
[scan_planner_node-2] [32miter(+1)=94,time(ms)=0.306,total_t(ms)=0.348,cost=0.025
[scan_planner_node-2] [0mfirst_optimize_step_success=1
[scan_planner_node-2] total time:[42m0.00074[0m,optimize:0.00072,refine:2.4e-05
[scan_planner_node-2] final_plan_success=1
[scan_planner_node-2] [SAFETY]: from EXEC_TRAJ to EXEC_TRAJ
[closed_loop_controller-3] [INFO] [1786707558.311170962] [closed_loop_controller]: Received trajectory 5, duration 10.880s
[scan_planner_node-2] [FSM]: state: EXEC_TRAJ
[scan_planner_node-2] [FSM]: state: EXEC_TRAJ
[scan_planner_node-2] [FSM]: state: EXEC_TRAJ
[scan_planner_node-2] [FSM]: state: EXEC_TRAJ
[scan_planner_node-2] [FSM]: state: EXEC_TRAJ
[scan_planner_node-2] [FSM]: state: EXEC_TRAJ
[scan_planner_node-2] [FSM]: state: EXEC_TRAJ
[scan_planner_node-2] [FSM]: state: EXEC_TRAJ
[scan_planner_node-2] [FSM]: state: EXEC_TRAJ
[scan_planner_node-2] [FSM]: state: EXEC_TRAJ
[scan_planner_node-2] [FSM]: state: EXEC_TRAJ
[scan_planner_node-2] [FSM]: state: EXEC_TRAJ
[scan_planner_node-2] [FSM]: state: EXEC_TRAJ
[scan_planner_node-2] [FSM]: state: EXEC_TRAJ
[scan_planner_node-2] [FSM]: state: EXEC_TRAJ
[scan_planner_node-2] [FSM]: state: EXEC_TRAJ
[scan_planner_node-2] [FSM]: from EXEC_TRAJ to WAIT_TARGET
[scan_planner_node-2] [FSM]: state: WAIT_TARGET
[scan_planner_node-2] [FSM]: state: WAIT_TARGET
[scan_planner_node-2] [FSM]: state: WAIT_TARGET
[scan_planner_node-2] [FSM]: state: WAIT_TARGET
[scan_planner_node-2] [FSM]: state: WAIT_TARGET
[scan_planner_node-2] [FSM]: state: WAIT_TARGET
[scan_planner_node-2] [FSM]: state: WAIT_TARGET
[scan_planner_node-2] [FSM]: state: WAIT_TARGET
[scan_planner_node-2] [FSM]: state: WAIT_TARGET
[scan_planner_node-2] [FSM]: state: WAIT_TARGET
[scan_planner_node-2] [FSM]: state: WAIT_TARGET
[scan_planner_node-2] [FSM]: state: WAIT_TARGET
[scan_planner_node-2] [FSM]: state: WAIT_TARGET
[scan_planner_node-2] [FSM]: state: WAIT_TARGET
[foxy_bridge_node-1] [WARN] [1786707588.093414962] [lite3_sim_bridge]: Telemetry stream reset: socket closed with 40 bytes remaining
[foxy_bridge_node-1] [WARN] [1786707588.113260892] [lite3_sim_bridge]: Command stream reset: [Errno 104] Connection reset by peer
[scan_planner_node-2] [FSM]: state: WAIT_TARGET
[scan_planner_node-2] [FSM]: state: WAIT_TARGET
[WARNING] [launch]: user interrupted with ctrl-c (SIGINT)
[INFO] [acceptance_monitor_node-4]: sending signal 'SIGINT' to process[acceptance_monitor_node-4]
[INFO] [closed_loop_controller-3]: sending signal 'SIGINT' to process[closed_loop_controller-3]
[INFO] [scan_planner_node-2]: sending signal 'SIGINT' to process[scan_planner_node-2]
[INFO] [foxy_bridge_node-1]: sending signal 'SIGINT' to process[foxy_bridge_node-1]
[closed_loop_controller-3] [INFO] [1786707590.725192404] [rclcpp]: signal_handler(signal_value=2)
[scan_planner_node-2] [INFO] [1786707590.725366317] [rclcpp]: signal_handler(signal_value=2)
[scan_planner_node-2] des manager
[INFO] [closed_loop_controller-3]: process has finished cleanly [pid 65]
[INFO] [scan_planner_node-2]: process has finished cleanly [pid 63]
[INFO] [foxy_bridge_node-1]: process has finished cleanly [pid 61]
[INFO] [acceptance_monitor_node-4]: process has finished cleanly [pid 67]
