[INFO] [launch]: All log files can be found below /root/.ros/log/2026-08-14-20-02-27-284367-ubuntu-47
[INFO] [launch]: Default logging verbosity is set to INFO
[INFO] [foxy_bridge_node-1]: process started with pid [61]
[INFO] [scan_planner_node-2]: process started with pid [63]
[INFO] [closed_loop_controller-3]: process started with pid [65]
[INFO] [acceptance_monitor_node-4]: process started with pid [67]
[closed_loop_controller-3] [INFO] [1786737747.315069100] [closed_loop_controller]: Closed-loop controller ready
[scan_planner_node-2] hit: 1.7346
[scan_planner_node-2] miss: -0.847298
[scan_planner_node-2] min log: -1.99243
[scan_planner_node-2] max: 3.89182
[scan_planner_node-2] thresh log: 1.38629
[scan_planner_node-2] [INFO] [1786737747.402226463] [scan_planner_node]: Preset waypoint mode will start after the first odometry message
[acceptance_monitor_node-4] [INFO] [1786737747.470097540] [lite3_acceptance_monitor]: Acceptance monitor writing /evidence/ros_events.jsonl and /evidence/ros_summary.json
[foxy_bridge_node-1] [INFO] [1786737747.473893847] [lite3_sim_bridge]: Command stream connected
[foxy_bridge_node-1] [INFO] [1786737747.474071400] [lite3_sim_bridge]: Telemetry stream connected
[foxy_bridge_node-1] [INFO] [1786737747.474220009] [lite3_sim_bridge]: Lite3 bridge ready: telemetry 127.0.0.1:46490, command 127.0.0.1:46491
[scan_planner_node-2] [INFO] [1786737747.743735997] [scan_planner_node]: [navi_mode=2] Planning to waypoint 1/1: [0.50, 3.00, 0.85]
[scan_planner_node-2] [TRIG]: from INIT to GEN_NEW_TRAJ
[scan_planner_node-2] 
[scan_planner_node-2] [rebo replan]: -------------------------------------0
[scan_planner_node-2] start:   -5    3 0.92, 0 0 0
[scan_planner_node-2] goal: 0.5    3 0.85, 0 0 0
[scan_planner_node-2] [32miter(+1)=103,time(ms)=21.480,total_t(ms)=21.481,cost=0.017
[scan_planner_node-2] [0mfirst_optimize_step_success=1
[scan_planner_node-2] total time:[42m0.0262[0m,optimize:0.0255,refine:0.000726
[scan_planner_node-2] final_plan_success=1
[scan_planner_node-2] [FSM]: from GEN_NEW_TRAJ to EXEC_TRAJ
[closed_loop_controller-3] [INFO] [1786737750.904279468] [closed_loop_controller]: Received trajectory 1, duration 7.360s, start error 0.120m, catchup state 0
[scan_planner_node-2] 
[scan_planner_node-2] [rebo replan]: -------------------------------------1
[scan_planner_node-2] start: -4.88  3.01 0.814,     0.766 -6.83e-07  -0.00719
[scan_planner_node-2] goal: 0.5    3 0.85, 0 0 0
[scan_planner_node-2] [32miter(+1)=98,time(ms)=13.553,total_t(ms)=13.553,cost=0.024
[scan_planner_node-2] [0mfirst_optimize_step_success=1
[scan_planner_node-2] total time:[42m0.026[0m,optimize:0.026,refine:0.00063
[scan_planner_node-2] final_plan_success=1
[scan_planner_node-2] [SAFETY]: from EXEC_TRAJ to EXEC_TRAJ
[closed_loop_controller-3] [INFO] [1786737752.430743319] [closed_loop_controller]: Received trajectory 2, duration 7.200s, start error 0.382m, catchup state 1
[scan_planner_node-2] [FSM]: from EXEC_TRAJ to WAIT_TARGET
[foxy_bridge_node-1] [WARN] [1786737792.500732283] [lite3_sim_bridge]: Telemetry stream reset: socket closed with 40 bytes remaining
[foxy_bridge_node-1] [WARN] [1786737792.520664539] [lite3_sim_bridge]: Command stream reset: [Errno 104] Connection reset by peer
[WARNING] [launch]: user interrupted with ctrl-c (SIGINT)
[INFO] [acceptance_monitor_node-4]: sending signal 'SIGINT' to process[acceptance_monitor_node-4]
[INFO] [closed_loop_controller-3]: sending signal 'SIGINT' to process[closed_loop_controller-3]
[INFO] [scan_planner_node-2]: sending signal 'SIGINT' to process[scan_planner_node-2]
[INFO] [foxy_bridge_node-1]: sending signal 'SIGINT' to process[foxy_bridge_node-1]
[closed_loop_controller-3] [INFO] [1786737795.192799033] [rclcpp]: signal_handler(signal_value=2)
[scan_planner_node-2] [INFO] [1786737795.193005770] [rclcpp]: signal_handler(signal_value=2)
[INFO] [closed_loop_controller-3]: process has finished cleanly [pid 65]
[INFO] [acceptance_monitor_node-4]: process has finished cleanly [pid 67]
[INFO] [foxy_bridge_node-1]: process has finished cleanly [pid 61]
[scan_planner_node-2] des manager
[INFO] [scan_planner_node-2]: process has finished cleanly [pid 63]
