Starting kit application with the following args:  ['/home/sun/miniconda3/envs/isaaclab/lib/python3.11/site-packages/isaacsim/exts/isaacsim.simulation_app/isaacsim/simulation_app/simulation_app.py', '/home/sun/miniconda3/envs/isaaclab/lib/python3.11/site-packages/isaacsim/apps/isaacsim.exp.base.python.kit', '--/app/tokens/exe-path=/home/sun/miniconda3/envs/isaaclab/lib/python3.11/site-packages/isaacsim/kit', '--/persistent/app/viewport/displayOptions=3094', '--/rtx/materialDb/syncLoads=True', '--/rtx/hydra/materialSyncLoads=True', '--/omni.kit.plugin/syncUsdLoads=True', '--/app/renderer/resolution/width=1280', '--/app/renderer/resolution/height=720', '--/app/window/width=1440', '--/app/window/height=900', '--/renderer/multiGpu/enabled=True', '--/app/fastShutdown=True', '--/app/installSignalHandlers=0', '--ext-folder', '/home/sun/miniconda3/envs/isaaclab/lib/python3.11/site-packages/isaacsim/exts', '--ext-folder', '/home/sun/miniconda3/envs/isaaclab/lib/python3.11/site-packages/isaacsim/apps', '--/physics/cudaDevice=0', '--/plugins/carb.tasking.plugin/threadCount=16', '--/plugins/omni.tbb.globalcontrol/maxThreadCount=16', '--portable', '--no-window', '--/app/window/hideUi=1']
Passing the following args to the base kit application:  ['--output', '/home/sun/machine-dog-nav-runs/2026-08-14_scan_forest_v8_human/results/v8_official_scan_no_contact_preflight01/official_human_retarget_cache.npz', '--manifest', '/home/sun/machine-dog-nav-runs/2026-08-14_scan_forest_v8_human/results/v8_official_scan_no_contact_preflight01/official_human_retarget_cache.json']
[Info] [carb] Logging to file: /home/sun/miniconda3/envs/isaaclab/lib/python3.11/site-packages/isaacsim/kit/logs/Kit/Isaac-Sim Python/5.1/kit_20260815_063404.log
[0.020s] [ext: omni.kit.async_engine-0.0.3] startup
[0.061s] [ext: omni.metrics.core-0.0.3] startup
[0.061s] [ext: omni.client.lib-1.1.0] startup
[0.068s] [ext: omni.blobkey-1.1.2] startup
[0.068s] [ext: omni.stats-1.0.1] startup
[0.069s] [ext: omni.datastore-0.0.0] startup
[0.071s] [ext: omni.client-1.3.0] startup
[0.073s] [ext: omni.ujitso.default-1.0.0] startup
[0.074s] [ext: omni.hsscclient-1.1.2] startup
[0.077s] [ext: omni.gpu_foundation.shadercache.vulkan-1.0.0] startup
[0.077s] [ext: omni.assets.plugins-0.0.0] startup
[0.078s] [ext: omni.gpu_foundation-0.0.0] startup
[0.082s] [ext: carb.windowing.plugins-1.0.0] startup
2026-08-15T10:34:04Z [76ms] [Warning] [carb.windowing-glfw.plugin] GLFW initialization failed.
2026-08-15T10:34:04Z [76ms] [Warning] [carb] Failed to startup plugin carb.windowing-glfw.plugin (interfaces: [carb::windowing::IGLContext v1.0],[carb::windowing::IWindowing v1.5]) (impl: carb.windowing-glfw.plugin)
[0.082s] [ext: omni.kit.renderer.init-0.0.0] startup
2026-08-15T10:34:04Z [82ms] [Warning] [omni.platforminfo.plugin] failed to open the default display.  Can't verify X Server version.
2026-08-15T10:34:04Z [282ms] [Warning] [gpu.foundation.plugin] Skipping unsupported non-NVIDIA GPU: AMD Ryzen 7 9700X 8-Core Processor (RADV RAPHAEL_MENDOCINO)
2026-08-15T10:34:04Z [283ms] [Warning] [gpu.foundation.plugin] Skipping unsupported non-NVIDIA GPU: AMD Ryzen 7 9700X 8-Core Processor (RADV RAPHAEL_MENDOCINO)

|---------------------------------------------------------------------------------------------|
| Driver Version: 580.126.09    | Graphics API: Vulkan
|=============================================================================================|
| GPU | Name                             | Active | LDA | GPU Memory | Vendor-ID | LUID       |
|     |                                  |        |     |            | Device-ID | UUID       |
|     |                                  |        |     |            | Bus-ID    |            |
|---------------------------------------------------------------------------------------------|
| 0   | NVIDIA GeForce RTX 5070 Ti       | Yes: 0 |     | 16303   MB | 10de      | 0          |
|     |                                  |        |     |            | 2c05      | 9a0eb7bb.. |
|     |                                  |        |     |            | 1         |            |
|---------------------------------------------------------------------------------------------|
| 1   | AMD Ryzen 7 9700X 8-Core Proce.. |        |     | 10720   MB | 1002      | 0          |
|     |                                  |        |     |            | 13c0      | 00000000.. |
|     |                                  |        |     |            | 11        |            |
|=============================================================================================|
| OS: 24.04.3 LTS (Noble Numbat) ubuntu, Version: 24.04.3, Kernel: 6.17.0-22-generic
| Processor: AMD Ryzen 7 9700X 8-Core Processor
| Cores: 8 | Logical Cores: 16
|---------------------------------------------------------------------------------------------|
| Total Memory (MB): 31137 | Free Memory: 27937
| Total Page/Swap (MB): 69497 | Free Page/Swap: 69497
|---------------------------------------------------------------------------------------------|
2026-08-15T10:34:04Z [493ms] [Warning] [gpu.foundation.plugin] IOMMU is enabled.
2026-08-15T10:34:04Z [493ms] [Warning] [gpu.foundation.plugin] Detected IOMMU is enabled. Running CUDA peer-to-peer bandwidth and latency validation.
Unidirectional P2P=Enabled Bandwidth (P2P Writes) Matrix (GB/s)
   D\D     0 
     0 759.97 
P2P=Enabled Latency (P2P Writes) Matrix (us)
   GPU     0 
     0   2.07 

   CPU     0 
     0   1.64 
[0.573s] [ext: omni.materialx.libs-1.0.7] startup
[0.578s] [ext: omni.kit.telemetry-0.5.2] startup
[0.590s] [ext: omni.usd.config-1.0.6] startup
[0.592s] [ext: omni.gpucompute.plugins-0.0.0] startup
[0.592s] [ext: omni.usd.libs-1.0.1] startup
[0.636s] [ext: omni.kit.loop-isaac-1.3.7] startup
[0.636s] [ext: omni.kit.test-2.0.1] startup
[0.661s] [ext: omni.mdl-56.0.3] startup
[0.702s] [ext: omni.iray.libs-0.0.0] startup
[0.705s] [ext: omni.mdl.neuraylib-0.2.12] startup
[0.707s] [ext: omni.kit.usd.mdl-1.1.5] startup
[0.763s] [ext: omni.kit.pipapi-0.0.0] startup
[0.763s] [ext: omni.appwindow-1.1.10] startup
2026-08-15T10:34:05Z [758ms] [Warning] [carb.windowing-glfw.plugin] GLFW initialization failed.
2026-08-15T10:34:05Z [758ms] [Warning] [carb] Failed to startup plugin carb.windowing-glfw.plugin (interfaces: [carb::windowing::IGLContext v1.0],[carb::windowing::IWindowing v1.5]) (impl: carb.windowing-glfw.plugin)
[0.765s] [ext: omni.kit.renderer.core-1.1.0] startup
2026-08-15T10:34:05Z [768ms] [Warning] [carb.windowing-glfw.plugin] GLFW initialization failed.
2026-08-15T10:34:05Z [768ms] [Warning] [carb] Failed to startup plugin carb.windowing-glfw.plugin (interfaces: [carb::windowing::IGLContext v1.0],[carb::windowing::IWindowing v1.5]) (impl: carb.windowing-glfw.plugin)
2026-08-15T10:34:05Z [772ms] [Warning] [carb.windowing-glfw.plugin] GLFW initialization failed.
2026-08-15T10:34:05Z [772ms] [Warning] [carb] Failed to startup plugin carb.windowing-glfw.plugin (interfaces: [carb::windowing::IGLContext v1.0],[carb::windowing::IWindowing v1.5]) (impl: carb.windowing-glfw.plugin)
[0.778s] [ext: omni.kit.renderer.capture-0.0.0] startup
[0.779s] [ext: omni.kit.renderer.imgui-2.0.5] startup
2026-08-15T10:34:05Z [775ms] [Warning] [carb.windowing-glfw.plugin] GLFW initialization failed.
2026-08-15T10:34:05Z [775ms] [Warning] [carb] Failed to startup plugin carb.windowing-glfw.plugin (interfaces: [carb::windowing::IGLContext v1.0],[carb::windowing::IWindowing v1.5]) (impl: carb.windowing-glfw.plugin)
2026-08-15T10:34:05Z [776ms] [Warning] [carb.windowing-glfw.plugin] GLFW initialization failed.
2026-08-15T10:34:05Z [776ms] [Warning] [carb] Failed to startup plugin carb.windowing-glfw.plugin (interfaces: [carb::windowing::IGLContext v1.0],[carb::windowing::IWindowing v1.5]) (impl: carb.windowing-glfw.plugin)
2026-08-15T10:34:05Z [776ms] [Warning] [carb.windowing-glfw.plugin] GLFW initialization failed.
2026-08-15T10:34:05Z [776ms] [Warning] [carb] Failed to startup plugin carb.windowing-glfw.plugin (interfaces: [carb::windowing::IGLContext v1.0],[carb::windowing::IWindowing v1.5]) (impl: carb.windowing-glfw.plugin)
[0.809s] [ext: omni.ui-2.27.1] startup
[0.815s] [ext: omni.kit.mainwindow-1.0.3] startup
[0.815s] [ext: carb.audio-0.1.0] startup
[0.817s] [ext: omni.uiaudio-1.0.0] startup
[0.817s] [ext: omni.kit.uiapp-0.0.0] startup
[0.817s] [ext: omni.usd.schema.metrics.assembler-107.3.1] startup
[0.819s] [ext: omni.usd.schema.physx-107.3.26] startup
[0.835s] [ext: omni.usd.schema.geospatial-0.0.0] startup
[0.836s] [ext: omni.usd.schema.audio-0.0.0] startup
[0.837s] [ext: omni.usd.schema.anim-0.0.0] startup
[0.846s] [ext: omni.usd.schema.flow-107.1.1] startup
[0.847s] [ext: omni.usd_resolver-1.0.0] startup
[0.848s] [ext: omni.usd.core-1.5.3] startup
[0.850s] [ext: omni.usd.schema.omni_sensors-0.0.0] startup
[0.857s] [ext: omni.usd.schema.semantics-0.0.0] startup
[0.858s] [ext: omni.usd.schema.omniscripting-1.0.0] startup
[0.860s] [ext: omni.usd.schema.omni_lens_distortion-0.0.0] startup
[0.860s] [ext: omni.usd.schema.omnigraph-1.0.0] startup
[0.863s] [ext: omni.kit.window.popup_dialog-2.0.24] startup
[0.865s] [ext: omni.graph.exec-0.9.6] startup
[0.865s] [ext: omni.kit.widget.nucleus_connector-2.0.1] startup
[0.866s] [ext: omni.kit.usd_undo-0.1.8] startup
[0.866s] [ext: omni.kit.exec.core-0.13.4] startup
[0.867s] [ext: omni.kit.actions.core-1.0.0] startup
[0.868s] [ext: omni.resourcemonitor-107.0.1] startup
[0.869s] [ext: omni.activity.core-1.0.3] startup
[0.869s] [ext: omni.timeline-1.0.14] startup
[0.870s] [ext: omni.kit.commands-1.4.10] startup
[0.872s] [ext: usdrt.scenegraph-7.6.1] startup
[0.890s] [ext: omni.kit.audiodeviceenum-1.0.2] startup
[0.890s] [ext: omni.hydra.usdrt_delegate-7.5.1] startup
[0.893s] [ext: omni.hydra.scene_delegate-0.3.4] startup
[0.895s] [ext: omni.usd-1.13.10] startup
[0.907s] [ext: omni.inspect-1.0.2] startup
[0.907s] [ext: omni.kit.notification_manager-1.0.10] startup
[0.908s] [ext: omni.graph.core-2.184.5] startup
[0.909s] [ext: isaacsim.core.deprecation_manager-0.2.7] startup
[0.910s] [ext: omni.anim.graph.schema-107.3.3] startup
[0.913s] [ext: omni.usd.schema.isaac-3.0.5] startup
[0.913s] [ext: omni.anim.navigation.schema-107.3.3] startup
[0.914s] [ext: omni.kit.asset_converter-5.0.17] startup
[0.920s] [ext: isaacsim.robot.schema-3.6.0] startup
[0.924s] [ext: omni.usd.schema.render_settings.rtx-0.0.0] startup
[0.924s] [ext: omni.kit.menu.core-1.1.2] startup
[0.925s] [ext: omni.kit.widget.path_field-2.0.11] startup
[0.925s] [ext: omni.kit.widget.context_menu-1.2.5] startup
[0.926s] [ext: omni.kit.widget.browser_bar-2.0.10] startup
[0.926s] [ext: omni.kit.clipboard-1.0.5] startup
[0.926s] [ext: omni.kit.numpy.common-0.1.3] startup
[0.927s] [ext: omni.kit.widget.options_menu-1.1.6] startup
[0.928s] [ext: omni.kit.helper.file_utils-0.1.9] startup
[0.929s] [ext: omni.ui.scene-1.11.5] startup
[0.931s] [ext: omni.kit.widget.options_button-1.0.3] startup
[0.931s] [ext: omni.kit.widget.filebrowser-2.12.3] startup
[0.933s] [ext: omni.kit.usd.layers-2.2.11] startup
[0.937s] [ext: omni.kit.window.filepicker-2.13.4] startup
[0.943s] [ext: omni.kit.hotkeys.core-1.3.10] startup
[0.944s] [ext: omni.kit.context_menu-1.8.6] startup
[0.945s] [ext: omni.kit.property.adapter.core-1.0.2] startup
[0.946s] [ext: omni.kit.window.file_exporter-1.0.33] startup
[0.947s] [ext: omni.kit.widget.searchfield-1.1.8] startup
[0.947s] [ext: omni.kit.widget.filter-1.1.4] startup
[0.948s] [ext: omni.kit.widget.graph-2.0.0] startup
[0.950s] [ext: omni.kit.widget.stage-3.1.4] startup
[0.955s] [ext: omni.kit.property.adapter.usd-1.0.2] startup
[0.955s] [ext: omni.kit.property.adapter.fabric-1.0.3] startup
[0.956s] [ext: omni.kit.graph.delegate.default-1.2.3] startup
[0.956s] [ext: omni.kit.window.file_importer-1.1.18] startup
[0.956s] [ext: omni.kit.stage_template.core-1.1.22] startup
[0.956s] [ext: omni.kit.menu.utils-2.0.5] startup
[0.958s] [ext: omni.kit.window.file-2.0.5] startup
[0.960s] [ext: omni.kit.widget.highlight_label-1.0.3] startup
[0.960s] [ext: omni.kit.window.drop_support-1.0.5] startup
[0.960s] [ext: omni.kit.window.content_browser_registry-0.0.6] startup
[0.960s] [ext: omni.kit.window.property-1.12.1] startup
[0.961s] [ext: omni.kit.window.content_browser-3.1.3] startup
[0.966s] [ext: isaacsim.core.version-2.0.6] startup
[0.967s] [ext: omni.kit.property.usd-4.5.12] startup
[0.971s] [ext: omni.kit.graph.editor.core-1.5.3] startup
[0.972s] [ext: omni.kit.material.library-2.0.7] startup
[0.974s] [ext: omni.kit.graph.usd.commands-1.3.1] startup
[0.974s] [ext: omni.kvdb-107.3.26] startup
[0.975s] [ext: omni.usdphysics-107.3.26] startup
[0.976s] [ext: omni.physx.foundation-107.3.26] startup
[0.977s] [ext: omni.localcache-107.3.26] startup
[0.978s] [ext: omni.convexdecomposition-107.3.26] startup
[0.979s] [ext: omni.physics-107.3.26] startup
[0.980s] [ext: omni.physx.cooking-107.3.26] startup
[0.982s] [ext: omni.physics.stageupdate-107.3.26] startup
[0.983s] [ext: omni.physx-107.3.26] startup
[0.987s] [ext: omni.index.libs-380600.8087.0] startup
[0.987s] [ext: omni.physics.physx-107.3.26] startup
2026-08-15T10:34:05Z [982ms] [Warning] [carb] Acquiring non optional plugin interface which is not listed as dependency: [omni::physx::IPhysxBenchmarks v1.0] (plugin: <default plugin>), by client: omni.physics.physx.plugin. Add it to CARB_PLUGIN_IMPL_DEPS() macro of a client.
[0.988s] [ext: omni.index-1.0.1] startup
[0.988s] [ext: omni.volume-0.5.2] startup
[0.990s] [ext: omni.ujitso.client-0.0.0] startup
[0.990s] [ext: omni.hydra.rtx.shadercache.vulkan-1.0.0] startup
[0.990s] [ext: omni.kit.widget.searchable_combobox-1.0.6] startup
[0.991s] [ext: omni.hydra.rtx-1.0.0] startup
2026-08-15T10:34:05Z [994ms] [Warning] [omni.log] Source: omni.hydra was already registered.
[1.007s] [ext: omni.kit.widget.settings-1.2.6] startup
[1.008s] [ext: omni.kit.hydra_texture-1.4.6] startup
[1.010s] [ext: omni.graph.tools-1.79.2] startup
[1.020s] [ext: omni.kit.window.preferences-1.8.0] startup
[1.022s] [ext: omni.kit.widget.material_preview-1.0.16] startup
[1.023s] [ext: omni.graph-1.141.2] startup
[1.041s] [ext: omni.kit.window.material_graph-1.9.1] startup
[1.046s] [ext: omni.isaac.dynamic_control-2.0.7] startup
2026-08-15T10:34:05Z [1,042ms] [Warning] [omni.isaac.dynamic_control] omni.isaac.dynamic_control is deprecated as of Isaac Sim 4.5. No action is needed from end-users.
[1.048s] [ext: isaacsim.storage.native-1.5.1] startup
[1.050s] [ext: omni.graph.scriptnode-1.50.0] startup
[1.050s] [ext: omni.hydra.engine.stats-1.0.3] startup
[1.053s] [ext: omni.kit.viewport.legacy_gizmos-1.0.19] startup
[1.054s] [ext: omni.kit.raycast.query-1.1.0] startup
[1.057s] [ext: omni.graph.action_core-1.1.7] startup
[1.059s] [ext: omni.kit.viewport.scene_camera_model-1.0.6] startup
[1.062s] [ext: omni.graph.image.core-0.6.1] startup
[1.062s] [ext: omni.kit.widget.viewport-107.1.3] startup
[1.064s] [ext: omni.kit.viewport.registry-104.0.6] startup
[1.065s] [ext: omni.usd.metrics.assembler-107.3.1] startup
[1.066s] [ext: omni.kit.viewport.window-107.2.0] startup
[1.075s] [ext: omni.kit.viewport.menubar.core-107.2.1] startup
[1.081s] [ext: omni.graph.image.nodes-1.3.1] startup
[1.082s] [ext: omni.usd.metrics.assembler.physics-107.3.26] startup
[1.083s] [ext: omni.warp.core-1.8.2] startup
[1.172s] [ext: omni.kit.viewport.utility-1.1.2] startup
[1.173s] [ext: omni.physics.tensors-107.3.26] startup
[1.176s] [ext: omni.syntheticdata-0.6.13] startup
[1.188s] [ext: isaacsim.test.docstring-1.1.0] startup
[1.192s] [ext: isaacsim.core.utils-3.5.1] startup
[1.194s] [ext: omni.physx.tensors-107.3.26] startup
[1.198s] [ext: omni.graph.nodes-1.170.10] startup
[1.203s] [ext: omni.graph.action_nodes-1.50.4] startup
[1.204s] [ext: omni.kit.primitive.mesh-1.0.17] startup
[1.208s] [ext: isaacsim.core.simulation_manager-1.4.4] startup
[1.929s] [ext: omni.graph.ui_nodes-1.50.5] startup
[1.932s] [ext: omni.graph.action-1.130.0] startup
[1.932s] [ext: omni.kit.stage_templates-2.0.0] startup
[1.935s] [ext: isaacsim.core.prims-0.6.1] startup
[1.948s] [ext: omni.warp-1.8.2] startup
[1.952s] [ext: omni.videoencoding-0.1.2] startup
[1.954s] [ext: isaacsim.core.api-4.8.0] startup
[1.975s] [ext: isaacsim.core.experimental.utils-0.3.0] startup
[1.989s] [ext: omni.replicator.core-1.12.27] startup
2026-08-15T10:34:06Z [1,994ms] [Warning] [pxr.Semantics] pxr.Semantics is deprecated - please use Semantics instead
Warp 1.8.2 initialized:
   CUDA Toolkit 12.8, Driver 13.0
   Devices:
     "cpu"      : "x86_64"
     "cuda:0"   : "NVIDIA GeForce RTX 5070 Ti" (15 GiB, sm_120, mempool enabled)
   Kernel cache:
     /home/sun/.cache/warp/1.8.2
2026-08-15T10:34:06Z [2,043ms] [Warning] [omni.graph.core.plugin] Found duplicate of category 'Replicator' - was 'Annotators', adding 'Fabric Reader'
2026-08-15T10:34:06Z [2,043ms] [Warning] [omni.graph.core.plugin] Category 'Replicator' not accepted on node type 'omni.replicator.core.FabricReader' in extension 'omni.replicator.core'
2026-08-15T10:34:06Z [2,043ms] [Warning] [omni.replicator.core.scripts.extension] No material configuration file, adding configuration to material settings directly.
[2.051s] [ext: isaacsim.core.experimental.prims-0.8.1] startup
[2.074s] [ext: omni.kit.window.extensions-1.4.27] startup
[2.080s] [ext: isaacsim.core.experimental.objects-0.4.0] startup
[2.107s] [ext: omni.ui_query-1.1.8] startup
[2.117s] [ext: omni.kit.manipulator.viewport-107.0.1] startup
[2.157s] [ext: isaacsim.robot.surface_gripper-3.3.1] startup
[2.188s] [ext: omni.kit.ui_test-1.3.7] startup
[2.207s] [ext: omni.graph.visualization.nodes-2.1.3] startup
Warp DeprecationWarning: The `warp.sim` module is deprecated and will be removed in v1.10. Please transition to using the forthcoming Newton library instead.
[2.324s] [ext: isaacsim.robot_motion.lula-4.0.8] startup
[2.329s] [ext: isaacsim.core.nodes-3.4.3] startup
[2.335s] [ext: isaacsim.gui.components-1.2.1] startup
[2.343s] [ext: isaacsim.robot_motion.motion_generation-8.0.26] startup
[2.358s] [ext: isaacsim.robot.manipulators-3.3.6] startup
[2.364s] [ext: isaacsim.core.experimental.materials-0.4.0] startup
[2.369s] [ext: isaacsim.robot.manipulators.examples-1.1.2] startup
[2.372s] [ext: isaacsim.cortex.framework-1.0.12] startup
[2.375s] [ext: isaacsim.cortex.behaviors-2.0.14] startup
[2.376s] [ext: omni.isaac.cortex.sample_behaviors-2.0.5] startup
2026-08-15T10:34:06Z [2,373ms] [Warning] [omni.isaac.cortex] omni.isaac.cortex has been deprecated in favor of isaacsim.cortex.framework. Please update your code accordingly.
2026-08-15T10:34:06Z [2,374ms] [Warning] [omni.isaac.cortex.sample_behaviors] omni.isaac.cortex.sample_behaviors has been deprecated in favor of isaacsim.cortex.behaviors. Please update your code accordingly.
[2.380s] [ext: omni.kit.widget.zoombar-1.0.6] startup
[2.383s] [ext: isaacsim.gui.content_browser-0.1.11] startup
[2.385s] [ext: omni.kit.browser.core-2.3.13] startup
[2.390s] [ext: omni.kit.widget.stage_icons-1.0.8] startup
[2.392s] [ext: omni.kit.widget.prompt-1.0.7] startup
[2.393s] [ext: omni.kit.usd.collect-2.4.5] startup
[2.397s] [ext: omni.kit.browser.folder.core-1.10.9] startup
[2.404s] [ext: omni.kit.window.stage-2.6.1] startup
[2.411s] [ext: omni.kit.usdz_export-1.0.9] startup
[2.413s] [ext: omni.kit.tool.collect-2.2.18] startup
[2.415s] [ext: omni.kit.menu.stage-1.2.7] startup
[2.416s] [ext: omni.kit.tool.asset_importer-4.3.2] startup
[2.421s] [ext: isaacsim.robot.wheeled_robots-4.0.24] startup
[2.427s] [ext: isaacsim.examples.browser-0.2.1] startup
[2.429s] [ext: isaacsim.asset.importer.urdf-2.4.30] startup
[2.464s] [ext: omni.isaac.wheeled_robots-3.0.7] startup
2026-08-15T10:34:06Z [2,459ms] [Warning] [omni.isaac.wheeled_robots] omni.isaac.wheeled_robots has been deprecated in favor of isaacsim.robot.wheeled_robots. Please update your code accordingly.
2026-08-15T10:34:06Z [2,459ms] [Warning] [omni.isaac.wheeled_robots.controllers] omni.isaac.wheeled_robots has been deprecated in favor of isaacsim.robot.wheeled_robots. Please update your code accordingly.
2026-08-15T10:34:06Z [2,460ms] [Warning] [omni.isaac.wheeled_robots.controllers.ackermann_controller] omni.isaac.wheeled_robots has been deprecated in favor of isaacsim.robot.wheeled_robots. Please update your code accordingly.
2026-08-15T10:34:06Z [2,460ms] [Warning] [omni.isaac.wheeled_robots.controllers.differential_controller] omni.isaac.wheeled_robots has been deprecated in favor of isaacsim.robot.wheeled_robots. Please update your code accordingly.
2026-08-15T10:34:06Z [2,460ms] [Warning] [omni.isaac.wheeled_robots.controllers.holonomic_controller] omni.isaac.wheeled_robots has been deprecated in favor of isaacsim.robot.wheeled_robots. Please update your code accordingly.
2026-08-15T10:34:06Z [2,460ms] [Warning] [omni.isaac.wheeled_robots.controllers.quintic_path_planner] omni.isaac.wheeled_robots has been deprecated in favor of isaacsim.robot.wheeled_robots. Please update your code accordingly.
2026-08-15T10:34:06Z [2,460ms] [Warning] [omni.isaac.wheeled_robots.controllers.stanley_control] omni.isaac.wheeled_robots has been deprecated in favor of isaacsim.robot.wheeled_robots. Please update your code accordingly.
2026-08-15T10:34:06Z [2,460ms] [Warning] [omni.isaac.wheeled_robots.controllers.wheel_base_pose_controller] omni.isaac.wheeled_robots has been deprecated in favor of isaacsim.robot.wheeled_robots. Please update your code accordingly.
2026-08-15T10:34:06Z [2,461ms] [Warning] [omni.isaac.wheeled_robots.impl] omni.isaac.wheeled_robots has been deprecated in favor of isaacsim.robot.wheeled_robots. Please update your code accordingly.
2026-08-15T10:34:06Z [2,461ms] [Warning] [omni.isaac.wheeled_robots.robots] omni.isaac.wheeled_robots has been deprecated in favor of isaacsim.robot.wheeled_robots. Please update your code accordingly.
2026-08-15T10:34:06Z [2,463ms] [Warning] [omni.isaac.wheeled_robots.robots.holonomic_robot_usd_setup] omni.isaac.wheeled_robots has been deprecated in favor of isaacsim.robot.wheeled_robots. Please update your code accordingly.
2026-08-15T10:34:06Z [2,464ms] [Warning] [omni.isaac.wheeled_robots.robots.wheeled_robot] omni.isaac.wheeled_robots has been deprecated in favor of isaacsim.robot.wheeled_robots. Please update your code accordingly.
[2.470s] [ext: isaacsim.simulation_app-2.12.2] startup
[2.471s] [ext: omni.isaac.franka-1.0.7] startup
2026-08-15T10:34:06Z [2,465ms] [Warning] [omni.isaac.franka] omni.isaac.franka has been deprecated in favor of isaacsim.robot.manipulators.examples.franka. Please update your code accordingly.
2026-08-15T10:34:06Z [2,465ms] [Warning] [omni.isaac.franka.franka] omni.isaac.franka has been deprecated in favor of isaacsim.robot.manipulators.examples.franka. Please update your code accordingly.
2026-08-15T10:34:06Z [2,475ms] [Warning] [omni.isaac.franka.kinematics_solver] omni.isaac.franka has been deprecated in favor of isaacsim.robot.manipulators.examples.franka. Please update your code accordingly.
[2.481s] [ext: omni.isaac.kit-2.0.6] startup
2026-08-15T10:34:06Z [2,476ms] [Warning] [omni.isaac.kit] omni.isaac.kit has been deprecated in favor of isaacsim.simulation_app. Please update your code accordingly.
[2.482s] [ext: omni.kit.selection-0.1.6] startup
[2.483s] [ext: omni.isaac.lula-4.0.6] startup
2026-08-15T10:34:06Z [2,478ms] [Warning] [omni.isaac.lula] omni.isaac.lula has been deprecated in favor of isaacsim.robot_motion.lula. Please update your code accordingly.
[2.484s] [ext: isaacsim.robot_motion.lula_test_widget-1.0.12] startup
[2.485s] [ext: isaacsim.asset.browser-1.3.23] startup
[2.527s] [ext: omni.kit.viewport.actions-107.0.2] startup
[2.530s] [ext: isaacsim.gui.menu-2.4.4] startup
[2.533s] [ext: omni.isaac.manipulators-3.0.7] startup
2026-08-15T10:34:06Z [2,528ms] [Warning] [omni.isaac.manipulators] omni.isaac.manipulators has been deprecated in favor of isaacsim.robot.manipulators. Please update your code accordingly.
2026-08-15T10:34:06Z [2,528ms] [Warning] [omni.isaac.manipulators.controllers] omni.isaac.manipulators has been deprecated in favor of isaacsim.robot.manipulators. Please update your code accordingly.
2026-08-15T10:34:06Z [2,528ms] [Warning] [omni.isaac.manipulators.controllers.pick_place_controller] omni.isaac.manipulators has been deprecated in favor of isaacsim.robot.manipulators. Please update your code accordingly.
2026-08-15T10:34:06Z [2,529ms] [Warning] [omni.isaac.manipulators.controllers.stacking_controller] omni.isaac.manipulators has been deprecated in favor of isaacsim.robot.manipulators. Please update your code accordingly.
2026-08-15T10:34:06Z [2,530ms] [Warning] [omni.isaac.manipulators.grippers] omni.isaac.manipulators has been deprecated in favor of isaacsim.robot.manipulators. Please update your code accordingly.
2026-08-15T10:34:06Z [2,530ms] [Warning] [omni.isaac.manipulators.grippers.gripper] omni.isaac.manipulators has been deprecated in favor of isaacsim.robot.manipulators. Please update your code accordingly.
2026-08-15T10:34:06Z [2,530ms] [Warning] [omni.isaac.manipulators.grippers.parallel_gripper] omni.isaac.manipulators has been deprecated in favor of isaacsim.robot.manipulators. Please update your code accordingly.
2026-08-15T10:34:06Z [2,530ms] [Warning] [omni.isaac.manipulators.grippers.surface_gripper] omni.isaac.manipulators has been deprecated in favor of isaacsim.robot.manipulators. Please update your code accordingly.
2026-08-15T10:34:06Z [2,530ms] [Warning] [omni.isaac.manipulators.manipulators] omni.isaac.manipulators has been deprecated in favor of isaacsim.robot.manipulators. Please update your code accordingly.
2026-08-15T10:34:06Z [2,530ms] [Warning] [omni.isaac.manipulators.manipulators.single_manipulator] omni.isaac.manipulators has been deprecated in favor of isaacsim.robot.manipulators. Please update your code accordingly.
[2.536s] [ext: omni.isaac.lula_test_widget-1.0.6] startup
2026-08-15T10:34:06Z [2,531ms] [Warning] [omni.isaac.lula_test_widget] omni.isaac.lula_test_widget has been deprecated in favor of isaacsim.robot_motion.lula_test_widget. Please update your code accordingly.
[2.537s] [ext: omni.isaac.asset_browser-1.0.6] startup
2026-08-15T10:34:06Z [2,532ms] [Warning] [omni.isaac.asset_browser] omni.isaac.asset_browser has been deprecated in favor of isaacsim.asset.browser. Please update your code accordingly.
[2.538s] [ext: omni.kit.viewport.menubar.display-107.0.3] startup
[2.541s] [ext: omni.isaac.menu-1.0.6] startup
2026-08-15T10:34:06Z [2,535ms] [Warning] [omni.isaac.menu] omni.isaac.menu has been deprecated in favor of isaacsim.gui.menu. Please update your code accordingly.
[2.541s] [ext: omni.isaac.motion_generation-8.0.7] startup
2026-08-15T10:34:06Z [2,536ms] [Warning] [omni.isaac.motion_generation] omni.isaac.motion_generation has been deprecated in favor of isaacsim.robot_motion.motion_generation. Please update your code accordingly.
2026-08-15T10:34:06Z [2,536ms] [Warning] [omni.isaac.motion_generation.articulation_kinematics_solver] omni.isaac.motion_generation has been deprecated in favor of isaacsim.robot_motion.motion_generation. Please update your code accordingly.
2026-08-15T10:34:06Z [2,537ms] [Warning] [omni.isaac.motion_generation.articulation_motion_policy] omni.isaac.motion_generation has been deprecated in favor of isaacsim.robot_motion.motion_generation. Please update your code accordingly.
2026-08-15T10:34:06Z [2,537ms] [Warning] [omni.isaac.motion_generation.articulation_trajectory] omni.isaac.motion_generation has been deprecated in favor of isaacsim.robot_motion.motion_generation. Please update your code accordingly.
2026-08-15T10:34:06Z [2,537ms] [Warning] [omni.isaac.motion_generation.kinematics_interface] omni.isaac.motion_generation has been deprecated in favor of isaacsim.robot_motion.motion_generation. Please update your code accordingly.
2026-08-15T10:34:06Z [2,537ms] [Warning] [omni.isaac.motion_generation.lula] omni.isaac.motion_generation has been deprecated in favor of isaacsim.robot_motion.motion_generation. Please update your code accordingly.
2026-08-15T10:34:06Z [2,537ms] [Warning] [omni.isaac.motion_generation.lula.kinematics] omni.isaac.motion_generation has been deprecated in favor of isaacsim.robot_motion.motion_generation. Please update your code accordingly.
2026-08-15T10:34:06Z [2,538ms] [Warning] [omni.isaac.motion_generation.lula.motion_policies] omni.isaac.motion_generation has been deprecated in favor of isaacsim.robot_motion.motion_generation. Please update your code accordingly.
2026-08-15T10:34:06Z [2,538ms] [Warning] [omni.isaac.motion_generation.lula.path_planners] omni.isaac.motion_generation has been deprecated in favor of isaacsim.robot_motion.motion_generation. Please update your code accordingly.
2026-08-15T10:34:06Z [2,538ms] [Warning] [omni.isaac.motion_generation.lula.trajectory_generator] omni.isaac.motion_generation has been deprecated in favor of isaacsim.robot_motion.motion_generation. Please update your code accordingly.
2026-08-15T10:34:06Z [2,538ms] [Warning] [omni.isaac.motion_generation.motion_policy_controller] omni.isaac.motion_generation has been deprecated in favor of isaacsim.robot_motion.motion_generation. Please update your code accordingly.
2026-08-15T10:34:06Z [2,538ms] [Warning] [omni.isaac.motion_generation.motion_policy_interface] omni.isaac.motion_generation has been deprecated in favor of isaacsim.robot_motion.motion_generation. Please update your code accordingly.
2026-08-15T10:34:06Z [2,538ms] [Warning] [omni.isaac.motion_generation.path_planner_visualizer] omni.isaac.motion_generation has been deprecated in favor of isaacsim.robot_motion.motion_generation. Please update your code accordingly.
2026-08-15T10:34:06Z [2,538ms] [Warning] [omni.isaac.motion_generation.path_planning_interface] omni.isaac.motion_generation has been deprecated in favor of isaacsim.robot_motion.motion_generation. Please update your code accordingly.
2026-08-15T10:34:06Z [2,538ms] [Warning] [omni.isaac.motion_generation.trajectory] omni.isaac.motion_generation has been deprecated in favor of isaacsim.robot_motion.motion_generation. Please update your code accordingly.
2026-08-15T10:34:06Z [2,538ms] [Warning] [omni.isaac.motion_generation.world_interface] omni.isaac.motion_generation has been deprecated in favor of isaacsim.robot_motion.motion_generation. Please update your code accordingly.
[2.544s] [ext: omni.isaac.assets_check-0.3.13] startup
2026-08-15T10:34:06Z [2,539ms] [Warning] [omni.isaac.assets_check] omni.isaac.assets_check has been deprecated in favor of isaacsim.asset.browser. Please update your code accordingly.
[2.544s] [ext: isaacsim.gui.sensors.icon-2.0.3] startup
[2.551s] [ext: isaacsim.asset.importer.mjcf-2.5.13] startup
[2.554s] [ext: omni.sensors.nv.common-3.0.0] startup
[2.559s] [ext: isaacsim.sensors.physics-0.4.3] startup
[2.562s] [ext: omni.sensors.net-1.0.0] startup
[2.564s] [ext: omni.isaac.nucleus-1.0.6] startup
2026-08-15T10:34:07Z [2,559ms] [Warning] [omni.isaac.nucleus] omni.isaac.nucleus has been deprecated in favor of isaacsim.storage.native. Please update your code accordingly.
2026-08-15T10:34:07Z [2,559ms] [Warning] [omni.isaac.nucleus.nucleus] omni.isaac.nucleus.nucleus has been deprecated in favor of isaacsim.storage.native. Please update your code accordingly.
[2.565s] [ext: omni.sensors.nv.materials-2.0.0] startup
[2.568s] [ext: isaacsim.robot.policy.examples-4.1.11] startup
[2.570s] [ext: omni.sensors.nv.wpm-3.0.0] startup
[2.571s] [ext: omni.sensors.nv.lidar-3.0.0] startup
[2.575s] [ext: isaacsim.util.debug_draw-3.1.0] startup
[2.576s] [ext: omni.sensors.nv.radar-3.0.0] startup
[2.578s] [ext: omni.sensors.nv.ids-2.0.0] startup
[2.579s] [ext: isaacsim.core.cloner-1.4.10] startup
[2.580s] [ext: isaacsim.sensors.physx-2.3.2] startup
[2.583s] [ext: isaacsim.sensors.rtx-15.8.4] startup
[2.587s] [ext: isaacsim.sensors.camera-1.3.6] startup
[2.591s] [ext: omni.isaac.quadruped-3.0.7] startup
2026-08-15T10:34:07Z [2,588ms] [Warning] [omni.isaac.quadruped] omni.isaac.quadruped has been deprecated in favor of isaacsim.robot.policy.examples. Please update your code accordingly.
[2.594s] [ext: omni.isaac.cloner-1.0.7] startup
2026-08-15T10:34:07Z [2,590ms] [Warning] [omni.isaac.cloner] omni.isaac.cloner has been deprecated in favor of isaacsim.core.cloner. Please update your code accordingly.
[2.596s] [ext: omni.isaac.range_sensor-4.0.6] startup
2026-08-15T10:34:07Z [2,591ms] [Warning] [omni.isaac.range_sensor] omni.isaac.range_sensor has been deprecated in favor of isaacsim.sensors.physx. Please update your code accordingly.
2026-08-15T10:34:07Z [2,592ms] [Warning] [omni.isaac.range_sensor.commands] omni.isaac.range_sensor.commands has been deprecated in favor of isaacsim.sensors.physx.commands. Please update your code accordingly.
[2.598s] [ext: omni.isaac.sensor-13.0.7] startup
2026-08-15T10:34:07Z [2,594ms] [Warning] [omni.isaac.sensor] omni.isaac.sensor has been deprecated in favor of isaacsim.sensors.camera, isaacsim.sensors.physics, isaacsim.sensors.physx, and isaacsim.sensors.rtx. Please update your code accordingly.
2026-08-15T10:34:07Z [2,594ms] [Warning] [omni.isaac.sensor.camera] omni.isaac.sensor.camera has been deprecated in favor of isaacsim.sensors.camera.camera. Please update your code accordingly.
2026-08-15T10:34:07Z [2,594ms] [Warning] [omni.isaac.sensor.camera_view] omni.isaac.sensor.camera_view has been deprecated in favor of isaacsim.sensors.camera.camera_view. Please update your code accordingly.
2026-08-15T10:34:07Z [2,594ms] [Warning] [omni.isaac.sensor.commands] omni.isaac.sensor.commands has been deprecated in favor of isaacsim.sensors.physics.commands, isaacsim.sensors.physx.commands, and isaacsim.sensors.rtx.commands. Please update your code accordingly.
2026-08-15T10:34:07Z [2,595ms] [Warning] [omni.isaac.sensor.contact_sensor] omni.isaac.sensor.contact_sensor has been deprecated in favor of isaacsim.sensors.physics.contact_sensor. Please update your code accordingly.
2026-08-15T10:34:07Z [2,595ms] [Warning] [omni.isaac.sensor.imu_sensor] omni.isaac.sensor.imu_sensor has been deprecated in favor of isaacsim.sensors.physics.imu_sensor. Please update your code accordingly.
2026-08-15T10:34:07Z [2,595ms] [Warning] [omni.isaac.sensor.lidar_rtx] omni.isaac.sensor.lidar_rtx has been deprecated in favor of isaacsim.sensors.rtx.lidar_rtx. Please update your code accordingly.
2026-08-15T10:34:07Z [2,595ms] [Warning] [omni.isaac.sensor.rotating_lidar_physX] omni.isaac.sensor.imu_sensor has been deprecated in favor of isaacsim.sensors.physix.rotating_lidar_physX. Please update your code accordingly.
2026-08-15T10:34:07Z [2,595ms] [Warning] [omni.isaac.sensor.scripts.samples.contact_sensor] omni.isaac.sensor.scripts.samples.contact_sensor has been deprecated in favor of isaacsim.sensors.physics.scripts.samples.contact_sensor. Please update your code accordingly.
2026-08-15T10:34:07Z [2,595ms] [Warning] [omni.isaac.sensor.scripts.samples.imu_sensor] omni.isaac.sensor.scripts.samples.imu_sensor has been deprecated in favor of isaacsim.sensors.physics.scripts.samples.imu_sensor. Please update your code accordingly.
2026-08-15T10:34:07Z [2,595ms] [Warning] [omni.isaac.sensor.scripts.samples.lightbeam_sensor] omni.isaac.sensor.scripts.samples.lightbeam_sensor has been deprecated in favor of isaacsim.sensors.physx.scripts.samples.lightbeam_sensor. Please update your code accordingly.
[2.601s] [ext: omni.kit.menu.create-2.0.1] startup
[2.602s] [ext: omni.kit.widget.toolbar-2.0.1] startup
[2.609s] [ext: omni.kit.manipulator.transform-107.0.0] startup
[2.612s] [ext: omni.isaac.core-4.0.7] startup
2026-08-15T10:34:07Z [2,606ms] [Warning] [omni.isaac.core.physics_context.physics_context] omni.isaac.core.physics_context.physics_context has been deprecated in favor of isaacsim.core.api.physics_context.physics_context. Please update your code accordingly.
2026-08-15T10:34:07Z [2,606ms] [Warning] [omni.isaac.core.simulation_context.simulation_context] omni.isaac.core.simulation_context.simulation_context has been deprecated in favor of isaacsim.core.api.simulation_context.simulation_context. Please update your code accordingly.
2026-08-15T10:34:07Z [2,606ms] [Warning] [omni.isaac.core.world.world] omni.isaac.core.world.world has been deprecated in favor of isaacsim.core.api.world.world. Please update your code accordingly.
2026-08-15T10:34:07Z [2,606ms] [Warning] [omni.isaac.core] omni.isaac.core has been deprecated in favor of isaacsim.core.api. Please update your code accordingly.
[2.612s] [ext: omni.kit.scripting-107.3.2] startup
[2.615s] [ext: omni.kit.manipulator.tool.snap-1.5.13] startup
[2.618s] [ext: omni.kit.manipulator.selector-1.1.3] startup
[2.618s] [ext: isaacsim.app.about-2.0.11] startup
[2.621s] [ext: isaacsim.replicator.behavior-1.1.16] startup
[2.622s] [ext: omni.kit.viewport.manipulator.transform-107.0.4] startup
[2.623s] [ext: omni.isaac.window.about-2.0.7] startup
2026-08-15T10:34:07Z [2,618ms] [Warning] [omni.isaac.window.about] omni.isaac.window.about has been deprecated in favor of isaacsim.app.about. Please update your code accordingly.
2026-08-15T10:34:07Z [2,618ms] [Warning] [omni.isaac.window.about.about] omni.isaac.window.about.about has been deprecated in favor of isaacsim.app.about.about. Please update your code accordingly.
[2.624s] [ext: omni.fabric.commands-1.1.6] startup
[2.626s] [ext: omni.kit.manipulator.prim.core-107.0.8] startup
[2.629s] [ext: omni.kit.property.audio-1.0.16] startup
[2.630s] [ext: omni.kit.property.camera-1.0.10] startup
[2.631s] [ext: omni.kit.property.geometry-2.0.4] startup
[2.632s] [ext: omni.hydra.scene_api-0.1.2] startup
[2.635s] [ext: omni.kit.property.light-1.0.12] startup
[2.640s] [ext: omni.kit.manipulator.prim.fabric-107.0.4] startup
[2.641s] [ext: omni.kit.manipulator.prim.usd-107.0.3] startup
[2.642s] [ext: omni.kit.property.material-1.11.9] startup
[2.645s] [ext: omni.kit.property.render-1.2.1] startup
[2.646s] [ext: omni.kit.property.transform-1.5.13] startup
[2.648s] [ext: isaacsim.gui.property-1.1.3] startup
[2.649s] [ext: omni.kit.manipulator.camera-106.0.4] startup
[2.651s] [ext: omni.kit.manipulator.prim-107.0.0] startup
[2.651s] [ext: omni.isaac.surface_gripper-2.0.6] startup
2026-08-15T10:34:07Z [2,646ms] [Warning] [omni.isaac.surface_gripper] omni.isaac.surface_gripper has been deprecated in favor of isaacsim.robot.surface_gripper. Please update your code accordingly.
[2.651s] [ext: omni.kit.manipulator.selection-106.0.1] startup
[2.653s] [ext: omni.kit.property.bundle-1.4.1] startup
[2.654s] [ext: omni.kit.property.isaac-1.0.6] startup
2026-08-15T10:34:07Z [2,649ms] [Warning] [omni.kit.property.isaac] omni.kit.property.isaac has been deprecated in favor of isaacsim.gui.property. Please update your code accordingly.
2026-08-15T10:34:07Z [2,649ms] [Warning] [omni.kit.property.isaac.widgets] omni.kit.property.isaac.widgets has been deprecated in favor of isaacsim.gui.property.widgets. Please update your code accordingly.
[2.655s] [ext: omni.isaac.universal_robots-1.0.6] startup
2026-08-15T10:34:07Z [2,649ms] [Warning] [omni.isaac.universal_robots] omni.isaac.universal_robots has been deprecated in favor of isaacsim.robot.manipulators.examples.universal_robots. Please update your code accordingly.
2026-08-15T10:34:07Z [2,649ms] [Warning] [omni.isaac.universal_robots.kinematics_solver] omni.isaac.franka has been deprecated in favor of isaacsim.robot.manipulators.examples.universal_robots. Please update your code accordingly.
2026-08-15T10:34:07Z [2,650ms] [Warning] [omni.isaac.universal_robots.ur10] omni.isaac.franka has been deprecated in favor of isaacsim.robot.manipulators.examples.universal_robots. Please update your code accordingly.
[2.656s] [ext: omni.isaac.core_nodes-2.0.6] startup
2026-08-15T10:34:07Z [2,651ms] [Warning] [omni.isaac.core_nodes] omni.isaac.core_nodes has been deprecated in favor of isaacsim.core.nodes. Please update your code accordingly.
[2.657s] [ext: omni.kit.viewport.menubar.camera-107.0.6] startup
[2.661s] [ext: omni.kit.viewport.menubar.lighting-107.3.1] startup
[2.662s] [ext: isaacsim.replicator.writers-1.0.17] startup
[2.670s] [ext: omni.kit.viewport.menubar.render-107.0.10] startup
[2.672s] [ext: omni.kit.viewport.menubar.settings-107.0.3] startup
[2.677s] [ext: omni.kit.window.console-1.1.4] startup
[2.679s] [ext: isaacsim.replicator.domain_randomization-1.0.16] startup
[2.680s] [ext: isaacsim.replicator.examples-1.3.6] startup
[2.682s] [ext: omni.ocio-0.1.1] startup
[2.683s] [ext: omni.rtx.window.settings-0.6.19] startup
[2.691s] [ext: omni.kit.window.status_bar-0.1.9] startup
[2.695s] [ext: omni.kit.window.toolbar-2.0.0] startup
[2.697s] [ext: omni.replicator.isaac-2.0.8] startup
2026-08-15T10:34:07Z [2,691ms] [Warning] [omni.replicator.isaac] omni.replicator.isaac has been deprecated in favor of isaacsim.replicator.domain_randomization, isaacsim.replicator.examples, isaacsim.replicator.writers. Please update your code accordingly.
[2.697s] [ext: omni.replicator.replicator_yaml-2.0.11] startup
[2.706s] [ext: omni.rtx.settings.core-0.6.5] startup
[2.709s] [ext: omni.usd.metrics.assembler.ui-107.3.1] startup
[2.715s] [ext: omni.isaac.utils-2.0.6] startup
[2.715s] [ext: semantics.schema.editor-2.0.2] startup
[2.718s] [ext: omni.kit.ui.actions-1.0.5] startup
[2.719s] [ext: semantics.schema.property-2.0.1] startup
[2.719s] [ext: omni.isaac.version-2.0.7] startup
2026-08-15T10:34:07Z [2,714ms] [Warning] [omni.isaac.version] omni.isaac.version has been deprecated in favor of isaacsim.core.version. Please update your code accordingly.
[2.720s] [ext: omni.isaac.cortex-1.0.5] startup
[2.721s] [ext: omni.anim.curve.core-1.3.1] startup
[2.726s] [ext: isaacsim.core.throttling-2.2.2] startup
[2.727s] [ext: omni.kit.menu.common-2.0.1] startup
[2.728s] [ext: isaacsim.exp.base-5.1.0] startup
[2.729s] [ext: isaacsim.exp.base.python-5.1.0] startup
[2.729s] Simulation App Starting
2026-08-15T10:34:07Z [2,780ms] [Warning] [omni.fabric.plugin] Warning: attribute viewportHandle not found for bucket id 9

[2.807s] app ready
[4.287s] Simulation App Startup Complete
[4.294s] [ext: omni.anim.behavior.schema-107.3.0] startup
[4.298s] [ext: omni.anim.asset-107.3.0] startup
[4.300s] [ext: omni.debugdraw-0.1.4] startup
[4.302s] [ext: omni.anim.retarget.core-107.3.3] startup
[4.305s] [ext: omni.anim.graph.core-107.3.4] startup
2026-08-15T10:34:08Z [4,307ms] [Warning] [omni.graph.core._impl._registration.register_python_ogn] Python import process in omni.anim.graph.core failed - 'NoneType' object is not subscriptable. Aborting Python node registration
[4.313s] [ext: omni.kit.quicklayout-1.0.8] startup
[4.332s] [ext: omni.anim.navigation.core-107.3.8] startup
[4.335s] [ext: omni.metropolis.utils-0.1.20] startup
[4.357s] [ext: omni.anim.people-0.7.9] startup
[4.365s] [ext: omni.services.pip_archive-0.16.0] startup
[4.387s] [ext: omni.kit.mesh.raycast-107.0.1] startup
[4.390s] [ext: isaacsim.anim.robot-0.0.15] startup
[4.397s] [ext: omni.flowusd-107.1.8] startup
2026-08-15T10:34:08Z [4,393ms] [Warning] [omni.stageupdate.plugin] Deprecated: direct use of IStageUpdate callbacks is deprecated. Use IStageUpdate::getStageUpdate instead.
[4.401s] [ext: isaacsim.replicator.incident-0.1.28] startup
[isaacsim.replicator.incident] started
[4.444s] [ext: isaacsim.replicator.agent.core-0.7.28] startup
2026-08-15T10:34:08Z [4,533ms] [Warning] [omni.anim.graph.core.plugin] CharacterManager::Shutdown() called without a prior successful call to CharacterManager::Initialize().
2026-08-15T10:34:11Z [7,012ms] [Warning] [omni.fabric.plugin] Warning: attribute evaluatedTranslations not found for bucket id 11

2026-08-15T10:34:12Z [7,576ms] [Warning] [omni.fabric.plugin] Warning: attribute animationGraph not found for path /World/Characters/Character/male_adult_police_04/ManRoot/male_adult_police_04

2026-08-15T10:34:12Z [8,260ms] [Warning] [carb] Client gpu.foundation.plugin has acquired [gpu::unstable::IMemoryBudgetManagerFactory v0.1] 100 times. Consider accessing this interface with carb::getCachedInterface() (Performance warning)
OFFICIAL_HUMAN_CACHE={"animation_graph": "/World/Characters/Biped_Setup/CharacterAnimation/AnimationGraph", "biped_url": "https://omniverse-content-production.s3-us-west-2.amazonaws.com/Assets/Isaac/5.1/Isaac/People/Characters/Biped_Setup.usd", "cache_content_sha256": "76c19b57ebd03e01820e6b9db79bde8f2f3e436302744ef457278af8d17ef5b3", "cache_file_sha256": "ac58a683fe9dd85ec3ad0266c7653b289dc1dd9b256d2abac0cc96ac7e45cfcb", "cache_path": "/home/sun/machine-dog-nav-runs/2026-08-14_scan_forest_v8_human/results/v8_official_scan_no_contact_preflight01/official_human_retarget_cache.npz", "character_url": "https://omniverse-content-production.s3-us-west-2.amazonaws.com/Assets/Isaac/5.1/Isaac/People/Characters/male_adult_police_04/male_adult_police_04.usd", "claim": "runtime-generated replay cache of the official Isaac Sim 5.1 Biped AnimationGraph output after ControlRig retargeting to the official male_adult_police_04 skeleton", "direct_gpu_animation_graph_used": false, "fps": 30, "idle_frame_count": 60, "joint_count": 101, "local_procedural_gait": false, "redistribution": "generated on the execution host from referenced NVIDIA content; the cache is an experiment artifact and is not vendored as source", "schema_version": 1, "skel_root": "/World/Characters/Character/male_adult_police_04/ManRoot/male_adult_police_04", "skeleton": "/World/Characters/Character/male_adult_police_04/ManRoot/male_adult_police_04/male_adult_police_04/male_adult_police_04", "walk_frame_count": 90, "walk_warmup_frame_count": 30}
2026-08-15T10:34:13Z [8,915ms] [Warning] [omni.usd] Unexpected reference count of 2 for UsdStage 'anon:0x59ac5cab31e0:World1.usd' while being closed in UsdContext (this may indicate it is still resident in memory).
[8.961s] Simulation App Shutting Down
