Starting >>> plan_env
Starting >>> scan_planner_msgs
[ 27%] Built target gtest_main
[ 36%] Built target gtest
[  2%] Built target scan_planner_msgs__cpp
[ 54%] Built target test_occupancy_decay
[ 72%] Built target test_occlusion_shadow
[ 12%] Built target scan_planner_msgs__rosidl_generator_c
[ 23%] Built target scan_planner_msgs__rosidl_typesupport_cpp
[ 33%] Built target scan_planner_msgs__rosidl_typesupport_introspection_cpp
[ 43%] Built target scan_planner_msgs__rosidl_typesupport_fastrtps_cpp
[ 53%] Built target scan_planner_msgs__rosidl_typesupport_c
[ 64%] Built target scan_planner_msgs__rosidl_typesupport_introspection_c
[100%] Built target plan_env
[ 74%] Built target scan_planner_msgs__rosidl_typesupport_fastrtps_c
[ 74%] Built target scan_planner_msgs
-- Install configuration: ""
-- Execute custom install script
-- Up-to-date symlink: /workspace/install/plan_env/include/plan_env/grid_map.h
-- Up-to-date symlink: /workspace/install/plan_env/include/plan_env/occlusion_shadow.h
-- Up-to-date symlink: /workspace/install/plan_env/include/plan_env/occupancy_decay.h
-- Up-to-date symlink: /workspace/install/plan_env/include/plan_env/raycast.h
-- Up-to-date symlink: /workspace/install/plan_env/share/plan_env/environment/library_path.sh
-- Up-to-date symlink: /workspace/install/plan_env/share/plan_env/environment/library_path.dsv
-- Up-to-date symlink: /workspace/install/plan_env/share/ament_index/resource_index/package_run_dependencies/plan_env
-- Up-to-date symlink: /workspace/install/plan_env/share/ament_index/resource_index/parent_prefix_path/plan_env
-- Up-to-date symlink: /workspace/install/plan_env/share/plan_env/environment/ament_prefix_path.sh
-- Up-to-date symlink: /workspace/install/plan_env/share/plan_env/environment/ament_prefix_path.dsv
-- Up-to-date symlink: /workspace/install/plan_env/share/plan_env/environment/path.sh
-- Up-to-date symlink: /workspace/install/plan_env/share/plan_env/environment/path.dsv
-- Up-to-date symlink: /workspace/install/plan_env/share/plan_env/local_setup.bash
-- Up-to-date symlink: /workspace/install/plan_env/share/plan_env/local_setup.sh
-- Up-to-date symlink: /workspace/install/plan_env/share/plan_env/local_setup.zsh
-- Up-to-date symlink: /workspace/install/plan_env/share/plan_env/local_setup.dsv
-- Symlinking: /workspace/install/plan_env/share/plan_env/package.dsv
[ 76%] Built target scan_planner_msgs__py
-- Up-to-date symlink: /workspace/install/plan_env/share/ament_index/resource_index/packages/plan_env
-- Up-to-date symlink: /workspace/install/plan_env/share/plan_env/cmake/ament_cmake_export_targets-extras.cmake
-- Up-to-date symlink: /workspace/install/plan_env/share/plan_env/cmake/ament_cmake_export_dependencies-extras.cmake
-- Up-to-date symlink: /workspace/install/plan_env/share/plan_env/cmake/plan_envConfig.cmake
-- Up-to-date symlink: /workspace/install/plan_env/share/plan_env/cmake/plan_envConfig-version.cmake
-- Up-to-date symlink: /workspace/install/plan_env/share/plan_env/package.xml
-- Up-to-date: /workspace/install/plan_env/lib/libplan_env.a
-- Up-to-date: /workspace/install/plan_env/share/plan_env/cmake/export_plan_envExport.cmake
-- Up-to-date: /workspace/install/plan_env/share/plan_env/cmake/export_plan_envExport-noconfig.cmake
[ 84%] Built target scan_planner_msgs__python
[ 92%] Built target scan_planner_msgs__rosidl_typesupport_c__pyext
[ 94%] Built target scan_planner_msgs__rosidl_typesupport_introspection_c__pyext
[100%] Built target scan_planner_msgs__rosidl_typesupport_fastrtps_c__pyext
Finished <<< plan_env [0.11s]
Starting >>> path_searching
-- Found ament_cmake: 0.9.12 (/opt/ros/foxy/share/ament_cmake/cmake)
-- Install configuration: ""
-- Execute custom install script
-- Up-to-date symlink: /workspace/install/scan_planner_msgs/share/ament_index/resource_index/rosidl_interfaces/scan_planner_msgs
-- Up-to-date symlink: /workspace/install/scan_planner_msgs/include/scan_planner_msgs/msg/bspline.h
-- Up-to-date symlink: /workspace/install/scan_planner_msgs/include/scan_planner_msgs/msg/data_disp.h
-- Up-to-date symlink: /workspace/install/scan_planner_msgs/include/scan_planner_msgs/msg/detail/bspline__functions.h
-- Up-to-date symlink: /workspace/install/scan_planner_msgs/include/scan_planner_msgs/msg/detail/bspline__struct.h
-- Up-to-date symlink: /workspace/install/scan_planner_msgs/include/scan_planner_msgs/msg/detail/bspline__type_support.h
-- Up-to-date symlink: /workspace/install/scan_planner_msgs/include/scan_planner_msgs/msg/detail/data_disp__functions.h
-- Up-to-date symlink: /workspace/install/scan_planner_msgs/include/scan_planner_msgs/msg/detail/data_disp__struct.h
-- Up-to-date symlink: /workspace/install/scan_planner_msgs/include/scan_planner_msgs/msg/detail/data_disp__type_support.h
-- Up-to-date symlink: /workspace/install/scan_planner_msgs/include/scan_planner_msgs/msg/rosidl_generator_c__visibility_control.h
-- Up-to-date symlink: /workspace/install/scan_planner_msgs/share/scan_planner_msgs/environment/library_path.sh
-- Up-to-date symlink: /workspace/install/scan_planner_msgs/share/scan_planner_msgs/environment/library_path.dsv
-- Up-to-date symlink: /workspace/install/scan_planner_msgs/include/scan_planner_msgs/msg/detail/bspline__rosidl_typesupport_fastrtps_c.h
-- Up-to-date symlink: /workspace/install/scan_planner_msgs/include/scan_planner_msgs/msg/detail/data_disp__rosidl_typesupport_fastrtps_c.h
-- Up-to-date symlink: /workspace/install/scan_planner_msgs/include/scan_planner_msgs/msg/rosidl_typesupport_fastrtps_c__visibility_control.h
-- Up-to-date symlink: /workspace/install/scan_planner_msgs/lib/libscan_planner_msgs__rosidl_typesupport_fastrtps_c.so
-- Up-to-date symlink: /workspace/install/scan_planner_msgs/include/scan_planner_msgs/msg/detail/bspline__rosidl_typesupport_fastrtps_cpp.hpp
-- Up-to-date symlink: /workspace/install/scan_planner_msgs/include/scan_planner_msgs/msg/detail/data_disp__rosidl_typesupport_fastrtps_cpp.hpp
-- Up-to-date symlink: /workspace/install/scan_planner_msgs/include/scan_planner_msgs/msg/rosidl_typesupport_fastrtps_cpp__visibility_control.h
-- Up-to-date symlink: /workspace/install/scan_planner_msgs/lib/libscan_planner_msgs__rosidl_typesupport_fastrtps_cpp.so
-- Using PYTHON_EXECUTABLE: /usr/bin/python3
-- Up-to-date symlink: /workspace/install/scan_planner_msgs/include/scan_planner_msgs/msg/detail/bspline__rosidl_typesupport_introspection_c.h
-- Up-to-date symlink: /workspace/install/scan_planner_msgs/include/scan_planner_msgs/msg/detail/data_disp__rosidl_typesupport_introspection_c.h
-- Up-to-date symlink: /workspace/install/scan_planner_msgs/include/scan_planner_msgs/msg/rosidl_typesupport_introspection_c__visibility_control.h
-- Up-to-date symlink: /workspace/install/scan_planner_msgs/include/scan_planner_msgs/msg/bspline.hpp
-- Up-to-date symlink: /workspace/install/scan_planner_msgs/include/scan_planner_msgs/msg/data_disp.hpp
-- Up-to-date symlink: /workspace/install/scan_planner_msgs/include/scan_planner_msgs/msg/detail/bspline__builder.hpp
-- Up-to-date symlink: /workspace/install/scan_planner_msgs/include/scan_planner_msgs/msg/detail/bspline__struct.hpp
-- Up-to-date symlink: /workspace/install/scan_planner_msgs/include/scan_planner_msgs/msg/detail/bspline__traits.hpp
-- Up-to-date symlink: /workspace/install/scan_planner_msgs/include/scan_planner_msgs/msg/detail/bspline__type_support.hpp
-- Up-to-date symlink: /workspace/install/scan_planner_msgs/include/scan_planner_msgs/msg/detail/data_disp__builder.hpp
-- Up-to-date symlink: /workspace/install/scan_planner_msgs/include/scan_planner_msgs/msg/detail/data_disp__struct.hpp
-- Up-to-date symlink: /workspace/install/scan_planner_msgs/include/scan_planner_msgs/msg/detail/data_disp__traits.hpp
-- Up-to-date symlink: /workspace/install/scan_planner_msgs/include/scan_planner_msgs/msg/detail/data_disp__type_support.hpp
-- Up-to-date symlink: /workspace/install/scan_planner_msgs/include/scan_planner_msgs/msg/rosidl_generator_cpp__visibility_control.hpp
-- Up-to-date symlink: /workspace/install/scan_planner_msgs/include/scan_planner_msgs/msg/detail/bspline__rosidl_typesupport_introspection_cpp.hpp
-- Up-to-date symlink: /workspace/install/scan_planner_msgs/include/scan_planner_msgs/msg/detail/data_disp__rosidl_typesupport_introspection_cpp.hpp
-- Up-to-date symlink: /workspace/install/scan_planner_msgs/share/scan_planner_msgs/environment/pythonpath.sh
-- Up-to-date symlink: /workspace/install/scan_planner_msgs/share/scan_planner_msgs/environment/pythonpath.dsv
-- Up-to-date symlink: /workspace/install/scan_planner_msgs/lib/python3.8/site-packages/scan_planner_msgs/__init__.py
-- Up-to-date symlink: /workspace/install/scan_planner_msgs/lib/python3.8/site-packages/scan_planner_msgs/msg/__init__.py
-- Up-to-date symlink: /workspace/install/scan_planner_msgs/lib/python3.8/site-packages/scan_planner_msgs/msg/_bspline.py
-- Up-to-date symlink: /workspace/install/scan_planner_msgs/lib/python3.8/site-packages/scan_planner_msgs/msg/_data_disp.py
-- Up-to-date symlink: /workspace/install/scan_planner_msgs/lib/python3.8/site-packages/scan_planner_msgs/scan_planner_msgs_s__rosidl_typesupport_fastrtps_c.cpython-38-x86_64-linux-gnu.so
-- Up-to-date symlink: /workspace/install/scan_planner_msgs/lib/python3.8/site-packages/scan_planner_msgs/scan_planner_msgs_s__rosidl_typesupport_introspection_c.cpython-38-x86_64-linux-gnu.so
-- Up-to-date symlink: /workspace/install/scan_planner_msgs/lib/python3.8/site-packages/scan_planner_msgs/scan_planner_msgs_s__rosidl_typesupport_c.cpython-38-x86_64-linux-gnu.so
-- Up-to-date symlink: /workspace/install/scan_planner_msgs/lib/libscan_planner_msgs__python.so
-- Up-to-date symlink: /workspace/install/scan_planner_msgs/share/scan_planner_msgs/msg/Bspline.idl
-- Up-to-date symlink: /workspace/install/scan_planner_msgs/share/scan_planner_msgs/msg/DataDisp.idl
-- Up-to-date symlink: /workspace/install/scan_planner_msgs/share/scan_planner_msgs/msg/Bspline.msg
-- Up-to-date symlink: /workspace/install/scan_planner_msgs/share/scan_planner_msgs/msg/DataDisp.msg
-- Up-to-date symlink: /workspace/install/scan_planner_msgs/share/ament_index/resource_index/package_run_dependencies/scan_planner_msgs
-- Up-to-date symlink: /workspace/install/scan_planner_msgs/share/ament_index/resource_index/parent_prefix_path/scan_planner_msgs
-- Up-to-date symlink: /workspace/install/scan_planner_msgs/share/scan_planner_msgs/environment/ament_prefix_path.sh
-- Up-to-date symlink: /workspace/install/scan_planner_msgs/share/scan_planner_msgs/environment/ament_prefix_path.dsv
-- Up-to-date symlink: /workspace/install/scan_planner_msgs/share/scan_planner_msgs/environment/path.sh
-- Up-to-date symlink: /workspace/install/scan_planner_msgs/share/scan_planner_msgs/environment/path.dsv
-- Up-to-date symlink: /workspace/install/scan_planner_msgs/share/scan_planner_msgs/local_setup.bash
-- Up-to-date symlink: /workspace/install/scan_planner_msgs/share/scan_planner_msgs/local_setup.sh
-- Up-to-date symlink: /workspace/install/scan_planner_msgs/share/scan_planner_msgs/local_setup.zsh
-- Up-to-date symlink: /workspace/install/scan_planner_msgs/share/scan_planner_msgs/local_setup.dsv
-- Symlinking: /workspace/install/scan_planner_msgs/share/scan_planner_msgs/package.dsv
-- Up-to-date symlink: /workspace/install/scan_planner_msgs/share/ament_index/resource_index/packages/scan_planner_msgs
-- Up-to-date symlink: /workspace/install/scan_planner_msgs/share/scan_planner_msgs/cmake/rosidl_cmake-extras.cmake
-- Up-to-date symlink: /workspace/install/scan_planner_msgs/share/scan_planner_msgs/cmake/ament_cmake_export_dependencies-extras.cmake
-- Up-to-date symlink: /workspace/install/scan_planner_msgs/share/scan_planner_msgs/cmake/ament_cmake_export_libraries-extras.cmake
-- Up-to-date symlink: /workspace/install/scan_planner_msgs/share/scan_planner_msgs/cmake/ament_cmake_export_targets-extras.cmake
-- Up-to-date symlink: /workspace/install/scan_planner_msgs/share/scan_planner_msgs/cmake/ament_cmake_export_include_directories-extras.cmake
-- Up-to-date symlink: /workspace/install/scan_planner_msgs/share/scan_planner_msgs/cmake/rosidl_cmake_export_typesupport_libraries-extras.cmake
-- Up-to-date symlink: /workspace/install/scan_planner_msgs/share/scan_planner_msgs/cmake/rosidl_cmake_export_typesupport_targets-extras.cmake
-- Up-to-date symlink: /workspace/install/scan_planner_msgs/share/scan_planner_msgs/cmake/scan_planner_msgsConfig.cmake
-- Up-to-date symlink: /workspace/install/scan_planner_msgs/share/scan_planner_msgs/cmake/scan_planner_msgsConfig-version.cmake
-- Up-to-date symlink: /workspace/install/scan_planner_msgs/share/scan_planner_msgs/package.xml
-- Up-to-date: /workspace/install/scan_planner_msgs/lib/libscan_planner_msgs__rosidl_generator_c.so
-- Up-to-date: /workspace/install/scan_planner_msgs/lib/libscan_planner_msgs__rosidl_typesupport_introspection_c.so
-- Up-to-date: /workspace/install/scan_planner_msgs/lib/libscan_planner_msgs__rosidl_typesupport_c.so
-- Up-to-date: /workspace/install/scan_planner_msgs/lib/libscan_planner_msgs__rosidl_typesupport_introspection_cpp.so
-- Up-to-date: /workspace/install/scan_planner_msgs/lib/libscan_planner_msgs__rosidl_typesupport_cpp.so
-- Up-to-date: /workspace/install/scan_planner_msgs/share/scan_planner_msgs/cmake/scan_planner_msgs__rosidl_generator_cExport.cmake
-- Up-to-date: /workspace/install/scan_planner_msgs/share/scan_planner_msgs/cmake/scan_planner_msgs__rosidl_generator_cExport-noconfig.cmake
-- Up-to-date: /workspace/install/scan_planner_msgs/share/scan_planner_msgs/cmake/scan_planner_msgs__rosidl_typesupport_introspection_cExport.cmake
-- Up-to-date: /workspace/install/scan_planner_msgs/share/scan_planner_msgs/cmake/scan_planner_msgs__rosidl_typesupport_introspection_cExport-noconfig.cmake
-- Up-to-date: /workspace/install/scan_planner_msgs/share/scan_planner_msgs/cmake/scan_planner_msgs__rosidl_typesupport_cExport.cmake
-- Up-to-date: /workspace/install/scan_planner_msgs/share/scan_planner_msgs/cmake/scan_planner_msgs__rosidl_typesupport_cExport-noconfig.cmake
-- Up-to-date: /workspace/install/scan_planner_msgs/share/scan_planner_msgs/cmake/scan_planner_msgs__rosidl_generator_cppExport.cmake
-- Up-to-date: /workspace/install/scan_planner_msgs/share/scan_planner_msgs/cmake/scan_planner_msgs__rosidl_typesupport_introspection_cppExport.cmake
-- Up-to-date: /workspace/install/scan_planner_msgs/share/scan_planner_msgs/cmake/scan_planner_msgs__rosidl_typesupport_introspection_cppExport-noconfig.cmake
-- Up-to-date: /workspace/install/scan_planner_msgs/share/scan_planner_msgs/cmake/scan_planner_msgs__rosidl_typesupport_cppExport.cmake
-- Up-to-date: /workspace/install/scan_planner_msgs/share/scan_planner_msgs/cmake/scan_planner_msgs__rosidl_typesupport_cppExport-noconfig.cmake
Finished <<< scan_planner_msgs [0.19s]
Starting >>> lite3_sim_bridge
-- Override CMake install command with custom implementation using symlinks instead of copying resources
-- Found plan_env: 0.1.0 (/workspace/install/plan_env/share/plan_env/cmake)
-- Using all available rosidl_typesupport_c: rosidl_typesupport_fastrtps_c;rosidl_typesupport_introspection_c
-- Found rosidl_adapter: 1.3.1 (/opt/ros/foxy/share/rosidl_adapter/cmake)
-- Using all available rosidl_typesupport_cpp: rosidl_typesupport_fastrtps_cpp;rosidl_typesupport_introspection_cpp
-- Eigen found (include: /usr/include/eigen3, version: 3.3.7)
-- The imported target "vtkParseOGLExt" references the file
   "/usr/bin/vtkParseOGLExt-7.1"
but this file does not exist.  Possible reasons include:
* The file was deleted, renamed, or moved to another location.
* An install or uninstall procedure did not complete successfully.
* The installation package was faulty and contained
   "/usr/lib/cmake/vtk-7.1/VTKTargets.cmake"
but not all the files it references.

-- The imported target "vtkRenderingPythonTkWidgets" references the file
   "/usr/lib/x86_64-linux-gnu/libvtkRenderingPythonTkWidgets.so"
but this file does not exist.  Possible reasons include:
* The file was deleted, renamed, or moved to another location.
* An install or uninstall procedure did not complete successfully.
* The installation package was faulty and contained
   "/usr/lib/cmake/vtk-7.1/VTKTargets.cmake"
but not all the files it references.

-- The imported target "vtk" references the file
   "/usr/bin/vtk"
but this file does not exist.  Possible reasons include:
* The file was deleted, renamed, or moved to another location.
* An install or uninstall procedure did not complete successfully.
* The installation package was faulty and contained
   "/usr/lib/cmake/vtk-7.1/VTKTargets.cmake"
but not all the files it references.

-- The imported target "pvtk" references the file
   "/usr/bin/pvtk"
but this file does not exist.  Possible reasons include:
* The file was deleted, renamed, or moved to another location.
* An install or uninstall procedure did not complete successfully.
* The installation package was faulty and contained
   "/usr/lib/cmake/vtk-7.1/VTKTargets.cmake"
but not all the files it references.

-- Checking for module 'libusb-1.0'
--   No package 'libusb-1.0' found
-- Could NOT find USB_10 (missing: USB_10_LIBRARY USB_10_INCLUDE_DIR) 
-- OpenNI disabled because libusb-1.0 not found.
-- Checking for module 'libusb-1.0'
--   No package 'libusb-1.0' found
-- Could NOT find USB_10 (missing: USB_10_LIBRARY USB_10_INCLUDE_DIR) 
-- OpenNI 2 disabled because libusb-1.0 not found.
-- LIBUSB_1_LIBRARY (missing: LIBUSB_1_INCLUDE_DIR) 
-- Checking for module 'libusb-1.0'
--   No package 'libusb-1.0' found
-- Could NOT find USB_10 (missing: USB_10_LIBRARY USB_10_INCLUDE_DIR) 
-- OpenNI disabled because libusb-1.0 not found.
-- Checking for module 'libusb-1.0'
--   No package 'libusb-1.0' found
-- Could NOT find USB_10 (missing: USB_10_LIBRARY USB_10_INCLUDE_DIR) 
-- OpenNI 2 disabled because libusb-1.0 not found.
-- QHULL found (include: /usr/include, lib: optimized;/usr/lib/x86_64-linux-gnu/libqhull.so;debug;/usr/lib/x86_64-linux-gnu/libqhull.so)
-- Checking for module 'libusb-1.0'
--   No package 'libusb-1.0' found
-- Could NOT find USB_10 (missing: USB_10_LIBRARY USB_10_INCLUDE_DIR) 
-- OpenNI disabled because libusb-1.0 not found.
running develop
running egg_info
writing lite3_sim_bridge.egg-info/PKG-INFO
writing dependency_links to lite3_sim_bridge.egg-info/dependency_links.txt
writing entry points to lite3_sim_bridge.egg-info/entry_points.txt
writing requirements to lite3_sim_bridge.egg-info/requires.txt
writing top-level names to lite3_sim_bridge.egg-info/top_level.txt
reading manifest file 'lite3_sim_bridge.egg-info/SOURCES.txt'
writing manifest file 'lite3_sim_bridge.egg-info/SOURCES.txt'
running build_ext
Creating /workspace/install/lite3_sim_bridge/lib/python3.8/site-packages/lite3-sim-bridge.egg-link (link to .)
Installing acceptance_monitor_node script to /workspace/install/lite3_sim_bridge/lib/lite3_sim_bridge
Installing compare_v12_asset_qualification script to /workspace/install/lite3_sim_bridge/lib/lite3_sim_bridge
Installing evaluate_acceptance script to /workspace/install/lite3_sim_bridge/lib/lite3_sim_bridge
Installing foxy_bridge_node script to /workspace/install/lite3_sim_bridge/lib/lite3_sim_bridge
Installing probe_rtx_lidar script to /workspace/install/lite3_sim_bridge/lib/lite3_sim_bridge
Installing run_isaac_lite3 script to /workspace/install/lite3_sim_bridge/lib/lite3_sim_bridge
Installing run_isaac_v12_fallback script to /workspace/install/lite3_sim_bridge/lib/lite3_sim_bridge

Installed /workspace/build/lite3_sim_bridge
running install_data
Finished <<< lite3_sim_bridge [0.38s]
-- Found rmw_implementation_cmake: 1.0.4 (/opt/ros/foxy/share/rmw_implementation_cmake/cmake)
-- Using RMW implementation 'rmw_fastrtps_cpp' as default
-- Configuring done
-- Generating done
-- Build files have been written to: /workspace/build/path_searching
Scanning dependencies of target path_searching
[ 50%] Building CXX object CMakeFiles/path_searching.dir/src/dyn_a_star.cpp.o
In file included from /workspace/src/path_searching/src/dyn_a_star.cpp:1:
/workspace/src/path_searching/include/path_searching/dyn_a_star.h:106:2: warning: extra ‘;’ [-Wpedantic]
  106 | };
      |  ^
/workspace/src/path_searching/include/path_searching/dyn_a_star.h:120:2: warning: extra ‘;’ [-Wpedantic]
  120 | };
      |  ^
[100%] Linking CXX static library libpath_searching.a
[100%] Built target path_searching
-- Install configuration: ""
-- Execute custom install script
-- Up-to-date symlink: /workspace/install/path_searching/include/path_searching/dyn_a_star.h
-- Up-to-date symlink: /workspace/install/path_searching/share/path_searching/environment/library_path.sh
-- Up-to-date symlink: /workspace/install/path_searching/share/path_searching/environment/library_path.dsv
-- Up-to-date symlink: /workspace/install/path_searching/share/ament_index/resource_index/package_run_dependencies/path_searching
-- Up-to-date symlink: /workspace/install/path_searching/share/ament_index/resource_index/parent_prefix_path/path_searching
-- Up-to-date symlink: /workspace/install/path_searching/share/path_searching/environment/ament_prefix_path.sh
-- Up-to-date symlink: /workspace/install/path_searching/share/path_searching/environment/ament_prefix_path.dsv
-- Up-to-date symlink: /workspace/install/path_searching/share/path_searching/environment/path.sh
-- Up-to-date symlink: /workspace/install/path_searching/share/path_searching/environment/path.dsv
-- Up-to-date symlink: /workspace/install/path_searching/share/path_searching/local_setup.bash
-- Up-to-date symlink: /workspace/install/path_searching/share/path_searching/local_setup.sh
-- Up-to-date symlink: /workspace/install/path_searching/share/path_searching/local_setup.zsh
-- Up-to-date symlink: /workspace/install/path_searching/share/path_searching/local_setup.dsv
-- Symlinking: /workspace/install/path_searching/share/path_searching/package.dsv
-- Up-to-date symlink: /workspace/install/path_searching/share/ament_index/resource_index/packages/path_searching
-- Up-to-date symlink: /workspace/install/path_searching/share/path_searching/cmake/ament_cmake_export_targets-extras.cmake
-- Up-to-date symlink: /workspace/install/path_searching/share/path_searching/cmake/ament_cmake_export_dependencies-extras.cmake
-- Up-to-date symlink: /workspace/install/path_searching/share/path_searching/cmake/path_searchingConfig.cmake
-- Up-to-date symlink: /workspace/install/path_searching/share/path_searching/cmake/path_searchingConfig-version.cmake
-- Up-to-date symlink: /workspace/install/path_searching/share/path_searching/package.xml
-- Installing: /workspace/install/path_searching/lib/libpath_searching.a
-- Up-to-date: /workspace/install/path_searching/share/path_searching/cmake/export_path_searchingExport.cmake
-- Installing: /workspace/install/path_searching/share/path_searching/cmake/export_path_searchingExport-noconfig.cmake
--- stderr: path_searching
In file included from /workspace/src/path_searching/src/dyn_a_star.cpp:1:
/workspace/src/path_searching/include/path_searching/dyn_a_star.h:106:2: warning: extra ‘;’ [-Wpedantic]
  106 | };
      |  ^
/workspace/src/path_searching/include/path_searching/dyn_a_star.h:120:2: warning: extra ‘;’ [-Wpedantic]
  120 | };
      |  ^
---
Finished <<< path_searching [4.55s]
Starting >>> bspline_opt
-- Found ament_cmake: 0.9.12 (/opt/ros/foxy/share/ament_cmake/cmake)
-- Using PYTHON_EXECUTABLE: /usr/bin/python3
-- Override CMake install command with custom implementation using symlinks instead of copying resources
-- Found path_searching: 0.1.0 (/workspace/install/path_searching/share/path_searching/cmake)
-- Using all available rosidl_typesupport_c: rosidl_typesupport_fastrtps_c;rosidl_typesupport_introspection_c
-- Found rosidl_adapter: 1.3.1 (/opt/ros/foxy/share/rosidl_adapter/cmake)
-- Using all available rosidl_typesupport_cpp: rosidl_typesupport_fastrtps_cpp;rosidl_typesupport_introspection_cpp
-- Eigen found (include: /usr/include/eigen3, version: 3.3.7)
-- The imported target "vtkParseOGLExt" references the file
   "/usr/bin/vtkParseOGLExt-7.1"
but this file does not exist.  Possible reasons include:
* The file was deleted, renamed, or moved to another location.
* An install or uninstall procedure did not complete successfully.
* The installation package was faulty and contained
   "/usr/lib/cmake/vtk-7.1/VTKTargets.cmake"
but not all the files it references.

-- The imported target "vtkRenderingPythonTkWidgets" references the file
   "/usr/lib/x86_64-linux-gnu/libvtkRenderingPythonTkWidgets.so"
but this file does not exist.  Possible reasons include:
* The file was deleted, renamed, or moved to another location.
* An install or uninstall procedure did not complete successfully.
* The installation package was faulty and contained
   "/usr/lib/cmake/vtk-7.1/VTKTargets.cmake"
but not all the files it references.

-- The imported target "vtk" references the file
   "/usr/bin/vtk"
but this file does not exist.  Possible reasons include:
* The file was deleted, renamed, or moved to another location.
* An install or uninstall procedure did not complete successfully.
* The installation package was faulty and contained
   "/usr/lib/cmake/vtk-7.1/VTKTargets.cmake"
but not all the files it references.

-- The imported target "pvtk" references the file
   "/usr/bin/pvtk"
but this file does not exist.  Possible reasons include:
* The file was deleted, renamed, or moved to another location.
* An install or uninstall procedure did not complete successfully.
* The installation package was faulty and contained
   "/usr/lib/cmake/vtk-7.1/VTKTargets.cmake"
but not all the files it references.

-- Checking for module 'libusb-1.0'
--   No package 'libusb-1.0' found
-- Could NOT find USB_10 (missing: USB_10_LIBRARY USB_10_INCLUDE_DIR) 
-- OpenNI disabled because libusb-1.0 not found.
-- Checking for module 'libusb-1.0'
--   No package 'libusb-1.0' found
-- Could NOT find USB_10 (missing: USB_10_LIBRARY USB_10_INCLUDE_DIR) 
-- OpenNI 2 disabled because libusb-1.0 not found.
-- LIBUSB_1_LIBRARY (missing: LIBUSB_1_INCLUDE_DIR) 
-- Checking for module 'libusb-1.0'
--   No package 'libusb-1.0' found
-- Could NOT find USB_10 (missing: USB_10_LIBRARY USB_10_INCLUDE_DIR) 
-- OpenNI disabled because libusb-1.0 not found.
-- Checking for module 'libusb-1.0'
--   No package 'libusb-1.0' found
-- Could NOT find USB_10 (missing: USB_10_LIBRARY USB_10_INCLUDE_DIR) 
-- OpenNI 2 disabled because libusb-1.0 not found.
-- QHULL found (include: /usr/include, lib: optimized;/usr/lib/x86_64-linux-gnu/libqhull.so;debug;/usr/lib/x86_64-linux-gnu/libqhull.so)
-- Checking for module 'libusb-1.0'
--   No package 'libusb-1.0' found
-- Could NOT find USB_10 (missing: USB_10_LIBRARY USB_10_INCLUDE_DIR) 
-- OpenNI disabled because libusb-1.0 not found.
-- Found rmw_implementation_cmake: 1.0.4 (/opt/ros/foxy/share/rmw_implementation_cmake/cmake)
-- Using RMW implementation 'rmw_fastrtps_cpp' as default
-- Found ament_cmake_gtest: 0.9.12 (/opt/ros/foxy/share/ament_cmake_gtest/cmake)
-- Found gtest sources under '/opt/ros/foxy/src/gtest_vendor': C++ tests using 'Google Test' will be built
-- Configuring done
-- Generating done
-- Build files have been written to: /workspace/build/bspline_opt
[ 20%] Built target gtest
[ 40%] Built target gtest_main
Scanning dependencies of target bspline_opt
[ 50%] Building CXX object CMakeFiles/bspline_opt.dir/src/uniform_bspline.cpp.o
[ 60%] Building CXX object CMakeFiles/bspline_opt.dir/src/bspline_optimizer.cpp.o
[ 70%] Building CXX object CMakeFiles/bspline_opt.dir/src/gradient_descent_optimizer.cpp.o
In file included from /workspace/src/bspline_opt/src/gradient_descent_optimizer.cpp:1:
/workspace/src/bspline_opt/include/bspline_opt/gradient_descent_optimizer.h:15:34: warning: extra ‘;’ [-Wpedantic]
   15 |   EIGEN_MAKE_ALIGNED_OPERATOR_NEW;
      |                                  ^
      |                                  -
In file included from /workspace/src/bspline_opt/include/bspline_opt/bspline_optimizer.h:9,
                 from /workspace/src/bspline_opt/src/bspline_optimizer.cpp:1:
/workspace/src/bspline_opt/include/bspline_opt/lbfgs.hpp: In function ‘int lbfgs::line_search_morethuente(int, double*, double*, double*, double*, double*, const double*, const double*, const double*, const double*, lbfgs::callback_data_t*, const lbfgs::lbfgs_parameter_t*)’:
/workspace/src/bspline_opt/include/bspline_opt/lbfgs.hpp:723:54: warning: unused parameter ‘gp’ [-Wunused-parameter]
  723 |                                        const double *gp,
      |                                        ~~~~~~~~~~~~~~^~
In file included from /workspace/src/bspline_opt/src/bspline_optimizer.cpp:2:
/workspace/src/bspline_opt/include/bspline_opt/gradient_descent_optimizer.h: At global scope:
/workspace/src/bspline_opt/include/bspline_opt/gradient_descent_optimizer.h:15:34: warning: extra ‘;’ [-Wpedantic]
   15 |   EIGEN_MAKE_ALIGNED_OPERATOR_NEW;
      |                                  ^
      |                                  -
/workspace/src/bspline_opt/src/bspline_optimizer.cpp: In static member function ‘static int scan_planner::BsplineOptimizer::earlyExit(void*, const double*, const double*, double, double, double, double, int, int, int)’:
/workspace/src/bspline_opt/src/bspline_optimizer.cpp:372:66: warning: unused parameter ‘x’ [-Wunused-parameter]
  372 |   int BsplineOptimizer::earlyExit(void *func_data, const double *x, const double *g, const double fx, const double xnorm, const double gnorm, const double step, int n, int k, int ls)
      |                                                    ~~~~~~~~~~~~~~^
/workspace/src/bspline_opt/src/bspline_optimizer.cpp:372:83: warning: unused parameter ‘g’ [-Wunused-parameter]
  372 |   int BsplineOptimizer::earlyExit(void *func_data, const double *x, const double *g, const double fx, const double xnorm, const double gnorm, const double step, int n, int k, int ls)
      |                                                                     ~~~~~~~~~~~~~~^
/workspace/src/bspline_opt/src/bspline_optimizer.cpp:372:99: warning: unused parameter ‘fx’ [-Wunused-parameter]
  372 |   int BsplineOptimizer::earlyExit(void *func_data, const double *x, const double *g, const double fx, const double xnorm, const double gnorm, const double step, int n, int k, int ls)
      |                                                                                      ~~~~~~~~~~~~~^~
/workspace/src/bspline_opt/src/bspline_optimizer.cpp:372:116: warning: unused parameter ‘xnorm’ [-Wunused-parameter]
  372 |   int BsplineOptimizer::earlyExit(void *func_data, const double *x, const double *g, const double fx, const double xnorm, const double gnorm, const double step, int n, int k, int ls)
      |                                                                                                       ~~~~~~~~~~~~~^~~~~
/workspace/src/bspline_opt/src/bspline_optimizer.cpp:372:136: warning: unused parameter ‘gnorm’ [-Wunused-parameter]
  372 |   int BsplineOptimizer::earlyExit(void *func_data, const double *x, const double *g, const double fx, const double xnorm, const double gnorm, const double step, int n, int k, int ls)
      |                                                                                                                           ~~~~~~~~~~~~~^~~~~
/workspace/src/bspline_opt/src/bspline_optimizer.cpp:372:156: warning: unused parameter ‘step’ [-Wunused-parameter]
  372 |   int BsplineOptimizer::earlyExit(void *func_data, const double *x, const double *g, const double fx, const double xnorm, const double gnorm, const double step, int n, int k, int ls)
      |                                                                                                                                               ~~~~~~~~~~~~~^~~~
/workspace/src/bspline_opt/src/bspline_optimizer.cpp:372:166: warning: unused parameter ‘n’ [-Wunused-parameter]
  372 |   int BsplineOptimizer::earlyExit(void *func_data, const double *x, const double *g, const double fx, const double xnorm, const double gnorm, const double step, int n, int k, int ls)
      |                                                                                                                                                                  ~~~~^
/workspace/src/bspline_opt/src/bspline_optimizer.cpp:372:173: warning: unused parameter ‘k’ [-Wunused-parameter]
  372 |   int BsplineOptimizer::earlyExit(void *func_data, const double *x, const double *g, const double fx, const double xnorm, const double gnorm, const double step, int n, int k, int ls)
      |                                                                                                                                                                         ~~~~^
/workspace/src/bspline_opt/src/bspline_optimizer.cpp:372:180: warning: unused parameter ‘ls’ [-Wunused-parameter]
  372 |   int BsplineOptimizer::earlyExit(void *func_data, const double *x, const double *g, const double fx, const double xnorm, const double gnorm, const double step, int n, int k, int ls)
      |                                                                                                                                                                                ~~~~^~
/workspace/src/bspline_opt/src/bspline_optimizer.cpp: In member function ‘bool scan_planner::BsplineOptimizer::rebound_optimize()’:
/workspace/src/bspline_opt/src/bspline_optimizer.cpp:989:14: warning: ISO C++ forbids variable length array ‘q’ [-Wvla]
  989 |       double q[variable_num_];
      |              ^
/workspace/src/bspline_opt/src/bspline_optimizer.cpp: In member function ‘bool scan_planner::BsplineOptimizer::refine_optimize()’:
/workspace/src/bspline_opt/src/bspline_optimizer.cpp:1082:12: warning: ISO C++ forbids variable length array ‘q’ [-Wvla]
 1082 |     double q[variable_num_];
      |            ^
[ 80%] Linking CXX static library libbspline_opt.a
[ 80%] Built target bspline_opt
[ 90%] Building CXX object CMakeFiles/test_uniform_bspline.dir/test/test_uniform_bspline.cpp.o
[100%] Linking CXX executable test_uniform_bspline
[100%] Built target test_uniform_bspline
-- Install configuration: ""
-- Execute custom install script
-- Up-to-date symlink: /workspace/install/bspline_opt/include/bspline_opt/bspline_optimizer.h
-- Up-to-date symlink: /workspace/install/bspline_opt/include/bspline_opt/gradient_descent_optimizer.h
-- Up-to-date symlink: /workspace/install/bspline_opt/include/bspline_opt/lbfgs.hpp
-- Up-to-date symlink: /workspace/install/bspline_opt/include/bspline_opt/uniform_bspline.h
-- Up-to-date symlink: /workspace/install/bspline_opt/share/bspline_opt/environment/library_path.sh
-- Up-to-date symlink: /workspace/install/bspline_opt/share/bspline_opt/environment/library_path.dsv
-- Up-to-date symlink: /workspace/install/bspline_opt/share/ament_index/resource_index/package_run_dependencies/bspline_opt
-- Up-to-date symlink: /workspace/install/bspline_opt/share/ament_index/resource_index/parent_prefix_path/bspline_opt
-- Up-to-date symlink: /workspace/install/bspline_opt/share/bspline_opt/environment/ament_prefix_path.sh
-- Up-to-date symlink: /workspace/install/bspline_opt/share/bspline_opt/environment/ament_prefix_path.dsv
-- Up-to-date symlink: /workspace/install/bspline_opt/share/bspline_opt/environment/path.sh
-- Up-to-date symlink: /workspace/install/bspline_opt/share/bspline_opt/environment/path.dsv
-- Up-to-date symlink: /workspace/install/bspline_opt/share/bspline_opt/local_setup.bash
-- Up-to-date symlink: /workspace/install/bspline_opt/share/bspline_opt/local_setup.sh
-- Up-to-date symlink: /workspace/install/bspline_opt/share/bspline_opt/local_setup.zsh
-- Up-to-date symlink: /workspace/install/bspline_opt/share/bspline_opt/local_setup.dsv
-- Symlinking: /workspace/install/bspline_opt/share/bspline_opt/package.dsv
-- Up-to-date symlink: /workspace/install/bspline_opt/share/ament_index/resource_index/packages/bspline_opt
-- Up-to-date symlink: /workspace/install/bspline_opt/share/bspline_opt/cmake/ament_cmake_export_targets-extras.cmake
-- Up-to-date symlink: /workspace/install/bspline_opt/share/bspline_opt/cmake/ament_cmake_export_dependencies-extras.cmake
-- Up-to-date symlink: /workspace/install/bspline_opt/share/bspline_opt/cmake/bspline_optConfig.cmake
-- Up-to-date symlink: /workspace/install/bspline_opt/share/bspline_opt/cmake/bspline_optConfig-version.cmake
-- Up-to-date symlink: /workspace/install/bspline_opt/share/bspline_opt/package.xml
-- Installing: /workspace/install/bspline_opt/lib/libbspline_opt.a
-- Up-to-date: /workspace/install/bspline_opt/share/bspline_opt/cmake/export_bspline_optExport.cmake
-- Installing: /workspace/install/bspline_opt/share/bspline_opt/cmake/export_bspline_optExport-noconfig.cmake
--- stderr: bspline_opt
In file included from /workspace/src/bspline_opt/src/gradient_descent_optimizer.cpp:1:
/workspace/src/bspline_opt/include/bspline_opt/gradient_descent_optimizer.h:15:34: warning: extra ‘;’ [-Wpedantic]
   15 |   EIGEN_MAKE_ALIGNED_OPERATOR_NEW;
      |                                  ^
      |                                  -
In file included from /workspace/src/bspline_opt/include/bspline_opt/bspline_optimizer.h:9,
                 from /workspace/src/bspline_opt/src/bspline_optimizer.cpp:1:
/workspace/src/bspline_opt/include/bspline_opt/lbfgs.hpp: In function ‘int lbfgs::line_search_morethuente(int, double*, double*, double*, double*, double*, const double*, const double*, const double*, const double*, lbfgs::callback_data_t*, const lbfgs::lbfgs_parameter_t*)’:
/workspace/src/bspline_opt/include/bspline_opt/lbfgs.hpp:723:54: warning: unused parameter ‘gp’ [-Wunused-parameter]
  723 |                                        const double *gp,
      |                                        ~~~~~~~~~~~~~~^~
In file included from /workspace/src/bspline_opt/src/bspline_optimizer.cpp:2:
/workspace/src/bspline_opt/include/bspline_opt/gradient_descent_optimizer.h: At global scope:
/workspace/src/bspline_opt/include/bspline_opt/gradient_descent_optimizer.h:15:34: warning: extra ‘;’ [-Wpedantic]
   15 |   EIGEN_MAKE_ALIGNED_OPERATOR_NEW;
      |                                  ^
      |                                  -
/workspace/src/bspline_opt/src/bspline_optimizer.cpp: In static member function ‘static int scan_planner::BsplineOptimizer::earlyExit(void*, const double*, const double*, double, double, double, double, int, int, int)’:
/workspace/src/bspline_opt/src/bspline_optimizer.cpp:372:66: warning: unused parameter ‘x’ [-Wunused-parameter]
  372 |   int BsplineOptimizer::earlyExit(void *func_data, const double *x, const double *g, const double fx, const double xnorm, const double gnorm, const double step, int n, int k, int ls)
      |                                                    ~~~~~~~~~~~~~~^
/workspace/src/bspline_opt/src/bspline_optimizer.cpp:372:83: warning: unused parameter ‘g’ [-Wunused-parameter]
  372 |   int BsplineOptimizer::earlyExit(void *func_data, const double *x, const double *g, const double fx, const double xnorm, const double gnorm, const double step, int n, int k, int ls)
      |                                                                     ~~~~~~~~~~~~~~^
/workspace/src/bspline_opt/src/bspline_optimizer.cpp:372:99: warning: unused parameter ‘fx’ [-Wunused-parameter]
  372 |   int BsplineOptimizer::earlyExit(void *func_data, const double *x, const double *g, const double fx, const double xnorm, const double gnorm, const double step, int n, int k, int ls)
      |                                                                                      ~~~~~~~~~~~~~^~
/workspace/src/bspline_opt/src/bspline_optimizer.cpp:372:116: warning: unused parameter ‘xnorm’ [-Wunused-parameter]
  372 |   int BsplineOptimizer::earlyExit(void *func_data, const double *x, const double *g, const double fx, const double xnorm, const double gnorm, const double step, int n, int k, int ls)
      |                                                                                                       ~~~~~~~~~~~~~^~~~~
/workspace/src/bspline_opt/src/bspline_optimizer.cpp:372:136: warning: unused parameter ‘gnorm’ [-Wunused-parameter]
  372 |   int BsplineOptimizer::earlyExit(void *func_data, const double *x, const double *g, const double fx, const double xnorm, const double gnorm, const double step, int n, int k, int ls)
      |                                                                                                                           ~~~~~~~~~~~~~^~~~~
/workspace/src/bspline_opt/src/bspline_optimizer.cpp:372:156: warning: unused parameter ‘step’ [-Wunused-parameter]
  372 |   int BsplineOptimizer::earlyExit(void *func_data, const double *x, const double *g, const double fx, const double xnorm, const double gnorm, const double step, int n, int k, int ls)
      |                                                                                                                                               ~~~~~~~~~~~~~^~~~
/workspace/src/bspline_opt/src/bspline_optimizer.cpp:372:166: warning: unused parameter ‘n’ [-Wunused-parameter]
  372 |   int BsplineOptimizer::earlyExit(void *func_data, const double *x, const double *g, const double fx, const double xnorm, const double gnorm, const double step, int n, int k, int ls)
      |                                                                                                                                                                  ~~~~^
/workspace/src/bspline_opt/src/bspline_optimizer.cpp:372:173: warning: unused parameter ‘k’ [-Wunused-parameter]
  372 |   int BsplineOptimizer::earlyExit(void *func_data, const double *x, const double *g, const double fx, const double xnorm, const double gnorm, const double step, int n, int k, int ls)
      |                                                                                                                                                                         ~~~~^
/workspace/src/bspline_opt/src/bspline_optimizer.cpp:372:180: warning: unused parameter ‘ls’ [-Wunused-parameter]
  372 |   int BsplineOptimizer::earlyExit(void *func_data, const double *x, const double *g, const double fx, const double xnorm, const double gnorm, const double step, int n, int k, int ls)
      |                                                                                                                                                                                ~~~~^~
/workspace/src/bspline_opt/src/bspline_optimizer.cpp: In member function ‘bool scan_planner::BsplineOptimizer::rebound_optimize()’:
/workspace/src/bspline_opt/src/bspline_optimizer.cpp:989:14: warning: ISO C++ forbids variable length array ‘q’ [-Wvla]
  989 |       double q[variable_num_];
      |              ^
/workspace/src/bspline_opt/src/bspline_optimizer.cpp: In member function ‘bool scan_planner::BsplineOptimizer::refine_optimize()’:
/workspace/src/bspline_opt/src/bspline_optimizer.cpp:1082:12: warning: ISO C++ forbids variable length array ‘q’ [-Wvla]
 1082 |     double q[variable_num_];
      |            ^
---
Finished <<< bspline_opt [6.60s]
Starting >>> traj_utils
-- Found ament_cmake: 0.9.12 (/opt/ros/foxy/share/ament_cmake/cmake)
-- Using PYTHON_EXECUTABLE: /usr/bin/python3
-- Override CMake install command with custom implementation using symlinks instead of copying resources
-- Found bspline_opt: 0.1.0 (/workspace/install/bspline_opt/share/bspline_opt/cmake)
-- Using all available rosidl_typesupport_c: rosidl_typesupport_fastrtps_c;rosidl_typesupport_introspection_c
-- Found rosidl_adapter: 1.3.1 (/opt/ros/foxy/share/rosidl_adapter/cmake)
-- Using all available rosidl_typesupport_cpp: rosidl_typesupport_fastrtps_cpp;rosidl_typesupport_introspection_cpp
-- Eigen found (include: /usr/include/eigen3, version: 3.3.7)
-- The imported target "vtkParseOGLExt" references the file
   "/usr/bin/vtkParseOGLExt-7.1"
but this file does not exist.  Possible reasons include:
* The file was deleted, renamed, or moved to another location.
* An install or uninstall procedure did not complete successfully.
* The installation package was faulty and contained
   "/usr/lib/cmake/vtk-7.1/VTKTargets.cmake"
but not all the files it references.

-- The imported target "vtkRenderingPythonTkWidgets" references the file
   "/usr/lib/x86_64-linux-gnu/libvtkRenderingPythonTkWidgets.so"
but this file does not exist.  Possible reasons include:
* The file was deleted, renamed, or moved to another location.
* An install or uninstall procedure did not complete successfully.
* The installation package was faulty and contained
   "/usr/lib/cmake/vtk-7.1/VTKTargets.cmake"
but not all the files it references.

-- The imported target "vtk" references the file
   "/usr/bin/vtk"
but this file does not exist.  Possible reasons include:
* The file was deleted, renamed, or moved to another location.
* An install or uninstall procedure did not complete successfully.
* The installation package was faulty and contained
   "/usr/lib/cmake/vtk-7.1/VTKTargets.cmake"
but not all the files it references.

-- The imported target "pvtk" references the file
   "/usr/bin/pvtk"
but this file does not exist.  Possible reasons include:
* The file was deleted, renamed, or moved to another location.
* An install or uninstall procedure did not complete successfully.
* The installation package was faulty and contained
   "/usr/lib/cmake/vtk-7.1/VTKTargets.cmake"
but not all the files it references.

-- Checking for module 'libusb-1.0'
--   No package 'libusb-1.0' found
-- Could NOT find USB_10 (missing: USB_10_LIBRARY USB_10_INCLUDE_DIR) 
-- OpenNI disabled because libusb-1.0 not found.
-- Checking for module 'libusb-1.0'
--   No package 'libusb-1.0' found
-- Could NOT find USB_10 (missing: USB_10_LIBRARY USB_10_INCLUDE_DIR) 
-- OpenNI 2 disabled because libusb-1.0 not found.
-- LIBUSB_1_LIBRARY (missing: LIBUSB_1_INCLUDE_DIR) 
-- Checking for module 'libusb-1.0'
--   No package 'libusb-1.0' found
-- Could NOT find USB_10 (missing: USB_10_LIBRARY USB_10_INCLUDE_DIR) 
-- OpenNI disabled because libusb-1.0 not found.
-- Checking for module 'libusb-1.0'
--   No package 'libusb-1.0' found
-- Could NOT find USB_10 (missing: USB_10_LIBRARY USB_10_INCLUDE_DIR) 
-- OpenNI 2 disabled because libusb-1.0 not found.
-- QHULL found (include: /usr/include, lib: optimized;/usr/lib/x86_64-linux-gnu/libqhull.so;debug;/usr/lib/x86_64-linux-gnu/libqhull.so)
-- Checking for module 'libusb-1.0'
--   No package 'libusb-1.0' found
-- Could NOT find USB_10 (missing: USB_10_LIBRARY USB_10_INCLUDE_DIR) 
-- OpenNI disabled because libusb-1.0 not found.
-- Found rmw_implementation_cmake: 1.0.4 (/opt/ros/foxy/share/rmw_implementation_cmake/cmake)
-- Using RMW implementation 'rmw_fastrtps_cpp' as default
-- Configuring done
-- Generating done
-- Build files have been written to: /workspace/build/traj_utils
[100%] Built target traj_utils
-- Install configuration: ""
-- Execute custom install script
-- Up-to-date symlink: /workspace/install/traj_utils/include/traj_utils/planning_visualization.h
-- Up-to-date symlink: /workspace/install/traj_utils/include/traj_utils/polynomial_traj.h
-- Up-to-date symlink: /workspace/install/traj_utils/share/traj_utils/environment/library_path.sh
-- Up-to-date symlink: /workspace/install/traj_utils/share/traj_utils/environment/library_path.dsv
-- Up-to-date symlink: /workspace/install/traj_utils/share/ament_index/resource_index/package_run_dependencies/traj_utils
-- Up-to-date symlink: /workspace/install/traj_utils/share/ament_index/resource_index/parent_prefix_path/traj_utils
-- Up-to-date symlink: /workspace/install/traj_utils/share/traj_utils/environment/ament_prefix_path.sh
-- Up-to-date symlink: /workspace/install/traj_utils/share/traj_utils/environment/ament_prefix_path.dsv
-- Up-to-date symlink: /workspace/install/traj_utils/share/traj_utils/environment/path.sh
-- Up-to-date symlink: /workspace/install/traj_utils/share/traj_utils/environment/path.dsv
-- Up-to-date symlink: /workspace/install/traj_utils/share/traj_utils/local_setup.bash
-- Up-to-date symlink: /workspace/install/traj_utils/share/traj_utils/local_setup.sh
-- Up-to-date symlink: /workspace/install/traj_utils/share/traj_utils/local_setup.zsh
-- Up-to-date symlink: /workspace/install/traj_utils/share/traj_utils/local_setup.dsv
-- Symlinking: /workspace/install/traj_utils/share/traj_utils/package.dsv
-- Up-to-date symlink: /workspace/install/traj_utils/share/ament_index/resource_index/packages/traj_utils
-- Up-to-date symlink: /workspace/install/traj_utils/share/traj_utils/cmake/ament_cmake_export_targets-extras.cmake
-- Up-to-date symlink: /workspace/install/traj_utils/share/traj_utils/cmake/ament_cmake_export_dependencies-extras.cmake
-- Up-to-date symlink: /workspace/install/traj_utils/share/traj_utils/cmake/traj_utilsConfig.cmake
-- Up-to-date symlink: /workspace/install/traj_utils/share/traj_utils/cmake/traj_utilsConfig-version.cmake
-- Up-to-date symlink: /workspace/install/traj_utils/share/traj_utils/package.xml
-- Up-to-date: /workspace/install/traj_utils/lib/libtraj_utils.a
-- Up-to-date: /workspace/install/traj_utils/share/traj_utils/cmake/export_traj_utilsExport.cmake
-- Installing: /workspace/install/traj_utils/share/traj_utils/cmake/export_traj_utilsExport-noconfig.cmake
Finished <<< traj_utils [0.81s]
Starting >>> scan_planner
-- Found ament_cmake: 0.9.12 (/opt/ros/foxy/share/ament_cmake/cmake)
-- Found PythonInterp: /usr/bin/python3 (found suitable version "3.8.10", minimum required is "3") 
-- Using PYTHON_EXECUTABLE: /usr/bin/python3
-- Override CMake install command with custom implementation using symlinks instead of copying resources
-- Found ament_index_cpp: 1.1.0 (/opt/ros/foxy/share/ament_index_cpp/cmake)
-- Found bspline_opt: 0.1.0 (/workspace/install/bspline_opt/share/bspline_opt/cmake)
-- Using all available rosidl_typesupport_c: rosidl_typesupport_fastrtps_c;rosidl_typesupport_introspection_c
-- Found rosidl_adapter: 1.3.1 (/opt/ros/foxy/share/rosidl_adapter/cmake)
-- Using all available rosidl_typesupport_cpp: rosidl_typesupport_fastrtps_cpp;rosidl_typesupport_introspection_cpp
-- Eigen found (include: /usr/include/eigen3, version: 3.3.7)
-- The imported target "vtkParseOGLExt" references the file
   "/usr/bin/vtkParseOGLExt-7.1"
but this file does not exist.  Possible reasons include:
* The file was deleted, renamed, or moved to another location.
* An install or uninstall procedure did not complete successfully.
* The installation package was faulty and contained
   "/usr/lib/cmake/vtk-7.1/VTKTargets.cmake"
but not all the files it references.

-- The imported target "vtkRenderingPythonTkWidgets" references the file
   "/usr/lib/x86_64-linux-gnu/libvtkRenderingPythonTkWidgets.so"
but this file does not exist.  Possible reasons include:
* The file was deleted, renamed, or moved to another location.
* An install or uninstall procedure did not complete successfully.
* The installation package was faulty and contained
   "/usr/lib/cmake/vtk-7.1/VTKTargets.cmake"
but not all the files it references.

-- The imported target "vtk" references the file
   "/usr/bin/vtk"
but this file does not exist.  Possible reasons include:
* The file was deleted, renamed, or moved to another location.
* An install or uninstall procedure did not complete successfully.
* The installation package was faulty and contained
   "/usr/lib/cmake/vtk-7.1/VTKTargets.cmake"
but not all the files it references.

-- The imported target "pvtk" references the file
   "/usr/bin/pvtk"
but this file does not exist.  Possible reasons include:
* The file was deleted, renamed, or moved to another location.
* An install or uninstall procedure did not complete successfully.
* The installation package was faulty and contained
   "/usr/lib/cmake/vtk-7.1/VTKTargets.cmake"
but not all the files it references.

-- Checking for module 'libusb-1.0'
--   No package 'libusb-1.0' found
-- Could NOT find USB_10 (missing: USB_10_LIBRARY USB_10_INCLUDE_DIR) 
-- OpenNI disabled because libusb-1.0 not found.
-- Checking for module 'libusb-1.0'
--   No package 'libusb-1.0' found
-- Could NOT find USB_10 (missing: USB_10_LIBRARY USB_10_INCLUDE_DIR) 
-- OpenNI 2 disabled because libusb-1.0 not found.
-- LIBUSB_1_LIBRARY (missing: LIBUSB_1_INCLUDE_DIR) 
-- Checking for module 'libusb-1.0'
--   No package 'libusb-1.0' found
-- Could NOT find USB_10 (missing: USB_10_LIBRARY USB_10_INCLUDE_DIR) 
-- OpenNI disabled because libusb-1.0 not found.
-- Checking for module 'libusb-1.0'
--   No package 'libusb-1.0' found
-- Could NOT find USB_10 (missing: USB_10_LIBRARY USB_10_INCLUDE_DIR) 
-- OpenNI 2 disabled because libusb-1.0 not found.
-- QHULL found (include: /usr/include, lib: optimized;/usr/lib/x86_64-linux-gnu/libqhull.so;debug;/usr/lib/x86_64-linux-gnu/libqhull.so)
-- Checking for module 'libusb-1.0'
--   No package 'libusb-1.0' found
-- Could NOT find USB_10 (missing: USB_10_LIBRARY USB_10_INCLUDE_DIR) 
-- OpenNI disabled because libusb-1.0 not found.
-- Found rmw_implementation_cmake: 1.0.4 (/opt/ros/foxy/share/rmw_implementation_cmake/cmake)
-- Using RMW implementation 'rmw_fastrtps_cpp' as default
-- Found scan_planner_msgs: 0.1.0 (/workspace/install/scan_planner_msgs/share/scan_planner_msgs/cmake)
-- Found tf2_geometry_msgs: 0.13.14 (/opt/ros/foxy/share/tf2_geometry_msgs/cmake)
-- Found eigen3_cmake_module: 0.1.1 (/opt/ros/foxy/share/eigen3_cmake_module/cmake)
-- Found traj_utils: 0.1.0 (/workspace/install/traj_utils/share/traj_utils/cmake)
-- Found ament_cmake_gtest: 0.9.12 (/opt/ros/foxy/share/ament_cmake_gtest/cmake)
-- Found launch_testing_ament_cmake: 0.10.10 (/opt/ros/foxy/share/launch_testing_ament_cmake/cmake)
-- Found python_cmake_module: 0.8.1 (/opt/ros/foxy/share/python_cmake_module/cmake)
-- Found PythonInterp: /usr/bin/python3 (found suitable version "3.8.10", minimum required is "3.5") 
-- Using PYTHON_EXECUTABLE: /usr/bin/python3
-- Using PYTHON_INCLUDE_DIRS: /usr/include/python3.8
-- Using PYTHON_LIBRARIES: /usr/lib/x86_64-linux-gnu/libpython3.8.so
-- Found gtest sources under '/opt/ros/foxy/src/gtest_vendor': C++ tests using 'Google Test' will be built
-- Configuring done
-- Generating done
-- Build files have been written to: /workspace/build/scan_planner
[ 16%] Built target gtest_main
[ 33%] Built target gtest
Scanning dependencies of target test_trajectory_progress
Scanning dependencies of target closed_loop_controller
[ 41%] Building CXX object CMakeFiles/test_trajectory_progress.dir/test/test_trajectory_progress.cpp.o
[ 50%] Building CXX object CMakeFiles/closed_loop_controller.dir/src/closed_loop_controller.cpp.o
Scanning dependencies of target scan_planner_node
[ 66%] Building CXX object CMakeFiles/scan_planner_node.dir/src/scan_planner_node.cpp.o
[ 66%] Building CXX object CMakeFiles/scan_planner_node.dir/src/scan_replan_fsm.cpp.o
[ 75%] Linking CXX executable test_trajectory_progress
[ 75%] Built target test_trajectory_progress
[ 83%] Linking CXX executable closed_loop_controller
[ 83%] Built target closed_loop_controller
[ 91%] Linking CXX executable scan_planner_node
[100%] Built target scan_planner_node
-- Install configuration: ""
-- Execute custom install script
-- Up-to-date symlink: /workspace/install/scan_planner/lib/scan_planner/scan_planner_node
-- Up-to-date symlink: /workspace/install/scan_planner/lib/scan_planner/closed_loop_controller
-- Up-to-date symlink: /workspace/install/scan_planner/include/plan_manage/plan_container.hpp
-- Up-to-date symlink: /workspace/install/scan_planner/include/plan_manage/planner_manager.h
-- Up-to-date symlink: /workspace/install/scan_planner/include/plan_manage/scan_replan_fsm.h
-- Up-to-date symlink: /workspace/install/scan_planner/include/plan_manage/trajectory_progress.h
-- Up-to-date symlink: /workspace/install/scan_planner/share/scan_planner/launch/foxy_isaac_closed_loop.launch.py
-- Up-to-date symlink: /workspace/install/scan_planner/share/scan_planner/config/foxy_isaac_planner.yaml
-- Up-to-date symlink: /workspace/install/scan_planner/share/scan_planner/config/foxy_isaac_forest_v5_planner.yaml
-- Up-to-date symlink: /workspace/install/scan_planner/share/scan_planner/config/foxy_isaac_controller.yaml
-- Up-to-date symlink: /workspace/install/scan_planner/share/ament_index/resource_index/package_run_dependencies/scan_planner
-- Up-to-date symlink: /workspace/install/scan_planner/share/ament_index/resource_index/parent_prefix_path/scan_planner
-- Up-to-date symlink: /workspace/install/scan_planner/share/scan_planner/environment/ament_prefix_path.sh
-- Up-to-date symlink: /workspace/install/scan_planner/share/scan_planner/environment/ament_prefix_path.dsv
-- Up-to-date symlink: /workspace/install/scan_planner/share/scan_planner/environment/path.sh
-- Up-to-date symlink: /workspace/install/scan_planner/share/scan_planner/environment/path.dsv
-- Up-to-date symlink: /workspace/install/scan_planner/share/scan_planner/local_setup.bash
-- Up-to-date symlink: /workspace/install/scan_planner/share/scan_planner/local_setup.sh
-- Up-to-date symlink: /workspace/install/scan_planner/share/scan_planner/local_setup.zsh
-- Up-to-date symlink: /workspace/install/scan_planner/share/scan_planner/local_setup.dsv
-- Symlinking: /workspace/install/scan_planner/share/scan_planner/package.dsv
-- Up-to-date symlink: /workspace/install/scan_planner/share/ament_index/resource_index/packages/scan_planner
-- Up-to-date symlink: /workspace/install/scan_planner/share/scan_planner/cmake/scan_plannerConfig.cmake
-- Up-to-date symlink: /workspace/install/scan_planner/share/scan_planner/cmake/scan_plannerConfig-version.cmake
-- Up-to-date symlink: /workspace/install/scan_planner/share/scan_planner/package.xml
Finished <<< scan_planner [8.84s]

Summary: 7 packages finished [21.0s]
  2 packages had stderr output: bspline_opt path_searching
