[INFO] [launch]: All log files can be found below /root/.ros/log/2026-08-14-04-08-43-910636-ubuntu-47
[INFO] [launch]: Default logging verbosity is set to INFO
[INFO] [foxy_bridge_node-1]: process started with pid [59]
[INFO] [scan_planner_node-2]: process started with pid [61]
[INFO] [closed_loop_controller-3]: process started with pid [63]
[INFO] [acceptance_monitor_node-4]: process started with pid [66]
[closed_loop_controller-3] [INFO] [1786680523.945679361] [closed_loop_controller]: Closed-loop controller ready
[scan_planner_node-2] hit: 1.7346
[scan_planner_node-2] miss: -0.847298
[scan_planner_node-2] min log: -1.99243
[scan_planner_node-2] max: 3.89182
[scan_planner_node-2] thresh log: 1.38629
[scan_planner_node-2] [INFO] [1786680524.005036923] [scan_planner_node]: Preset waypoint mode will start after the first odometry message
[acceptance_monitor_node-4] [INFO] [1786680524.097521851] [lite3_acceptance_monitor]: Acceptance monitor writing /evidence/ros_events.jsonl and /evidence/ros_summary.json
[foxy_bridge_node-1] [INFO] [1786680524.101368129] [lite3_sim_bridge]: Telemetry stream connected
[foxy_bridge_node-1] [INFO] [1786680524.101551012] [lite3_sim_bridge]: Lite3 bridge ready: telemetry 127.0.0.1:49304, command 127.0.0.1:49305
[foxy_bridge_node-1] [INFO] [1786680524.101875699] [lite3_sim_bridge]: Command stream connected
[scan_planner_node-2] [INFO] [1786680524.370342393] [scan_planner_node]: [navi_mode=2] Planning to waypoint 1/1: [4.00, 0.00, 0.35]
[scan_planner_node-2] [TRIG]: from INIT to GEN_NEW_TRAJ
[scan_planner_node-2] 
[scan_planner_node-2] [rebo replan]: -------------------------------------0
[scan_planner_node-2] start:  -0.00257 -2.65e-06      0.35, 0 0 0
[scan_planner_node-2] goal:   4    0 0.35, 0 0 0
[scan_planner_node-2] [32miter(+1)=27,time(ms)=0.082,total_t(ms)=0.082,cost=0.020
[scan_planner_node-2] [0mfirst_optimize_step_success=1
[scan_planner_node-2] total time:[42m0.000223[0m,optimize:0.000183,refine:4.08e-05
[scan_planner_node-2] final_plan_success=1
[scan_planner_node-2] [FSM]: from GEN_NEW_TRAJ to EXEC_TRAJ
[closed_loop_controller-3] [INFO] [1786680524.396564345] [closed_loop_controller]: Received trajectory 1, duration 8.960s
[scan_planner_node-2] 
[scan_planner_node-2] [rebo replan]: -------------------------------------1
[scan_planner_node-2] start:  -0.00296 -0.000445     0.305,     0.109  1.27e-08 -1.24e-06
[scan_planner_node-2] goal:   4    0 0.35, 0 0 0
[scan_planner_node-2] iter=6,time(ms)=0.042,rebound.
[scan_planner_node-2] iter=23,time(ms)=0.096,rebound.
[scan_planner_node-2] [32miter(+1)=70,time(ms)=0.188,total_t(ms)=0.329,cost=0.032
[scan_planner_node-2] [0mfirst_optimize_step_success=1
[scan_planner_node-2] total time:[42m0.00096[0m,optimize:0.00094,refine:2e-05
[scan_planner_node-2] final_plan_success=1
[scan_planner_node-2] [SAFETY]: from EXEC_TRAJ to EXEC_TRAJ
[closed_loop_controller-3] [INFO] [1786680524.755636339] [closed_loop_controller]: Received trajectory 2, duration 8.960s
[scan_planner_node-2] [FSM]: state: EXEC_TRAJ
[scan_planner_node-2] [FSM]: state: EXEC_TRAJ
[scan_planner_node-2] [FSM]: state: EXEC_TRAJ
[scan_planner_node-2] [FSM]: state: EXEC_TRAJ
[scan_planner_node-2] [FSM]: state: EXEC_TRAJ
[scan_planner_node-2] [FSM]: state: EXEC_TRAJ
[scan_planner_node-2] [FSM]: state: EXEC_TRAJ
[scan_planner_node-2] [FSM]: state: EXEC_TRAJ
[scan_planner_node-2] [FSM]: state: EXEC_TRAJ
[scan_planner_node-2] [FSM]: state: EXEC_TRAJ
[scan_planner_node-2] [FSM]: state: EXEC_TRAJ
[scan_planner_node-2] [FSM]: state: EXEC_TRAJ
[scan_planner_node-2] [FSM]: state: EXEC_TRAJ
[scan_planner_node-2] [FSM]: state: EXEC_TRAJ
[scan_planner_node-2] [FSM]: from EXEC_TRAJ to WAIT_TARGET
[scan_planner_node-2] [FSM]: state: WAIT_TARGET
[scan_planner_node-2] [FSM]: state: WAIT_TARGET
[scan_planner_node-2] [FSM]: state: WAIT_TARGET
[scan_planner_node-2] [FSM]: state: WAIT_TARGET
[scan_planner_node-2] [FSM]: state: WAIT_TARGET
[scan_planner_node-2] [FSM]: state: WAIT_TARGET
[foxy_bridge_node-1] [WARN] [1786680544.113499912] [lite3_sim_bridge]: Telemetry stream reset: socket closed with 40 bytes remaining
[foxy_bridge_node-1] [WARN] [1786680544.133377774] [lite3_sim_bridge]: Command stream reset: [Errno 104] Connection reset by peer
[scan_planner_node-2] [FSM]: state: WAIT_TARGET
[scan_planner_node-2] [FSM]: state: WAIT_TARGET
[WARNING] [launch]: user interrupted with ctrl-c (SIGINT)
[INFO] [acceptance_monitor_node-4]: sending signal 'SIGINT' to process[acceptance_monitor_node-4]
[INFO] [closed_loop_controller-3]: sending signal 'SIGINT' to process[closed_loop_controller-3]
[INFO] [scan_planner_node-2]: sending signal 'SIGINT' to process[scan_planner_node-2]
[INFO] [foxy_bridge_node-1]: sending signal 'SIGINT' to process[foxy_bridge_node-1]
[closed_loop_controller-3] [INFO] [1786680546.810207733] [rclcpp]: signal_handler(signal_value=2)
[scan_planner_node-2] [INFO] [1786680546.810365598] [rclcpp]: signal_handler(signal_value=2)
[scan_planner_node-2] des manager
[INFO] [closed_loop_controller-3]: process has finished cleanly [pid 63]
[INFO] [foxy_bridge_node-1]: process has finished cleanly [pid 59]
[INFO] [acceptance_monitor_node-4]: process has finished cleanly [pid 66]
[INFO] [scan_planner_node-2]: process has finished cleanly [pid 61]
