[INFO] [launch]: All log files can be found below /root/.ros/log/2026-08-14-21-56-10-570119-ubuntu-47
[INFO] [launch]: Default logging verbosity is set to INFO
[INFO] [foxy_bridge_node-1]: process started with pid [61]
[INFO] [scan_planner_node-2]: process started with pid [63]
[INFO] [closed_loop_controller-3]: process started with pid [65]
[INFO] [acceptance_monitor_node-4]: process started with pid [67]
[closed_loop_controller-3] [INFO] [1786744570.601776737] [closed_loop_controller]: Closed-loop controller ready
[scan_planner_node-2] hit: 1.7346
[scan_planner_node-2] miss: -0.847298
[scan_planner_node-2] min log: -1.99243
[scan_planner_node-2] max: 3.89182
[scan_planner_node-2] thresh log: 1.38629
[scan_planner_node-2] [INFO] [1786744570.699519381] [scan_planner_node]: Preset waypoint mode will start after the first odometry message
[acceptance_monitor_node-4] [INFO] [1786744570.761799401] [lite3_acceptance_monitor]: Acceptance monitor writing /evidence/ros_events.jsonl and /evidence/ros_summary.json
[foxy_bridge_node-1] [INFO] [1786744570.765445638] [lite3_sim_bridge]: Command stream connected
[foxy_bridge_node-1] [INFO] [1786744570.765626869] [lite3_sim_bridge]: Telemetry stream connected
[foxy_bridge_node-1] [INFO] [1786744570.765663779] [lite3_sim_bridge]: Lite3 bridge ready: telemetry 127.0.0.1:46604, command 127.0.0.1:46605
[scan_planner_node-2] [INFO] [1786744571.035712086] [scan_planner_node]: [navi_mode=2] Planning to waypoint 1/1: [0.50, 3.00, 0.85]
[scan_planner_node-2] [TRIG]: from INIT to GEN_NEW_TRAJ
[scan_planner_node-2] 
[scan_planner_node-2] [rebo replan]: -------------------------------------0
[scan_planner_node-2] start:   -5    3 0.92, 0 0 0
[scan_planner_node-2] goal: 0.5    3 0.85, 0 0 0
[scan_planner_node-2] [32miter(+1)=103,time(ms)=20.374,total_t(ms)=20.375,cost=0.017
[scan_planner_node-2] [0mfirst_optimize_step_success=1
[scan_planner_node-2] total time:[42m0.0251[0m,optimize:0.0244,refine:0.00074
[scan_planner_node-2] final_plan_success=1
[scan_planner_node-2] [FSM]: from GEN_NEW_TRAJ to EXEC_TRAJ
[closed_loop_controller-3] [INFO] [1786744574.202922011] [closed_loop_controller]: Received trajectory 1, duration 7.360s, start error 0.120m, catchup state 0
[scan_planner_node-2] 
[scan_planner_node-2] [rebo replan]: -------------------------------------1
[scan_planner_node-2] start:  -4.9     3 0.818,         1 -1.15e-06   -0.0121
[scan_planner_node-2] goal: 0.5    3 0.85, 0 0 0
[scan_planner_node-2] [32miter(+1)=65,time(ms)=8.670,total_t(ms)=8.670,cost=0.006
[scan_planner_node-2] [0mfirst_optimize_step_success=1
[scan_planner_node-2] total time:[42m0.018[0m,optimize:0.017,refine:0.00066
[scan_planner_node-2] final_plan_success=1
[scan_planner_node-2] [SAFETY]: from EXEC_TRAJ to EXEC_TRAJ
[closed_loop_controller-3] [INFO] [1786744576.427816540] [closed_loop_controller]: Received trajectory 2, duration 7.200s, start error 0.912m, catchup state 2
[scan_planner_node-2] 
[scan_planner_node-2] [rebo replan]: -------------------------------------2
[scan_planner_node-2] start: -3.77  3.02 0.457,  0.995  0.431 0.0065
[scan_planner_node-2] goal: 0.5    3 0.85, 0 0 0
[scan_planner_node-2] iter=84,time(ms)=11,rebound.
[scan_planner_node-2] [ERROR] [1786744578.807099107] [bspline_opt]: A-star failed; aborting optimization
[scan_planner_node-2] [32miter(+1)=93,time(ms)=11.398,keep optimizing
[scan_planner_node-2] [0m[32miter(+1)=146,time(ms)=18.620,keep optimizing
[scan_planner_node-2] [0m[32miter(+1)=57,time(ms)=7.073,keep optimizing
[scan_planner_node-2] [0mfirst_optimize_step_success=0
[scan_planner_node-2] final_plan_success=0
[scan_planner_node-2] 
[scan_planner_node-2] [rebo replan]: -------------------------------------3
[scan_planner_node-2] start: -3.77  3.02 0.457,  0.995  0.431 0.0065
[scan_planner_node-2] goal: 0.5    3 0.85, 0 0 0
[scan_planner_node-2] [32miter(+1)=73,time(ms)=8.928,keep optimizing
[scan_planner_node-2] [0m[32miter(+1)=97,time(ms)=12.401,keep optimizing
[scan_planner_node-2] [0m[32miter(+1)=75,time(ms)=9.312,total_t(ms)=32.500,cost=0.898
[scan_planner_node-2] [0mfirst_optimize_step_success=1
[scan_planner_node-2] Need to reallocate time.
[scan_planner_node-2] [34mThis refined trajectory is unsafe or dynamically infeasible. Skip publishing it.
[scan_planner_node-2] [0mfinal_plan_success=0
[scan_planner_node-2] [WARN] [1786744578.858869778] [scan_planner_node]: Obstacle discovered; emergency stop in 0.000s
[scan_planner_node-2] [SAFETY]: from EXEC_TRAJ to EMERGENCY_STOP
[foxy_bridge_node-1] [WARN] [1786744580.785271828] [lite3_sim_bridge]: Telemetry stream reset: socket closed with 40 bytes remaining
[foxy_bridge_node-1] [WARN] [1786744580.805255359] [lite3_sim_bridge]: Command stream reset: [Errno 104] Connection reset by peer
[closed_loop_controller-3] [INFO] [1786744580.929271005] [closed_loop_controller]: Received trajectory 3, duration 3.000s, start error 0.027m, catchup state 0
[WARNING] [launch]: user interrupted with ctrl-c (SIGINT)
[INFO] [acceptance_monitor_node-4]: sending signal 'SIGINT' to process[acceptance_monitor_node-4]
[INFO] [closed_loop_controller-3]: sending signal 'SIGINT' to process[closed_loop_controller-3]
[INFO] [scan_planner_node-2]: sending signal 'SIGINT' to process[scan_planner_node-2]
[INFO] [foxy_bridge_node-1]: sending signal 'SIGINT' to process[foxy_bridge_node-1]
[closed_loop_controller-3] [INFO] [1786744583.474598441] [rclcpp]: signal_handler(signal_value=2)
[scan_planner_node-2] [INFO] [1786744583.474801463] [rclcpp]: signal_handler(signal_value=2)
[INFO] [closed_loop_controller-3]: process has finished cleanly [pid 65]
[INFO] [foxy_bridge_node-1]: process has finished cleanly [pid 61]
[INFO] [acceptance_monitor_node-4]: process has finished cleanly [pid 67]
[scan_planner_node-2] des manager
[INFO] [scan_planner_node-2]: process has finished cleanly [pid 63]
