[INFO] [launch]: All log files can be found below /root/.ros/log/2026-08-14-19-36-30-192691-ubuntu-47
[INFO] [launch]: Default logging verbosity is set to INFO
[INFO] [foxy_bridge_node-1]: process started with pid [61]
[INFO] [scan_planner_node-2]: process started with pid [63]
[INFO] [closed_loop_controller-3]: process started with pid [65]
[INFO] [acceptance_monitor_node-4]: process started with pid [67]
[closed_loop_controller-3] [INFO] [1786736190.223103087] [closed_loop_controller]: Closed-loop controller ready
[scan_planner_node-2] hit: 1.7346
[scan_planner_node-2] miss: -0.847298
[scan_planner_node-2] min log: -1.99243
[scan_planner_node-2] max: 3.89182
[scan_planner_node-2] thresh log: 1.38629
[scan_planner_node-2] [INFO] [1786736190.309493110] [scan_planner_node]: Preset waypoint mode will start after the first odometry message
[acceptance_monitor_node-4] [INFO] [1786736190.377714188] [lite3_acceptance_monitor]: Acceptance monitor writing /evidence/ros_events.jsonl and /evidence/ros_summary.json
[foxy_bridge_node-1] [INFO] [1786736190.381770286] [lite3_sim_bridge]: Lite3 bridge ready: telemetry 127.0.0.1:46430, command 127.0.0.1:46431
[foxy_bridge_node-1] [INFO] [1786736190.381959801] [lite3_sim_bridge]: Command stream connected
[foxy_bridge_node-1] [INFO] [1786736190.382237121] [lite3_sim_bridge]: Telemetry stream connected
[scan_planner_node-2] [INFO] [1786736190.651321814] [scan_planner_node]: [navi_mode=2] Planning to waypoint 1/1: [0.50, 3.00, 0.85]
[scan_planner_node-2] [TRIG]: from INIT to GEN_NEW_TRAJ
[scan_planner_node-2] 
[scan_planner_node-2] [rebo replan]: -------------------------------------0
[scan_planner_node-2] start:   -5    3 0.92, 0 0 0
[scan_planner_node-2] goal: 0.5    3 0.85, 0 0 0
[scan_planner_node-2] [32miter(+1)=103,time(ms)=21.464,total_t(ms)=21.464,cost=0.017
[scan_planner_node-2] [0mfirst_optimize_step_success=1
[scan_planner_node-2] total time:[42m0.0263[0m,optimize:0.0255,refine:0.000742
[scan_planner_node-2] final_plan_success=1
[scan_planner_node-2] [FSM]: from GEN_NEW_TRAJ to EXEC_TRAJ
[closed_loop_controller-3] [INFO] [1786736193.804701051] [closed_loop_controller]: Received trajectory 1, duration 7.360s
[scan_planner_node-2] 
[scan_planner_node-2] [rebo replan]: -------------------------------------1
[scan_planner_node-2] start: -4.9    3 0.82,     0.228 -9.92e-08  -0.00104
[scan_planner_node-2] goal: 0.5    3 0.85, 0 0 0
[scan_planner_node-2] [WARN] [1786736194.452798703] [path_searching]: A-star path search took 0.146s, iter=8067
[scan_planner_node-2] [ERROR] [1786736194.452828649] [bspline_opt]: A-star error
[scan_planner_node-2] iter=18,time(ms)=1.5e+02,rebound.
[scan_planner_node-2] [WARN] [1786736194.600410694] [path_searching]: A-star path search took 0.147s, iter=8074
[scan_planner_node-2] [ERROR] [1786736194.600439619] [bspline_opt]: A-star error
[scan_planner_node-2] iter=5,time(ms)=1.5e+02,rebound.
[scan_planner_node-2] [WARN] [1786736194.751941096] [path_searching]: A-star path search took 0.151s, iter=8074
[scan_planner_node-2] [ERROR] [1786736194.751969620] [bspline_opt]: A-star error
[scan_planner_node-2] iter=5,time(ms)=1.5e+02,rebound.
[scan_planner_node-2] [WARN] [1786736194.899847350] [path_searching]: A-star path search took 0.147s, iter=8074
[scan_planner_node-2] [ERROR] [1786736194.899875773] [bspline_opt]: A-star error
[scan_planner_node-2] iter=5,time(ms)=1.5e+02,rebound.
[scan_planner_node-2] [WARN] [1786736195.048614776] [path_searching]: A-star path search took 0.148s, iter=8074
[scan_planner_node-2] [ERROR] [1786736195.048643790] [bspline_opt]: A-star error
[scan_planner_node-2] iter=5,time(ms)=1.5e+02,rebound.
[scan_planner_node-2] [WARN] [1786736195.196592162] [path_searching]: A-star path search took 0.147s, iter=8074
[scan_planner_node-2] [ERROR] [1786736195.196621427] [bspline_opt]: A-star error
[scan_planner_node-2] iter=5,time(ms)=1.5e+02,rebound.
[scan_planner_node-2] [WARN] [1786736195.347117512] [path_searching]: A-star path search took 0.150s, iter=8074
[scan_planner_node-2] [ERROR] [1786736195.347146066] [bspline_opt]: A-star error
[scan_planner_node-2] iter=5,time(ms)=1.5e+02,rebound.
[scan_planner_node-2] [WARN] [1786736195.496033747] [path_searching]: A-star path search took 0.148s, iter=8074
[scan_planner_node-2] [ERROR] [1786736195.496062892] [bspline_opt]: A-star error
[scan_planner_node-2] iter=5,time(ms)=1.5e+02,rebound.
[scan_planner_node-2] [WARN] [1786736195.644511892] [path_searching]: A-star path search took 0.148s, iter=8074
[scan_planner_node-2] [ERROR] [1786736195.644540486] [bspline_opt]: A-star error
[scan_planner_node-2] iter=5,time(ms)=1.5e+02,rebound.
[scan_planner_node-2] iter=5,time(ms)=0.81,rebound.
[scan_planner_node-2] [32miter(+1)=58,time(ms)=8.013,total_t(ms)=1349.282,cost=0.012
[scan_planner_node-2] [0mfirst_optimize_step_success=1
[scan_planner_node-2] total time:[42m1.4[0m,optimize:1.4,refine:0.00063
[scan_planner_node-2] final_plan_success=1
[scan_planner_node-2] [SAFETY]: from EXEC_TRAJ to EXEC_TRAJ
[closed_loop_controller-3] [INFO] [1786736195.654900653] [closed_loop_controller]: Received trajectory 2, duration 7.200s
[scan_planner_node-2] 
[scan_planner_node-2] [rebo replan]: -------------------------------------2
[scan_planner_node-2] start: -4.88  3.05 0.828,   0.648   0.201 0.00253
[scan_planner_node-2] goal: 0.5    3 0.85, 0 0 0
[scan_planner_node-2] [32miter(+1)=60,time(ms)=7.993,total_t(ms)=7.994,cost=0.008
[scan_planner_node-2] [0mfirst_optimize_step_success=1
[scan_planner_node-2] total time:[42m0.011[0m,optimize:0.011,refine:0.00064
[scan_planner_node-2] final_plan_success=1
[scan_planner_node-2] [SAFETY]: from EXEC_TRAJ to EXEC_TRAJ
[closed_loop_controller-3] [INFO] [1786736196.328290949] [closed_loop_controller]: Received trajectory 3, duration 7.200s
[scan_planner_node-2] [FSM]: from EXEC_TRAJ to WAIT_TARGET
[foxy_bridge_node-1] [WARN] [1786736226.421565105] [lite3_sim_bridge]: Telemetry stream reset: socket closed with 40 bytes remaining
[foxy_bridge_node-1] [WARN] [1786736226.441362834] [lite3_sim_bridge]: Command stream reset: [Errno 104] Connection reset by peer
[WARNING] [launch]: user interrupted with ctrl-c (SIGINT)
[INFO] [acceptance_monitor_node-4]: sending signal 'SIGINT' to process[acceptance_monitor_node-4]
[INFO] [closed_loop_controller-3]: sending signal 'SIGINT' to process[closed_loop_controller-3]
[INFO] [scan_planner_node-2]: sending signal 'SIGINT' to process[scan_planner_node-2]
[INFO] [foxy_bridge_node-1]: sending signal 'SIGINT' to process[foxy_bridge_node-1]
[closed_loop_controller-3] [INFO] [1786736229.099670126] [rclcpp]: signal_handler(signal_value=2)
[scan_planner_node-2] [INFO] [1786736229.099806521] [rclcpp]: signal_handler(signal_value=2)
[INFO] [closed_loop_controller-3]: process has finished cleanly [pid 65]
[INFO] [foxy_bridge_node-1]: process has finished cleanly [pid 61]
[INFO] [acceptance_monitor_node-4]: process has finished cleanly [pid 67]
[scan_planner_node-2] des manager
[INFO] [scan_planner_node-2]: process has finished cleanly [pid 63]
