[Info] [carb] Logging to file: /home/sun/miniconda3/envs/isaaclab/lib/python3.11/site-packages/isaacsim/kit/logs/Kit/Isaac-Sim Python/5.1/kit_20260815_055138.log
[0.020s] [ext: omni.kit.async_engine-0.0.3] startup
[0.062s] [ext: omni.metrics.core-0.0.3] startup
[0.062s] [ext: omni.client.lib-1.1.0] startup
[0.069s] [ext: omni.blobkey-1.1.2] startup
[0.069s] [ext: omni.stats-1.0.1] startup
[0.070s] [ext: omni.datastore-0.0.0] startup
[0.073s] [ext: omni.client-1.3.0] startup
[0.075s] [ext: omni.ujitso.default-1.0.0] startup
[0.075s] [ext: omni.hsscclient-1.1.2] startup
[0.084s] [ext: omni.gpu_foundation.shadercache.vulkan-1.0.0] startup
[0.084s] [ext: omni.assets.plugins-0.0.0] startup
[0.085s] [ext: omni.gpu_foundation-0.0.0] startup
[0.089s] [ext: carb.windowing.plugins-1.0.0] startup
2026-08-15T09:51:38Z [83ms] [Warning] [carb.windowing-glfw.plugin] GLFW initialization failed.
2026-08-15T09:51:38Z [83ms] [Warning] [carb] Failed to startup plugin carb.windowing-glfw.plugin (interfaces: [carb::windowing::IGLContext v1.0],[carb::windowing::IWindowing v1.5]) (impl: carb.windowing-glfw.plugin)
[0.089s] [ext: omni.kit.renderer.init-0.0.0] startup
2026-08-15T09:51:38Z [88ms] [Warning] [omni.platforminfo.plugin] failed to open the default display.  Can't verify X Server version.
2026-08-15T09:51:38Z [306ms] [Warning] [gpu.foundation.plugin] Skipping unsupported non-NVIDIA GPU: AMD Ryzen 7 9700X 8-Core Processor (RADV RAPHAEL_MENDOCINO)
2026-08-15T09:51:38Z [307ms] [Warning] [gpu.foundation.plugin] Skipping unsupported non-NVIDIA GPU: AMD Ryzen 7 9700X 8-Core Processor (RADV RAPHAEL_MENDOCINO)

|---------------------------------------------------------------------------------------------|
| Driver Version: 580.126.09    | Graphics API: Vulkan
|=============================================================================================|
| GPU | Name                             | Active | LDA | GPU Memory | Vendor-ID | LUID       |
|     |                                  |        |     |            | Device-ID | UUID       |
|     |                                  |        |     |            | Bus-ID    |            |
|---------------------------------------------------------------------------------------------|
| 0   | NVIDIA GeForce RTX 5070 Ti       | Yes: 0 |     | 16303   MB | 10de      | 0          |
|     |                                  |        |     |            | 2c05      | 9a0eb7bb.. |
|     |                                  |        |     |            | 1         |            |
|---------------------------------------------------------------------------------------------|
| 1   | AMD Ryzen 7 9700X 8-Core Proce.. |        |     | 10720   MB | 1002      | 0          |
|     |                                  |        |     |            | 13c0      | 00000000.. |
|     |                                  |        |     |            | 11        |            |
|=============================================================================================|
| OS: 24.04.3 LTS (Noble Numbat) ubuntu, Version: 24.04.3, Kernel: 6.17.0-22-generic
| Processor: AMD Ryzen 7 9700X 8-Core Processor
| Cores: 8 | Logical Cores: 16
|---------------------------------------------------------------------------------------------|
| Total Memory (MB): 31137 | Free Memory: 27823
| Total Page/Swap (MB): 69497 | Free Page/Swap: 69497
|---------------------------------------------------------------------------------------------|
2026-08-15T09:51:39Z [508ms] [Warning] [gpu.foundation.plugin] IOMMU is enabled.
2026-08-15T09:51:39Z [508ms] [Warning] [gpu.foundation.plugin] Detected IOMMU is enabled. Running CUDA peer-to-peer bandwidth and latency validation.
Unidirectional P2P=Enabled Bandwidth (P2P Writes) Matrix (GB/s)
   D\D     0 
     0 754.83 
P2P=Enabled Latency (P2P Writes) Matrix (us)
   GPU     0 
     0   2.07 

   CPU     0 
     0   1.64 
[0.588s] [ext: omni.materialx.libs-1.0.7] startup
[0.592s] [ext: omni.kit.telemetry-0.5.2] startup
[0.604s] [ext: omni.usd.config-1.0.6] startup
[0.606s] [ext: omni.gpucompute.plugins-0.0.0] startup
[0.606s] [ext: omni.usd.libs-1.0.1] startup
[0.650s] [ext: omni.kit.loop-isaac-1.3.7] startup
[0.651s] [ext: omni.kit.test-2.0.1] startup
[0.676s] [ext: omni.mdl-56.0.3] startup
[0.717s] [ext: omni.iray.libs-0.0.0] startup
[0.720s] [ext: omni.mdl.neuraylib-0.2.12] startup
[0.721s] [ext: omni.kit.usd.mdl-1.1.5] startup
[0.776s] [ext: omni.kit.pipapi-0.0.0] startup
[0.777s] [ext: omni.appwindow-1.1.10] startup
2026-08-15T09:51:39Z [771ms] [Warning] [carb.windowing-glfw.plugin] GLFW initialization failed.
2026-08-15T09:51:39Z [771ms] [Warning] [carb] Failed to startup plugin carb.windowing-glfw.plugin (interfaces: [carb::windowing::IGLContext v1.0],[carb::windowing::IWindowing v1.5]) (impl: carb.windowing-glfw.plugin)
[0.778s] [ext: omni.kit.renderer.core-1.1.0] startup
2026-08-15T09:51:39Z [781ms] [Warning] [carb.windowing-glfw.plugin] GLFW initialization failed.
2026-08-15T09:51:39Z [781ms] [Warning] [carb] Failed to startup plugin carb.windowing-glfw.plugin (interfaces: [carb::windowing::IGLContext v1.0],[carb::windowing::IWindowing v1.5]) (impl: carb.windowing-glfw.plugin)
2026-08-15T09:51:39Z [785ms] [Warning] [carb.windowing-glfw.plugin] GLFW initialization failed.
2026-08-15T09:51:39Z [785ms] [Warning] [carb] Failed to startup plugin carb.windowing-glfw.plugin (interfaces: [carb::windowing::IGLContext v1.0],[carb::windowing::IWindowing v1.5]) (impl: carb.windowing-glfw.plugin)
[0.792s] [ext: omni.kit.renderer.capture-0.0.0] startup
[0.793s] [ext: omni.kit.renderer.imgui-2.0.5] startup
2026-08-15T09:51:39Z [788ms] [Warning] [carb.windowing-glfw.plugin] GLFW initialization failed.
2026-08-15T09:51:39Z [788ms] [Warning] [carb] Failed to startup plugin carb.windowing-glfw.plugin (interfaces: [carb::windowing::IGLContext v1.0],[carb::windowing::IWindowing v1.5]) (impl: carb.windowing-glfw.plugin)
2026-08-15T09:51:39Z [789ms] [Warning] [carb.windowing-glfw.plugin] GLFW initialization failed.
2026-08-15T09:51:39Z [789ms] [Warning] [carb] Failed to startup plugin carb.windowing-glfw.plugin (interfaces: [carb::windowing::IGLContext v1.0],[carb::windowing::IWindowing v1.5]) (impl: carb.windowing-glfw.plugin)
2026-08-15T09:51:39Z [789ms] [Warning] [carb.windowing-glfw.plugin] GLFW initialization failed.
2026-08-15T09:51:39Z [789ms] [Warning] [carb] Failed to startup plugin carb.windowing-glfw.plugin (interfaces: [carb::windowing::IGLContext v1.0],[carb::windowing::IWindowing v1.5]) (impl: carb.windowing-glfw.plugin)
[0.823s] [ext: omni.ui-2.27.1] startup
[0.827s] [ext: omni.kit.mainwindow-1.0.3] startup
[0.828s] [ext: carb.audio-0.1.0] startup
[0.830s] [ext: omni.uiaudio-1.0.0] startup
[0.830s] [ext: omni.kit.uiapp-0.0.0] startup
[0.830s] [ext: omni.usd.schema.metrics.assembler-107.3.1] startup
[0.832s] [ext: omni.usd.schema.physx-107.3.26] startup
[0.848s] [ext: omni.usd.schema.geospatial-0.0.0] startup
[0.849s] [ext: omni.usd.schema.audio-0.0.0] startup
[0.850s] [ext: omni.usd.schema.anim-0.0.0] startup
[0.859s] [ext: omni.usd.schema.flow-107.1.1] startup
[0.860s] [ext: omni.usd_resolver-1.0.0] startup
[0.862s] [ext: omni.usd.core-1.5.3] startup
[0.863s] [ext: omni.usd.schema.omni_sensors-0.0.0] startup
[0.870s] [ext: omni.usd.schema.semantics-0.0.0] startup
[0.872s] [ext: omni.usd.schema.omniscripting-1.0.0] startup
[0.874s] [ext: omni.usd.schema.omni_lens_distortion-0.0.0] startup
[0.874s] [ext: omni.usd.schema.omnigraph-1.0.0] startup
[0.876s] [ext: omni.kit.window.popup_dialog-2.0.24] startup
[0.878s] [ext: omni.graph.exec-0.9.6] startup
[0.878s] [ext: omni.kit.widget.nucleus_connector-2.0.1] startup
[0.879s] [ext: omni.kit.usd_undo-0.1.8] startup
[0.879s] [ext: omni.kit.exec.core-0.13.4] startup
[0.880s] [ext: omni.kit.actions.core-1.0.0] startup
[0.881s] [ext: omni.resourcemonitor-107.0.1] startup
[0.882s] [ext: omni.activity.core-1.0.3] startup
[0.883s] [ext: omni.timeline-1.0.14] startup
[0.884s] [ext: omni.kit.commands-1.4.10] startup
[0.886s] [ext: usdrt.scenegraph-7.6.1] startup
[0.903s] [ext: omni.kit.audiodeviceenum-1.0.2] startup
[0.903s] [ext: omni.hydra.usdrt_delegate-7.5.1] startup
[0.906s] [ext: omni.hydra.scene_delegate-0.3.4] startup
[0.908s] [ext: omni.usd-1.13.10] startup
[0.920s] [ext: omni.inspect-1.0.2] startup
[0.920s] [ext: omni.kit.notification_manager-1.0.10] startup
[0.921s] [ext: omni.graph.core-2.184.5] startup
[0.922s] [ext: isaacsim.core.deprecation_manager-0.2.7] startup
[0.923s] [ext: omni.anim.graph.schema-107.3.3] startup
[0.926s] [ext: omni.usd.schema.isaac-3.0.5] startup
[0.926s] [ext: omni.anim.navigation.schema-107.3.3] startup
[0.927s] [ext: omni.kit.asset_converter-5.0.17] startup
[0.933s] [ext: isaacsim.robot.schema-3.6.0] startup
[0.937s] [ext: omni.usd.schema.render_settings.rtx-0.0.0] startup
[0.938s] [ext: omni.kit.menu.core-1.1.2] startup
[0.938s] [ext: omni.kit.widget.path_field-2.0.11] startup
[0.938s] [ext: omni.kit.widget.context_menu-1.2.5] startup
[0.939s] [ext: omni.kit.widget.browser_bar-2.0.10] startup
[0.939s] [ext: omni.kit.clipboard-1.0.5] startup
[0.939s] [ext: omni.kit.numpy.common-0.1.3] startup
[0.940s] [ext: omni.kit.widget.options_menu-1.1.6] startup
[0.941s] [ext: omni.kit.helper.file_utils-0.1.9] startup
[0.942s] [ext: omni.ui.scene-1.11.5] startup
[0.944s] [ext: omni.kit.widget.options_button-1.0.3] startup
[0.944s] [ext: omni.kit.widget.filebrowser-2.12.3] startup
[0.947s] [ext: omni.kit.usd.layers-2.2.11] startup
[0.950s] [ext: omni.kit.window.filepicker-2.13.4] startup
[0.956s] [ext: omni.kit.hotkeys.core-1.3.10] startup
[0.958s] [ext: omni.kit.context_menu-1.8.6] startup
[0.959s] [ext: omni.kit.property.adapter.core-1.0.2] startup
[0.960s] [ext: omni.kit.window.file_exporter-1.0.33] startup
[0.961s] [ext: omni.kit.widget.searchfield-1.1.8] startup
[0.961s] [ext: omni.kit.widget.filter-1.1.4] startup
[0.961s] [ext: omni.kit.widget.graph-2.0.0] startup
[0.964s] [ext: omni.kit.widget.stage-3.1.4] startup
[0.968s] [ext: omni.kit.property.adapter.usd-1.0.2] startup
[0.969s] [ext: omni.kit.property.adapter.fabric-1.0.3] startup
[0.969s] [ext: omni.kit.graph.delegate.default-1.2.3] startup
[0.970s] [ext: omni.kit.window.file_importer-1.1.18] startup
[0.970s] [ext: omni.kit.stage_template.core-1.1.22] startup
[0.970s] [ext: omni.kit.menu.utils-2.0.5] startup
[0.972s] [ext: omni.kit.window.file-2.0.5] startup
[0.974s] [ext: omni.kit.widget.highlight_label-1.0.3] startup
[0.974s] [ext: omni.kit.window.drop_support-1.0.5] startup
[0.974s] [ext: omni.kit.window.content_browser_registry-0.0.6] startup
[0.974s] [ext: omni.kit.window.property-1.12.1] startup
[0.975s] [ext: omni.kit.window.content_browser-3.1.3] startup
[0.981s] [ext: isaacsim.core.version-2.0.6] startup
[0.981s] [ext: omni.kit.property.usd-4.5.12] startup
[0.985s] [ext: omni.kit.graph.editor.core-1.5.3] startup
[0.986s] [ext: omni.kit.material.library-2.0.7] startup
[0.989s] [ext: omni.kit.graph.usd.commands-1.3.1] startup
[0.989s] [ext: omni.kvdb-107.3.26] startup
[0.990s] [ext: omni.usdphysics-107.3.26] startup
[0.991s] [ext: omni.physx.foundation-107.3.26] startup
[0.991s] [ext: omni.localcache-107.3.26] startup
[0.992s] [ext: omni.convexdecomposition-107.3.26] startup
[0.994s] [ext: omni.physics-107.3.26] startup
[0.995s] [ext: omni.physx.cooking-107.3.26] startup
[0.996s] [ext: omni.physics.stageupdate-107.3.26] startup
[0.997s] [ext: omni.physx-107.3.26] startup
[1.002s] [ext: omni.index.libs-380600.8087.0] startup
[1.002s] [ext: omni.physics.physx-107.3.26] startup
2026-08-15T09:51:39Z [997ms] [Warning] [carb] Acquiring non optional plugin interface which is not listed as dependency: [omni::physx::IPhysxBenchmarks v1.0] (plugin: <default plugin>), by client: omni.physics.physx.plugin. Add it to CARB_PLUGIN_IMPL_DEPS() macro of a client.
[1.003s] [ext: omni.index-1.0.1] startup
[1.003s] [ext: omni.volume-0.5.2] startup
[1.005s] [ext: omni.ujitso.client-0.0.0] startup
[1.005s] [ext: omni.hydra.rtx.shadercache.vulkan-1.0.0] startup
[1.005s] [ext: omni.kit.widget.searchable_combobox-1.0.6] startup
[1.006s] [ext: omni.hydra.rtx-1.0.0] startup
2026-08-15T09:51:39Z [1,009ms] [Warning] [omni.log] Source: omni.hydra was already registered.
[1.022s] [ext: omni.kit.widget.settings-1.2.6] startup
[1.023s] [ext: omni.kit.hydra_texture-1.4.6] startup
[1.025s] [ext: omni.graph.tools-1.79.2] startup
[1.036s] [ext: omni.kit.window.preferences-1.8.0] startup
[1.038s] [ext: omni.kit.widget.material_preview-1.0.16] startup
[1.039s] [ext: omni.graph-1.141.2] startup
[1.057s] [ext: omni.kit.window.material_graph-1.9.1] startup
[1.061s] [ext: omni.isaac.dynamic_control-2.0.7] startup
2026-08-15T09:51:39Z [1,058ms] [Warning] [omni.isaac.dynamic_control] omni.isaac.dynamic_control is deprecated as of Isaac Sim 4.5. No action is needed from end-users.
[1.064s] [ext: isaacsim.storage.native-1.5.1] startup
[1.066s] [ext: omni.graph.scriptnode-1.50.0] startup
[1.066s] [ext: omni.hydra.engine.stats-1.0.3] startup
[1.069s] [ext: omni.kit.viewport.legacy_gizmos-1.0.19] startup
[1.070s] [ext: omni.kit.raycast.query-1.1.0] startup
[1.072s] [ext: omni.graph.action_core-1.1.7] startup
[1.075s] [ext: omni.kit.viewport.scene_camera_model-1.0.6] startup
[1.078s] [ext: omni.graph.image.core-0.6.1] startup
[1.078s] [ext: omni.kit.widget.viewport-107.1.3] startup
[1.080s] [ext: omni.kit.viewport.registry-104.0.6] startup
[1.081s] [ext: omni.usd.metrics.assembler-107.3.1] startup
[1.082s] [ext: omni.kit.viewport.window-107.2.0] startup
[1.091s] [ext: omni.kit.viewport.menubar.core-107.2.1] startup
[1.097s] [ext: omni.graph.image.nodes-1.3.1] startup
[1.098s] [ext: omni.usd.metrics.assembler.physics-107.3.26] startup
[1.099s] [ext: omni.warp.core-1.8.2] startup
[1.188s] [ext: omni.kit.viewport.utility-1.1.2] startup
[1.188s] [ext: omni.physics.tensors-107.3.26] startup
[1.191s] [ext: omni.syntheticdata-0.6.13] startup
[1.203s] [ext: isaacsim.test.docstring-1.1.0] startup
[1.207s] [ext: isaacsim.core.utils-3.5.1] startup
[1.209s] [ext: omni.physx.tensors-107.3.26] startup
[1.213s] [ext: omni.graph.nodes-1.170.10] startup
[1.218s] [ext: omni.graph.action_nodes-1.50.4] startup
[1.220s] [ext: omni.kit.primitive.mesh-1.0.17] startup
[1.223s] [ext: isaacsim.core.simulation_manager-1.4.4] startup
[1.876s] [ext: omni.graph.ui_nodes-1.50.5] startup
[1.878s] [ext: omni.graph.action-1.130.0] startup
[1.879s] [ext: omni.kit.stage_templates-2.0.0] startup
[1.881s] [ext: isaacsim.core.prims-0.6.1] startup
[1.895s] [ext: omni.warp-1.8.2] startup
[1.899s] [ext: omni.videoencoding-0.1.2] startup
[1.901s] [ext: isaacsim.core.api-4.8.0] startup
[1.924s] [ext: isaacsim.core.experimental.utils-0.3.0] startup
[1.934s] [ext: omni.replicator.core-1.12.27] startup
2026-08-15T09:51:40Z [1,939ms] [Warning] [pxr.Semantics] pxr.Semantics is deprecated - please use Semantics instead
2026-08-15T09:51:40Z [1,988ms] [Warning] [omni.graph.core.plugin] Found duplicate of category 'Replicator' - was 'Annotators', adding 'Fabric Reader'
2026-08-15T09:51:40Z [1,988ms] [Warning] [omni.graph.core.plugin] Category 'Replicator' not accepted on node type 'omni.replicator.core.FabricReader' in extension 'omni.replicator.core'
2026-08-15T09:51:40Z [1,989ms] [Warning] [omni.replicator.core.scripts.extension] No material configuration file, adding configuration to material settings directly.
[1.996s] [ext: isaacsim.core.experimental.prims-0.8.1] startup
[2.032s] [ext: omni.kit.window.extensions-1.4.27] startup
[2.038s] [ext: isaacsim.core.experimental.objects-0.4.0] startup
[2.043s] [ext: omni.ui_query-1.1.8] startup
[2.045s] [ext: omni.kit.manipulator.viewport-107.0.1] startup
[2.046s] [ext: isaacsim.robot.surface_gripper-3.3.1] startup
[2.049s] [ext: omni.kit.ui_test-1.3.7] startup
[2.052s] [ext: omni.graph.visualization.nodes-2.1.3] startup
[2.234s] [ext: isaacsim.robot_motion.lula-4.0.8] startup
[2.284s] [ext: isaacsim.core.nodes-3.4.3] startup
[2.293s] [ext: isaacsim.gui.components-1.2.1] startup
[2.300s] [ext: isaacsim.robot_motion.motion_generation-8.0.26] startup
[2.311s] [ext: isaacsim.robot.manipulators-3.3.6] startup
[2.318s] [ext: isaacsim.core.experimental.materials-0.4.0] startup
[2.329s] [ext: isaacsim.robot.manipulators.examples-1.1.2] startup
[2.333s] [ext: isaacsim.cortex.framework-1.0.12] startup
[2.335s] [ext: isaacsim.cortex.behaviors-2.0.14] startup
[2.338s] [ext: omni.isaac.cortex.sample_behaviors-2.0.5] startup
2026-08-15T09:51:40Z [2,333ms] [Warning] [omni.isaac.cortex] omni.isaac.cortex has been deprecated in favor of isaacsim.cortex.framework. Please update your code accordingly.
2026-08-15T09:51:40Z [2,333ms] [Warning] [omni.isaac.cortex.sample_behaviors] omni.isaac.cortex.sample_behaviors has been deprecated in favor of isaacsim.cortex.behaviors. Please update your code accordingly.
[2.339s] [ext: omni.kit.widget.zoombar-1.0.6] startup
[2.342s] [ext: isaacsim.gui.content_browser-0.1.11] startup
[2.347s] [ext: omni.kit.browser.core-2.3.13] startup
[2.356s] [ext: omni.kit.widget.stage_icons-1.0.8] startup
[2.357s] [ext: omni.kit.widget.prompt-1.0.7] startup
[2.360s] [ext: omni.kit.usd.collect-2.4.5] startup
[2.364s] [ext: omni.kit.browser.folder.core-1.10.9] startup
[2.369s] [ext: omni.kit.window.stage-2.6.1] startup
[2.374s] [ext: omni.kit.usdz_export-1.0.9] startup
[2.376s] [ext: omni.kit.tool.collect-2.2.18] startup
[2.378s] [ext: omni.kit.menu.stage-1.2.7] startup
[2.380s] [ext: omni.kit.tool.asset_importer-4.3.2] startup
[2.386s] [ext: isaacsim.robot.wheeled_robots-4.0.24] startup
[2.388s] [ext: isaacsim.examples.browser-0.2.1] startup
[2.391s] [ext: isaacsim.asset.importer.urdf-2.4.30] startup
[2.426s] [ext: omni.isaac.wheeled_robots-3.0.7] startup
2026-08-15T09:51:41Z [2,420ms] [Warning] [omni.isaac.wheeled_robots] omni.isaac.wheeled_robots has been deprecated in favor of isaacsim.robot.wheeled_robots. Please update your code accordingly.
2026-08-15T09:51:41Z [2,421ms] [Warning] [omni.isaac.wheeled_robots.controllers] omni.isaac.wheeled_robots has been deprecated in favor of isaacsim.robot.wheeled_robots. Please update your code accordingly.
2026-08-15T09:51:41Z [2,421ms] [Warning] [omni.isaac.wheeled_robots.controllers.ackermann_controller] omni.isaac.wheeled_robots has been deprecated in favor of isaacsim.robot.wheeled_robots. Please update your code accordingly.
2026-08-15T09:51:41Z [2,421ms] [Warning] [omni.isaac.wheeled_robots.controllers.differential_controller] omni.isaac.wheeled_robots has been deprecated in favor of isaacsim.robot.wheeled_robots. Please update your code accordingly.
2026-08-15T09:51:41Z [2,421ms] [Warning] [omni.isaac.wheeled_robots.controllers.holonomic_controller] omni.isaac.wheeled_robots has been deprecated in favor of isaacsim.robot.wheeled_robots. Please update your code accordingly.
2026-08-15T09:51:41Z [2,421ms] [Warning] [omni.isaac.wheeled_robots.controllers.quintic_path_planner] omni.isaac.wheeled_robots has been deprecated in favor of isaacsim.robot.wheeled_robots. Please update your code accordingly.
2026-08-15T09:51:41Z [2,421ms] [Warning] [omni.isaac.wheeled_robots.controllers.stanley_control] omni.isaac.wheeled_robots has been deprecated in favor of isaacsim.robot.wheeled_robots. Please update your code accordingly.
2026-08-15T09:51:41Z [2,422ms] [Warning] [omni.isaac.wheeled_robots.controllers.wheel_base_pose_controller] omni.isaac.wheeled_robots has been deprecated in favor of isaacsim.robot.wheeled_robots. Please update your code accordingly.
2026-08-15T09:51:41Z [2,422ms] [Warning] [omni.isaac.wheeled_robots.impl] omni.isaac.wheeled_robots has been deprecated in favor of isaacsim.robot.wheeled_robots. Please update your code accordingly.
2026-08-15T09:51:41Z [2,422ms] [Warning] [omni.isaac.wheeled_robots.robots] omni.isaac.wheeled_robots has been deprecated in favor of isaacsim.robot.wheeled_robots. Please update your code accordingly.
2026-08-15T09:51:41Z [2,423ms] [Warning] [omni.isaac.wheeled_robots.robots.holonomic_robot_usd_setup] omni.isaac.wheeled_robots has been deprecated in favor of isaacsim.robot.wheeled_robots. Please update your code accordingly.
2026-08-15T09:51:41Z [2,425ms] [Warning] [omni.isaac.wheeled_robots.robots.wheeled_robot] omni.isaac.wheeled_robots has been deprecated in favor of isaacsim.robot.wheeled_robots. Please update your code accordingly.
[2.431s] [ext: isaacsim.simulation_app-2.12.2] startup
[2.432s] [ext: omni.isaac.franka-1.0.7] startup
2026-08-15T09:51:41Z [2,427ms] [Warning] [omni.isaac.franka] omni.isaac.franka has been deprecated in favor of isaacsim.robot.manipulators.examples.franka. Please update your code accordingly.
2026-08-15T09:51:41Z [2,427ms] [Warning] [omni.isaac.franka.franka] omni.isaac.franka has been deprecated in favor of isaacsim.robot.manipulators.examples.franka. Please update your code accordingly.
2026-08-15T09:51:41Z [2,437ms] [Warning] [omni.isaac.franka.kinematics_solver] omni.isaac.franka has been deprecated in favor of isaacsim.robot.manipulators.examples.franka. Please update your code accordingly.
[2.443s] [ext: omni.isaac.kit-2.0.6] startup
2026-08-15T09:51:41Z [2,438ms] [Warning] [omni.isaac.kit] omni.isaac.kit has been deprecated in favor of isaacsim.simulation_app. Please update your code accordingly.
[2.444s] [ext: omni.kit.selection-0.1.6] startup
[2.445s] [ext: omni.isaac.lula-4.0.6] startup
2026-08-15T09:51:41Z [2,439ms] [Warning] [omni.isaac.lula] omni.isaac.lula has been deprecated in favor of isaacsim.robot_motion.lula. Please update your code accordingly.
[2.445s] [ext: isaacsim.robot_motion.lula_test_widget-1.0.12] startup
[2.446s] [ext: isaacsim.asset.browser-1.3.23] startup
[2.480s] [ext: omni.kit.viewport.actions-107.0.2] startup
[2.483s] [ext: isaacsim.gui.menu-2.4.4] startup
[2.486s] [ext: omni.isaac.manipulators-3.0.7] startup
2026-08-15T09:51:41Z [2,481ms] [Warning] [omni.isaac.manipulators] omni.isaac.manipulators has been deprecated in favor of isaacsim.robot.manipulators. Please update your code accordingly.
2026-08-15T09:51:41Z [2,481ms] [Warning] [omni.isaac.manipulators.controllers] omni.isaac.manipulators has been deprecated in favor of isaacsim.robot.manipulators. Please update your code accordingly.
2026-08-15T09:51:41Z [2,481ms] [Warning] [omni.isaac.manipulators.controllers.pick_place_controller] omni.isaac.manipulators has been deprecated in favor of isaacsim.robot.manipulators. Please update your code accordingly.
2026-08-15T09:51:41Z [2,482ms] [Warning] [omni.isaac.manipulators.controllers.stacking_controller] omni.isaac.manipulators has been deprecated in favor of isaacsim.robot.manipulators. Please update your code accordingly.
2026-08-15T09:51:41Z [2,482ms] [Warning] [omni.isaac.manipulators.grippers] omni.isaac.manipulators has been deprecated in favor of isaacsim.robot.manipulators. Please update your code accordingly.
2026-08-15T09:51:41Z [2,483ms] [Warning] [omni.isaac.manipulators.grippers.gripper] omni.isaac.manipulators has been deprecated in favor of isaacsim.robot.manipulators. Please update your code accordingly.
2026-08-15T09:51:41Z [2,483ms] [Warning] [omni.isaac.manipulators.grippers.parallel_gripper] omni.isaac.manipulators has been deprecated in favor of isaacsim.robot.manipulators. Please update your code accordingly.
2026-08-15T09:51:41Z [2,483ms] [Warning] [omni.isaac.manipulators.grippers.surface_gripper] omni.isaac.manipulators has been deprecated in favor of isaacsim.robot.manipulators. Please update your code accordingly.
2026-08-15T09:51:41Z [2,483ms] [Warning] [omni.isaac.manipulators.manipulators] omni.isaac.manipulators has been deprecated in favor of isaacsim.robot.manipulators. Please update your code accordingly.
2026-08-15T09:51:41Z [2,483ms] [Warning] [omni.isaac.manipulators.manipulators.single_manipulator] omni.isaac.manipulators has been deprecated in favor of isaacsim.robot.manipulators. Please update your code accordingly.
[2.489s] [ext: omni.isaac.lula_test_widget-1.0.6] startup
2026-08-15T09:51:41Z [2,484ms] [Warning] [omni.isaac.lula_test_widget] omni.isaac.lula_test_widget has been deprecated in favor of isaacsim.robot_motion.lula_test_widget. Please update your code accordingly.
[2.490s] [ext: omni.isaac.asset_browser-1.0.6] startup
2026-08-15T09:51:41Z [2,485ms] [Warning] [omni.isaac.asset_browser] omni.isaac.asset_browser has been deprecated in favor of isaacsim.asset.browser. Please update your code accordingly.
[2.491s] [ext: omni.kit.viewport.menubar.display-107.0.3] startup
[2.494s] [ext: omni.isaac.menu-1.0.6] startup
2026-08-15T09:51:41Z [2,489ms] [Warning] [omni.isaac.menu] omni.isaac.menu has been deprecated in favor of isaacsim.gui.menu. Please update your code accordingly.
[2.495s] [ext: omni.isaac.motion_generation-8.0.7] startup
2026-08-15T09:51:41Z [2,490ms] [Warning] [omni.isaac.motion_generation] omni.isaac.motion_generation has been deprecated in favor of isaacsim.robot_motion.motion_generation. Please update your code accordingly.
2026-08-15T09:51:41Z [2,490ms] [Warning] [omni.isaac.motion_generation.articulation_kinematics_solver] omni.isaac.motion_generation has been deprecated in favor of isaacsim.robot_motion.motion_generation. Please update your code accordingly.
2026-08-15T09:51:41Z [2,490ms] [Warning] [omni.isaac.motion_generation.articulation_motion_policy] omni.isaac.motion_generation has been deprecated in favor of isaacsim.robot_motion.motion_generation. Please update your code accordingly.
2026-08-15T09:51:41Z [2,491ms] [Warning] [omni.isaac.motion_generation.articulation_trajectory] omni.isaac.motion_generation has been deprecated in favor of isaacsim.robot_motion.motion_generation. Please update your code accordingly.
2026-08-15T09:51:41Z [2,491ms] [Warning] [omni.isaac.motion_generation.kinematics_interface] omni.isaac.motion_generation has been deprecated in favor of isaacsim.robot_motion.motion_generation. Please update your code accordingly.
2026-08-15T09:51:41Z [2,491ms] [Warning] [omni.isaac.motion_generation.lula] omni.isaac.motion_generation has been deprecated in favor of isaacsim.robot_motion.motion_generation. Please update your code accordingly.
2026-08-15T09:51:41Z [2,491ms] [Warning] [omni.isaac.motion_generation.lula.kinematics] omni.isaac.motion_generation has been deprecated in favor of isaacsim.robot_motion.motion_generation. Please update your code accordingly.
2026-08-15T09:51:41Z [2,491ms] [Warning] [omni.isaac.motion_generation.lula.motion_policies] omni.isaac.motion_generation has been deprecated in favor of isaacsim.robot_motion.motion_generation. Please update your code accordingly.
2026-08-15T09:51:41Z [2,491ms] [Warning] [omni.isaac.motion_generation.lula.path_planners] omni.isaac.motion_generation has been deprecated in favor of isaacsim.robot_motion.motion_generation. Please update your code accordingly.
2026-08-15T09:51:41Z [2,491ms] [Warning] [omni.isaac.motion_generation.lula.trajectory_generator] omni.isaac.motion_generation has been deprecated in favor of isaacsim.robot_motion.motion_generation. Please update your code accordingly.
2026-08-15T09:51:41Z [2,491ms] [Warning] [omni.isaac.motion_generation.motion_policy_controller] omni.isaac.motion_generation has been deprecated in favor of isaacsim.robot_motion.motion_generation. Please update your code accordingly.
2026-08-15T09:51:41Z [2,491ms] [Warning] [omni.isaac.motion_generation.motion_policy_interface] omni.isaac.motion_generation has been deprecated in favor of isaacsim.robot_motion.motion_generation. Please update your code accordingly.
2026-08-15T09:51:41Z [2,491ms] [Warning] [omni.isaac.motion_generation.path_planner_visualizer] omni.isaac.motion_generation has been deprecated in favor of isaacsim.robot_motion.motion_generation. Please update your code accordingly.
2026-08-15T09:51:41Z [2,491ms] [Warning] [omni.isaac.motion_generation.path_planning_interface] omni.isaac.motion_generation has been deprecated in favor of isaacsim.robot_motion.motion_generation. Please update your code accordingly.
2026-08-15T09:51:41Z [2,491ms] [Warning] [omni.isaac.motion_generation.trajectory] omni.isaac.motion_generation has been deprecated in favor of isaacsim.robot_motion.motion_generation. Please update your code accordingly.
2026-08-15T09:51:41Z [2,491ms] [Warning] [omni.isaac.motion_generation.world_interface] omni.isaac.motion_generation has been deprecated in favor of isaacsim.robot_motion.motion_generation. Please update your code accordingly.
[2.497s] [ext: omni.isaac.assets_check-0.3.13] startup
2026-08-15T09:51:41Z [2,492ms] [Warning] [omni.isaac.assets_check] omni.isaac.assets_check has been deprecated in favor of isaacsim.asset.browser. Please update your code accordingly.
[2.498s] [ext: isaacsim.gui.sensors.icon-2.0.3] startup
[2.504s] [ext: isaacsim.asset.importer.mjcf-2.5.13] startup
[2.507s] [ext: omni.sensors.nv.common-3.0.0] startup
[2.512s] [ext: isaacsim.sensors.physics-0.4.3] startup
[2.516s] [ext: omni.sensors.net-1.0.0] startup
[2.517s] [ext: omni.isaac.nucleus-1.0.6] startup
2026-08-15T09:51:41Z [2,512ms] [Warning] [omni.isaac.nucleus] omni.isaac.nucleus has been deprecated in favor of isaacsim.storage.native. Please update your code accordingly.
2026-08-15T09:51:41Z [2,512ms] [Warning] [omni.isaac.nucleus.nucleus] omni.isaac.nucleus.nucleus has been deprecated in favor of isaacsim.storage.native. Please update your code accordingly.
[2.518s] [ext: omni.sensors.nv.materials-2.0.0] startup
[2.521s] [ext: isaacsim.robot.policy.examples-4.1.11] startup
[2.525s] [ext: omni.sensors.nv.wpm-3.0.0] startup
[2.526s] [ext: omni.sensors.nv.lidar-3.0.0] startup
[2.529s] [ext: isaacsim.util.debug_draw-3.1.0] startup
[2.531s] [ext: omni.sensors.nv.radar-3.0.0] startup
[2.533s] [ext: omni.sensors.nv.ids-2.0.0] startup
[2.534s] [ext: isaacsim.core.cloner-1.4.10] startup
[2.535s] [ext: isaacsim.sensors.physx-2.3.2] startup
[2.537s] [ext: isaacsim.sensors.rtx-15.8.4] startup
[2.541s] [ext: isaacsim.sensors.camera-1.3.6] startup
[2.547s] [ext: omni.isaac.quadruped-3.0.7] startup
2026-08-15T09:51:41Z [2,542ms] [Warning] [omni.isaac.quadruped] omni.isaac.quadruped has been deprecated in favor of isaacsim.robot.policy.examples. Please update your code accordingly.
[2.548s] [ext: omni.isaac.cloner-1.0.7] startup
2026-08-15T09:51:41Z [2,544ms] [Warning] [omni.isaac.cloner] omni.isaac.cloner has been deprecated in favor of isaacsim.core.cloner. Please update your code accordingly.
[2.550s] [ext: omni.isaac.range_sensor-4.0.6] startup
2026-08-15T09:51:41Z [2,545ms] [Warning] [omni.isaac.range_sensor] omni.isaac.range_sensor has been deprecated in favor of isaacsim.sensors.physx. Please update your code accordingly.
2026-08-15T09:51:41Z [2,545ms] [Warning] [omni.isaac.range_sensor.commands] omni.isaac.range_sensor.commands has been deprecated in favor of isaacsim.sensors.physx.commands. Please update your code accordingly.
[2.552s] [ext: omni.isaac.sensor-13.0.7] startup
2026-08-15T09:51:41Z [2,548ms] [Warning] [omni.isaac.sensor] omni.isaac.sensor has been deprecated in favor of isaacsim.sensors.camera, isaacsim.sensors.physics, isaacsim.sensors.physx, and isaacsim.sensors.rtx. Please update your code accordingly.
2026-08-15T09:51:41Z [2,548ms] [Warning] [omni.isaac.sensor.camera] omni.isaac.sensor.camera has been deprecated in favor of isaacsim.sensors.camera.camera. Please update your code accordingly.
2026-08-15T09:51:41Z [2,548ms] [Warning] [omni.isaac.sensor.camera_view] omni.isaac.sensor.camera_view has been deprecated in favor of isaacsim.sensors.camera.camera_view. Please update your code accordingly.
2026-08-15T09:51:41Z [2,548ms] [Warning] [omni.isaac.sensor.commands] omni.isaac.sensor.commands has been deprecated in favor of isaacsim.sensors.physics.commands, isaacsim.sensors.physx.commands, and isaacsim.sensors.rtx.commands. Please update your code accordingly.
2026-08-15T09:51:41Z [2,548ms] [Warning] [omni.isaac.sensor.contact_sensor] omni.isaac.sensor.contact_sensor has been deprecated in favor of isaacsim.sensors.physics.contact_sensor. Please update your code accordingly.
2026-08-15T09:51:41Z [2,548ms] [Warning] [omni.isaac.sensor.imu_sensor] omni.isaac.sensor.imu_sensor has been deprecated in favor of isaacsim.sensors.physics.imu_sensor. Please update your code accordingly.
2026-08-15T09:51:41Z [2,549ms] [Warning] [omni.isaac.sensor.lidar_rtx] omni.isaac.sensor.lidar_rtx has been deprecated in favor of isaacsim.sensors.rtx.lidar_rtx. Please update your code accordingly.
2026-08-15T09:51:41Z [2,549ms] [Warning] [omni.isaac.sensor.rotating_lidar_physX] omni.isaac.sensor.imu_sensor has been deprecated in favor of isaacsim.sensors.physix.rotating_lidar_physX. Please update your code accordingly.
2026-08-15T09:51:41Z [2,549ms] [Warning] [omni.isaac.sensor.scripts.samples.contact_sensor] omni.isaac.sensor.scripts.samples.contact_sensor has been deprecated in favor of isaacsim.sensors.physics.scripts.samples.contact_sensor. Please update your code accordingly.
2026-08-15T09:51:41Z [2,549ms] [Warning] [omni.isaac.sensor.scripts.samples.imu_sensor] omni.isaac.sensor.scripts.samples.imu_sensor has been deprecated in favor of isaacsim.sensors.physics.scripts.samples.imu_sensor. Please update your code accordingly.
2026-08-15T09:51:41Z [2,549ms] [Warning] [omni.isaac.sensor.scripts.samples.lightbeam_sensor] omni.isaac.sensor.scripts.samples.lightbeam_sensor has been deprecated in favor of isaacsim.sensors.physx.scripts.samples.lightbeam_sensor. Please update your code accordingly.
[2.555s] [ext: omni.kit.menu.create-2.0.1] startup
[2.557s] [ext: omni.kit.widget.toolbar-2.0.1] startup
[2.564s] [ext: omni.kit.manipulator.transform-107.0.0] startup
[2.566s] [ext: omni.isaac.core-4.0.7] startup
2026-08-15T09:51:41Z [2,560ms] [Warning] [omni.isaac.core.physics_context.physics_context] omni.isaac.core.physics_context.physics_context has been deprecated in favor of isaacsim.core.api.physics_context.physics_context. Please update your code accordingly.
2026-08-15T09:51:41Z [2,561ms] [Warning] [omni.isaac.core.simulation_context.simulation_context] omni.isaac.core.simulation_context.simulation_context has been deprecated in favor of isaacsim.core.api.simulation_context.simulation_context. Please update your code accordingly.
2026-08-15T09:51:41Z [2,561ms] [Warning] [omni.isaac.core.world.world] omni.isaac.core.world.world has been deprecated in favor of isaacsim.core.api.world.world. Please update your code accordingly.
2026-08-15T09:51:41Z [2,561ms] [Warning] [omni.isaac.core] omni.isaac.core has been deprecated in favor of isaacsim.core.api. Please update your code accordingly.
[2.567s] [ext: omni.kit.scripting-107.3.2] startup
[2.570s] [ext: omni.kit.manipulator.tool.snap-1.5.13] startup
[2.572s] [ext: omni.kit.manipulator.selector-1.1.3] startup
[2.573s] [ext: isaacsim.app.about-2.0.11] startup
[2.576s] [ext: isaacsim.replicator.behavior-1.1.16] startup
[2.576s] [ext: omni.kit.viewport.manipulator.transform-107.0.4] startup
[2.578s] [ext: omni.isaac.window.about-2.0.7] startup
2026-08-15T09:51:41Z [2,573ms] [Warning] [omni.isaac.window.about] omni.isaac.window.about has been deprecated in favor of isaacsim.app.about. Please update your code accordingly.
2026-08-15T09:51:41Z [2,573ms] [Warning] [omni.isaac.window.about.about] omni.isaac.window.about.about has been deprecated in favor of isaacsim.app.about.about. Please update your code accordingly.
[2.579s] [ext: omni.fabric.commands-1.1.6] startup
[2.580s] [ext: omni.kit.manipulator.prim.core-107.0.8] startup
[2.583s] [ext: omni.kit.property.audio-1.0.16] startup
[2.584s] [ext: omni.kit.property.camera-1.0.10] startup
[2.585s] [ext: omni.kit.property.geometry-2.0.4] startup
[2.587s] [ext: omni.hydra.scene_api-0.1.2] startup
[2.589s] [ext: omni.kit.property.light-1.0.12] startup
[2.595s] [ext: omni.kit.manipulator.prim.fabric-107.0.4] startup
[2.596s] [ext: omni.kit.manipulator.prim.usd-107.0.3] startup
[2.597s] [ext: omni.kit.property.material-1.11.9] startup
[2.600s] [ext: omni.kit.property.render-1.2.1] startup
[2.601s] [ext: omni.kit.property.transform-1.5.13] startup
[2.603s] [ext: isaacsim.gui.property-1.1.3] startup
[2.604s] [ext: omni.kit.manipulator.camera-106.0.4] startup
[2.606s] [ext: omni.kit.manipulator.prim-107.0.0] startup
[2.606s] [ext: omni.isaac.surface_gripper-2.0.6] startup
2026-08-15T09:51:41Z [2,600ms] [Warning] [omni.isaac.surface_gripper] omni.isaac.surface_gripper has been deprecated in favor of isaacsim.robot.surface_gripper. Please update your code accordingly.
[2.606s] [ext: omni.kit.manipulator.selection-106.0.1] startup
[2.608s] [ext: omni.kit.property.bundle-1.4.1] startup
[2.609s] [ext: omni.kit.property.isaac-1.0.6] startup
2026-08-15T09:51:41Z [2,603ms] [Warning] [omni.kit.property.isaac] omni.kit.property.isaac has been deprecated in favor of isaacsim.gui.property. Please update your code accordingly.
2026-08-15T09:51:41Z [2,604ms] [Warning] [omni.kit.property.isaac.widgets] omni.kit.property.isaac.widgets has been deprecated in favor of isaacsim.gui.property.widgets. Please update your code accordingly.
[2.609s] [ext: omni.isaac.universal_robots-1.0.6] startup
2026-08-15T09:51:41Z [2,604ms] [Warning] [omni.isaac.universal_robots] omni.isaac.universal_robots has been deprecated in favor of isaacsim.robot.manipulators.examples.universal_robots. Please update your code accordingly.
2026-08-15T09:51:41Z [2,604ms] [Warning] [omni.isaac.universal_robots.kinematics_solver] omni.isaac.franka has been deprecated in favor of isaacsim.robot.manipulators.examples.universal_robots. Please update your code accordingly.
2026-08-15T09:51:41Z [2,604ms] [Warning] [omni.isaac.universal_robots.ur10] omni.isaac.franka has been deprecated in favor of isaacsim.robot.manipulators.examples.universal_robots. Please update your code accordingly.
[2.610s] [ext: omni.isaac.core_nodes-2.0.6] startup
2026-08-15T09:51:41Z [2,606ms] [Warning] [omni.isaac.core_nodes] omni.isaac.core_nodes has been deprecated in favor of isaacsim.core.nodes. Please update your code accordingly.
[2.612s] [ext: omni.kit.viewport.menubar.camera-107.0.6] startup
[2.616s] [ext: omni.kit.viewport.menubar.lighting-107.3.1] startup
[2.618s] [ext: isaacsim.replicator.writers-1.0.17] startup
[2.625s] [ext: omni.kit.viewport.menubar.render-107.0.10] startup
[2.628s] [ext: omni.kit.viewport.menubar.settings-107.0.3] startup
[2.632s] [ext: omni.kit.window.console-1.1.4] startup
[2.635s] [ext: isaacsim.replicator.domain_randomization-1.0.16] startup
[2.636s] [ext: isaacsim.replicator.examples-1.3.6] startup
[2.637s] [ext: omni.ocio-0.1.1] startup
[2.639s] [ext: omni.rtx.window.settings-0.6.19] startup
[2.644s] [ext: omni.kit.window.status_bar-0.1.9] startup
[2.649s] [ext: omni.kit.window.toolbar-2.0.0] startup
[2.652s] [ext: omni.replicator.isaac-2.0.8] startup
2026-08-15T09:51:41Z [2,646ms] [Warning] [omni.replicator.isaac] omni.replicator.isaac has been deprecated in favor of isaacsim.replicator.domain_randomization, isaacsim.replicator.examples, isaacsim.replicator.writers. Please update your code accordingly.
[2.652s] [ext: omni.replicator.replicator_yaml-2.0.11] startup
[2.661s] [ext: omni.rtx.settings.core-0.6.5] startup
[2.664s] [ext: omni.usd.metrics.assembler.ui-107.3.1] startup
[2.670s] [ext: omni.isaac.utils-2.0.6] startup
[2.670s] [ext: semantics.schema.editor-2.0.2] startup
[2.673s] [ext: omni.kit.ui.actions-1.0.5] startup
[2.674s] [ext: semantics.schema.property-2.0.1] startup
[2.675s] [ext: omni.isaac.version-2.0.7] startup
2026-08-15T09:51:41Z [2,669ms] [Warning] [omni.isaac.version] omni.isaac.version has been deprecated in favor of isaacsim.core.version. Please update your code accordingly.
[2.675s] [ext: omni.isaac.cortex-1.0.5] startup
[2.676s] [ext: omni.anim.curve.core-1.3.1] startup
[2.681s] [ext: isaacsim.core.throttling-2.2.2] startup
[2.682s] [ext: omni.kit.menu.common-2.0.1] startup
[2.683s] [ext: isaacsim.exp.base-5.1.0] startup
[2.684s] [ext: isaacsim.exp.base.python-5.1.0] startup
[2.684s] Simulation App Starting
2026-08-15T09:51:41Z [2,736ms] [Warning] [omni.fabric.plugin] Warning: attribute viewportHandle not found for bucket id 9

[2.762s] app ready
Starting kit application with the following args:  ['/home/sun/miniconda3/envs/isaaclab/lib/python3.11/site-packages/isaacsim/exts/isaacsim.simulation_app/isaacsim/simulation_app/simulation_app.py', '/home/sun/miniconda3/envs/isaaclab/lib/python3.11/site-packages/isaacsim/apps/isaacsim.exp.base.python.kit', '--/app/tokens/exe-path=/home/sun/miniconda3/envs/isaaclab/lib/python3.11/site-packages/isaacsim/kit', '--/persistent/app/viewport/displayOptions=3094', '--/rtx/materialDb/syncLoads=True', '--/rtx/hydra/materialSyncLoads=True', '--/omni.kit.plugin/syncUsdLoads=True', '--/app/renderer/resolution/width=1280', '--/app/renderer/resolution/height=720', '--/app/window/width=1440', '--/app/window/height=900', '--/renderer/multiGpu/enabled=True', '--/app/fastShutdown=True', '--/app/installSignalHandlers=0', '--ext-folder', '/home/sun/miniconda3/envs/isaaclab/lib/python3.11/site-packages/isaacsim/exts', '--ext-folder', '/home/sun/miniconda3/envs/isaaclab/lib/python3.11/site-packages/isaacsim/apps', '--/physics/cudaDevice=0', '--/plugins/carb.tasking.plugin/threadCount=16', '--/plugins/omni.tbb.globalcontrol/maxThreadCount=16', '--portable', '--no-window', '--/app/window/hideUi=1']
Passing the following args to the base kit application:  []
Warp 1.8.2 initialized:
   CUDA Toolkit 12.8, Driver 13.0
   Devices:
     "cpu"      : "x86_64"
     "cuda:0"   : "NVIDIA GeForce RTX 5070 Ti" (15 GiB, sm_120, mempool enabled)
   Kernel cache:
     /home/sun/.cache/warp/1.8.2
Warp DeprecationWarning: The `warp.sim` module is deprecated and will be removed in v1.10. Please transition to using the forthcoming Newton library instead.
[isaacsim.replicator.incident] started
JOINT_QUERY_JSON={"character_public_members": ["get_blend_shape_count", "get_blend_shape_weight", "get_blend_shape_weights", "get_joint_count", "get_joint_local_transforms", "get_joint_transform", "get_variable", "get_world_transform", "is_node_active", "set_variable", "set_world_transform", "update"], "get_joint_local_transforms_doc": "get_joint_local_transforms(*args, **kwargs)\nOverloaded function.\n\n1. get_joint_local_transforms(self: omni.anim.graph.core.bindings._omni_anim_graph_core.Character, arg0: omni.anim.graph.core.bindings._omni_anim_graph_core.vector_float3, arg1: omni.anim.graph.core.bindings._omni_anim_graph_core.vector_float4) -> bool\n\n\n                    Gets the joint transforms in local space.\n                    (Must be called when timeline is playing.)\n\n                    Args:\n\n                    arg0 ([carb::Float3]): The translations.\n                    arg1 ([carb::Float4]): The rotations.\n                \n\n2. get_joint_local_transforms(self: omni.anim.graph.core.bindings._omni_anim_graph_core.Character) -> tuple\n\n\n                    Gets the joint transforms in local space.\n                    Returns an array of translations and an array of rotations.\n                    Note: this function will copy data from SDK to C++ plugin and copy again from C++ plugin to Python.\n                    (Must be called when timeline is playing.)\n                \n", "joint_count": 101, "samples": [{"L_Foot": [[1.0, 0.0, 0.0, 0.0], [0.0, 1.0, 0.0, 0.0], [0.0, 0.0, 1.0, 0.0], [0.0, 0.0, 0.0, 1.0]], "Pelvis": [[1.0, 0.0, 0.0, 0.0], [0.0, 1.0, 0.0, 0.0], [0.0, 0.0, 1.0, 0.0], [0.0, 0.0, 0.0, 1.0]], "direct_first_three_rotations": [[0.0, 0.0, 0.0, 1.000024437904358], [0.738446056842804, 0.0032889368012547493, -0.0035940625239163637, 0.6742948889732361], [0.1470600813627243, -6.724148988723755e-06, -4.815845750272274e-05, 0.989127516746521]], "direct_first_three_translations": [[0.0, 0.0, 0.0], [-4.401560279448935e-12, -0.013540173880755901, 0.9257829785346985], [-0.0, 0.0, 0.0]], "direct_rotation_shape": [101, 4], "direct_translation_shape": [101, 3], "frame": 0, "full_pelvis": [[1.0, 0.0, 0.0, 0.0], [0.0, 1.0, 0.0, 0.0], [0.0, 0.0, 1.0, 0.0], [0.0, 0.0, 0.0, 1.0]]}, {"L_Foot": [[1.0, 0.0, 0.0, 0.0], [0.0, 1.0, 0.0, 0.0], [0.0, 0.0, 1.0, 0.0], [0.0, 0.0, 0.0, 1.0]], "Pelvis": [[1.0, 0.0, 0.0, 0.0], [0.0, 1.0, 0.0, 0.0], [0.0, 0.0, 1.0, 0.0], [0.0, 0.0, 0.0, 1.0]], "direct_first_three_rotations": [[0.0, 0.0, 0.0, 1.0], [0.8040149807929993, 0.008481861092150211, -0.012479012832045555, 0.5944175720214844], [0.14706194400787354, 4.677101969718933e-06, -5.510495975613594e-05, 0.9891272783279419]], "direct_first_three_translations": [[0.0, 0.0, 0.0], [9.481021870372253e-12, -0.012898368760943413, 0.8819005489349365], [-0.0, 0.0, 0.0]], "direct_rotation_shape": [101, 4], "direct_translation_shape": [101, 3], "frame": 30, "full_pelvis": [[1.0, 0.0, 0.0, 0.0], [0.0, 1.0, 0.0, 0.0], [0.0, 0.0, 1.0, 0.0], [0.0, 0.0, 0.0, 1.0]]}, {"L_Foot": [[1.0, 0.0, 0.0, 0.0], [0.0, 1.0, 0.0, 0.0], [0.0, 0.0, 1.0, 0.0], [0.0, 0.0, 0.0, 1.0]], "Pelvis": [[1.0, 0.0, 0.0, 0.0], [0.0, 1.0, 0.0, 0.0], [0.0, 0.0, 1.0, 0.0], [0.0, 0.0, 0.0, 1.0]], "direct_first_three_rotations": [[0.0, 0.0, 0.0, 1.0], [0.7600284814834595, 0.005075719673186541, -0.005951381288468838, 0.6498427391052246], [0.14706191420555115, 5.068257451057434e-06, -5.491124466061592e-05, 0.9891273975372314]], "direct_first_three_translations": [[0.0, 0.0, 0.0], [3.273095119590841e-12, -0.01325039379298687, 0.9059695601463318], [-0.0, 0.0, 0.0]], "direct_rotation_shape": [101, 4], "direct_translation_shape": [101, 3], "frame": 60, "full_pelvis": [[1.0, 0.0, 0.0, 0.0], [0.0, 1.0, 0.0, 0.0], [0.0, 0.0, 1.0, 0.0], [0.0, 0.0, 0.0, 1.0]]}, {"L_Foot": [[1.0, 0.0, 0.0, 0.0], [0.0, 1.0, 0.0, 0.0], [0.0, 0.0, 1.0, 0.0], [0.0, 0.0, 0.0, 1.0]], "Pelvis": [[1.0, 0.0, 0.0, 0.0], [0.0, 1.0, 0.0, 0.0], [0.0, 0.0, 1.0, 0.0], [0.0, 0.0, 0.0, 1.0]], "direct_first_three_rotations": [[0.0, 0.0, 0.0, 1.0], [0.7512025237083435, -0.0047763315960764885, 0.005571785848587751, 0.6600309610366821], [0.14706213772296906, 5.1800161600112915e-06, -5.4650940001010895e-05, 0.9891272187232971]], "direct_first_three_translations": [[0.0, 0.0, 0.0], [-1.0390739484111844e-11, -0.01343055535107851, 0.9182877540588379], [0.0, 0.0, -0.0]], "direct_rotation_shape": [101, 4], "direct_translation_shape": [101, 3], "frame": 89, "full_pelvis": [[1.0, 0.0, 0.0, 0.0], [0.0, 1.0, 0.0, 0.0], [0.0, 0.0, 1.0, 0.0], [0.0, 0.0, 0.0, 1.0]]}], "skel_root": "/World/Characters/Character/male_adult_police_04/ManRoot/male_adult_police_04", "skel_root_animation_graph_targets": ["/World/Characters/Biped_Setup/CharacterAnimation/AnimationGraph"], "skel_root_applied_schemas": ["AnimationGraphAPI"], "skeleton": "/World/Characters/Character/male_adult_police_04/ManRoot/male_adult_police_04/male_adult_police_04/male_adult_police_04"}
[4.239s] Simulation App Startup Complete
[4.245s] [ext: omni.anim.behavior.schema-107.3.0] startup
[4.250s] [ext: omni.anim.asset-107.3.0] startup
[4.251s] [ext: omni.debugdraw-0.1.4] startup
[4.254s] [ext: omni.anim.retarget.core-107.3.3] startup
[4.257s] [ext: omni.anim.graph.core-107.3.4] startup
2026-08-15T09:51:42Z [4,258ms] [Warning] [omni.graph.core._impl._registration.register_python_ogn] Python import process in omni.anim.graph.core failed - 'NoneType' object is not subscriptable. Aborting Python node registration
[4.264s] [ext: omni.kit.quicklayout-1.0.8] startup
[4.283s] [ext: omni.anim.navigation.core-107.3.8] startup
[4.287s] [ext: omni.metropolis.utils-0.1.20] startup
[4.309s] [ext: omni.anim.people-0.7.9] startup
[4.317s] [ext: omni.services.pip_archive-0.16.0] startup
[4.340s] [ext: omni.kit.mesh.raycast-107.0.1] startup
[4.342s] [ext: isaacsim.anim.robot-0.0.15] startup
[4.350s] [ext: omni.flowusd-107.1.8] startup
2026-08-15T09:51:43Z [4,346ms] [Warning] [omni.stageupdate.plugin] Deprecated: direct use of IStageUpdate callbacks is deprecated. Use IStageUpdate::getStageUpdate instead.
[4.354s] [ext: isaacsim.replicator.incident-0.1.28] startup
[4.398s] [ext: isaacsim.replicator.agent.core-0.7.28] startup
2026-08-15T09:51:43Z [4,488ms] [Warning] [omni.anim.graph.core.plugin] CharacterManager::Shutdown() called without a prior successful call to CharacterManager::Initialize().
2026-08-15T09:51:45Z [6,971ms] [Warning] [omni.fabric.plugin] Warning: attribute evaluatedTranslations not found for bucket id 11

2026-08-15T09:51:46Z [7,527ms] [Warning] [omni.fabric.plugin] Warning: attribute animationGraph not found for path /World/Characters/Character/male_adult_police_04/ManRoot/male_adult_police_04

2026-08-15T09:51:46Z [8,035ms] [Warning] [carb] Client gpu.foundation.plugin has acquired [gpu::unstable::IMemoryBudgetManagerFactory v0.1] 100 times. Consider accessing this interface with carb::getCachedInterface() (Performance warning)
2026-08-15T09:51:46Z [8,109ms] [Warning] [omni.usd] Unexpected reference count of 2 for UsdStage 'anon:0x598fe84f5340:World1.usd' while being closed in UsdContext (this may indicate it is still resident in memory).
[8.154s] Simulation App Shutting Down
