[Info] [carb] Logging to file: /home/sun/miniconda3/envs/isaaclab/lib/python3.11/site-packages/isaacsim/kit/logs/Kit/Isaac-Sim Python/5.1/kit_20260815_051429.log
[0.042s] [ext: omni.kit.async_engine-0.0.3] startup
[0.083s] [ext: omni.metrics.core-0.0.3] startup
[0.083s] [ext: omni.client.lib-1.1.0] startup
[0.090s] [ext: omni.blobkey-1.1.2] startup
[0.090s] [ext: omni.stats-1.0.1] startup
[0.091s] [ext: omni.datastore-0.0.0] startup
[0.093s] [ext: omni.client-1.3.0] startup
[0.095s] [ext: omni.ujitso.default-1.0.0] startup
[0.096s] [ext: omni.hsscclient-1.1.2] startup
[0.113s] [ext: omni.gpu_foundation.shadercache.vulkan-1.0.0] startup
[0.113s] [ext: omni.assets.plugins-0.0.0] startup
[0.114s] [ext: omni.gpu_foundation-0.0.0] startup
[0.118s] [ext: carb.windowing.plugins-1.0.0] startup
2026-08-15T09:14:29Z [90ms] [Warning] [carb.windowing-glfw.plugin] GLFW initialization failed.
2026-08-15T09:14:29Z [90ms] [Warning] [carb] Failed to startup plugin carb.windowing-glfw.plugin (interfaces: [carb::windowing::IGLContext v1.0],[carb::windowing::IWindowing v1.5]) (impl: carb.windowing-glfw.plugin)
[0.118s] [ext: omni.kit.renderer.init-0.0.0] startup
2026-08-15T09:14:29Z [96ms] [Warning] [omni.platforminfo.plugin] failed to open the default display.  Can't verify X Server version.
2026-08-15T09:14:30Z [310ms] [Warning] [gpu.foundation.plugin] Skipping unsupported non-NVIDIA GPU: AMD Ryzen 7 9700X 8-Core Processor (RADV RAPHAEL_MENDOCINO)
2026-08-15T09:14:30Z [310ms] [Warning] [gpu.foundation.plugin] Skipping unsupported non-NVIDIA GPU: AMD Ryzen 7 9700X 8-Core Processor (RADV RAPHAEL_MENDOCINO)

|---------------------------------------------------------------------------------------------|
| Driver Version: 580.126.09    | Graphics API: Vulkan
|=============================================================================================|
| GPU | Name                             | Active | LDA | GPU Memory | Vendor-ID | LUID       |
|     |                                  |        |     |            | Device-ID | UUID       |
|     |                                  |        |     |            | Bus-ID    |            |
|---------------------------------------------------------------------------------------------|
| 0   | NVIDIA GeForce RTX 5070 Ti       | Yes: 0 |     | 16303   MB | 10de      | 0          |
|     |                                  |        |     |            | 2c05      | 9a0eb7bb.. |
|     |                                  |        |     |            | 1         |            |
|---------------------------------------------------------------------------------------------|
| 1   | AMD Ryzen 7 9700X 8-Core Proce.. |        |     | 10720   MB | 1002      | 0          |
|     |                                  |        |     |            | 13c0      | 00000000.. |
|     |                                  |        |     |            | 11        |            |
|=============================================================================================|
| OS: 24.04.3 LTS (Noble Numbat) ubuntu, Version: 24.04.3, Kernel: 6.17.0-22-generic
| Processor: AMD Ryzen 7 9700X 8-Core Processor
| Cores: 8 | Logical Cores: 16
|---------------------------------------------------------------------------------------------|
| Total Memory (MB): 31137 | Free Memory: 27848
| Total Page/Swap (MB): 69497 | Free Page/Swap: 69497
|---------------------------------------------------------------------------------------------|
2026-08-15T09:14:30Z [510ms] [Warning] [gpu.foundation.plugin] IOMMU is enabled.
2026-08-15T09:14:30Z [510ms] [Warning] [gpu.foundation.plugin] Detected IOMMU is enabled. Running CUDA peer-to-peer bandwidth and latency validation.
Unidirectional P2P=Enabled Bandwidth (P2P Writes) Matrix (GB/s)
   D\D     0 
     0 762.20 
P2P=Enabled Latency (P2P Writes) Matrix (us)
   GPU     0 
     0   2.07 

   CPU     0 
     0   1.67 
[0.612s] [ext: omni.materialx.libs-1.0.7] startup
[0.617s] [ext: omni.kit.telemetry-0.5.2] startup
[0.629s] [ext: omni.usd.config-1.0.6] startup
[0.631s] [ext: omni.gpucompute.plugins-0.0.0] startup
[0.631s] [ext: omni.usd.libs-1.0.1] startup
[0.675s] [ext: omni.kit.loop-isaac-1.3.7] startup
[0.676s] [ext: omni.kit.test-2.0.1] startup
[0.700s] [ext: omni.mdl-56.0.3] startup
[0.741s] [ext: omni.iray.libs-0.0.0] startup
[0.744s] [ext: omni.mdl.neuraylib-0.2.12] startup
[0.745s] [ext: omni.kit.usd.mdl-1.1.5] startup
[0.801s] [ext: omni.kit.pipapi-0.0.0] startup
[0.802s] [ext: omni.appwindow-1.1.10] startup
2026-08-15T09:14:30Z [775ms] [Warning] [carb.windowing-glfw.plugin] GLFW initialization failed.
2026-08-15T09:14:30Z [775ms] [Warning] [carb] Failed to startup plugin carb.windowing-glfw.plugin (interfaces: [carb::windowing::IGLContext v1.0],[carb::windowing::IWindowing v1.5]) (impl: carb.windowing-glfw.plugin)
[0.803s] [ext: omni.kit.renderer.core-1.1.0] startup
2026-08-15T09:14:30Z [785ms] [Warning] [carb.windowing-glfw.plugin] GLFW initialization failed.
2026-08-15T09:14:30Z [785ms] [Warning] [carb] Failed to startup plugin carb.windowing-glfw.plugin (interfaces: [carb::windowing::IGLContext v1.0],[carb::windowing::IWindowing v1.5]) (impl: carb.windowing-glfw.plugin)
2026-08-15T09:14:30Z [788ms] [Warning] [carb.windowing-glfw.plugin] GLFW initialization failed.
2026-08-15T09:14:30Z [788ms] [Warning] [carb] Failed to startup plugin carb.windowing-glfw.plugin (interfaces: [carb::windowing::IGLContext v1.0],[carb::windowing::IWindowing v1.5]) (impl: carb.windowing-glfw.plugin)
[0.817s] [ext: omni.kit.renderer.capture-0.0.0] startup
[0.818s] [ext: omni.kit.renderer.imgui-2.0.5] startup
2026-08-15T09:14:30Z [792ms] [Warning] [carb.windowing-glfw.plugin] GLFW initialization failed.
2026-08-15T09:14:30Z [792ms] [Warning] [carb] Failed to startup plugin carb.windowing-glfw.plugin (interfaces: [carb::windowing::IGLContext v1.0],[carb::windowing::IWindowing v1.5]) (impl: carb.windowing-glfw.plugin)
2026-08-15T09:14:30Z [792ms] [Warning] [carb.windowing-glfw.plugin] GLFW initialization failed.
2026-08-15T09:14:30Z [792ms] [Warning] [carb] Failed to startup plugin carb.windowing-glfw.plugin (interfaces: [carb::windowing::IGLContext v1.0],[carb::windowing::IWindowing v1.5]) (impl: carb.windowing-glfw.plugin)
2026-08-15T09:14:30Z [793ms] [Warning] [carb.windowing-glfw.plugin] GLFW initialization failed.
2026-08-15T09:14:30Z [793ms] [Warning] [carb] Failed to startup plugin carb.windowing-glfw.plugin (interfaces: [carb::windowing::IGLContext v1.0],[carb::windowing::IWindowing v1.5]) (impl: carb.windowing-glfw.plugin)
[0.848s] [ext: omni.ui-2.27.1] startup
[0.853s] [ext: omni.kit.mainwindow-1.0.3] startup
[0.854s] [ext: carb.audio-0.1.0] startup
[0.856s] [ext: omni.uiaudio-1.0.0] startup
[0.856s] [ext: omni.kit.uiapp-0.0.0] startup
[0.856s] [ext: omni.usd.schema.metrics.assembler-107.3.1] startup
[0.857s] [ext: omni.usd.schema.physx-107.3.26] startup
[0.873s] [ext: omni.usd.schema.geospatial-0.0.0] startup
[0.874s] [ext: omni.usd.schema.audio-0.0.0] startup
[0.876s] [ext: omni.usd.schema.anim-0.0.0] startup
[0.885s] [ext: omni.usd.schema.flow-107.1.1] startup
[0.885s] [ext: omni.usd_resolver-1.0.0] startup
[0.887s] [ext: omni.usd.core-1.5.3] startup
[0.888s] [ext: omni.usd.schema.omni_sensors-0.0.0] startup
[0.896s] [ext: omni.usd.schema.semantics-0.0.0] startup
[0.897s] [ext: omni.usd.schema.omniscripting-1.0.0] startup
[0.899s] [ext: omni.usd.schema.omni_lens_distortion-0.0.0] startup
[0.899s] [ext: omni.usd.schema.omnigraph-1.0.0] startup
[0.901s] [ext: omni.kit.window.popup_dialog-2.0.24] startup
[0.903s] [ext: omni.graph.exec-0.9.6] startup
[0.903s] [ext: omni.kit.widget.nucleus_connector-2.0.1] startup
[0.904s] [ext: omni.kit.usd_undo-0.1.8] startup
[0.905s] [ext: omni.kit.exec.core-0.13.4] startup
[0.905s] [ext: omni.kit.actions.core-1.0.0] startup
[0.906s] [ext: omni.resourcemonitor-107.0.1] startup
[0.907s] [ext: omni.activity.core-1.0.3] startup
[0.908s] [ext: omni.timeline-1.0.14] startup
[0.909s] [ext: omni.kit.commands-1.4.10] startup
[0.910s] [ext: usdrt.scenegraph-7.6.1] startup
[0.928s] [ext: omni.kit.audiodeviceenum-1.0.2] startup
[0.929s] [ext: omni.hydra.usdrt_delegate-7.5.1] startup
[0.932s] [ext: omni.hydra.scene_delegate-0.3.4] startup
[0.934s] [ext: omni.usd-1.13.10] startup
[0.945s] [ext: omni.inspect-1.0.2] startup
[0.946s] [ext: omni.kit.notification_manager-1.0.10] startup
[0.947s] [ext: omni.graph.core-2.184.5] startup
[0.948s] [ext: isaacsim.core.deprecation_manager-0.2.7] startup
[0.948s] [ext: omni.anim.graph.schema-107.3.3] startup
[0.951s] [ext: omni.usd.schema.isaac-3.0.5] startup
[0.951s] [ext: omni.anim.navigation.schema-107.3.3] startup
[0.953s] [ext: omni.kit.asset_converter-5.0.17] startup
[0.959s] [ext: isaacsim.robot.schema-3.6.0] startup
[0.962s] [ext: omni.usd.schema.render_settings.rtx-0.0.0] startup
[0.963s] [ext: omni.kit.menu.core-1.1.2] startup
[0.963s] [ext: omni.kit.widget.path_field-2.0.11] startup
[0.963s] [ext: omni.kit.widget.context_menu-1.2.5] startup
[0.964s] [ext: omni.kit.widget.browser_bar-2.0.10] startup
[0.964s] [ext: omni.kit.clipboard-1.0.5] startup
[0.965s] [ext: omni.kit.numpy.common-0.1.3] startup
[0.965s] [ext: omni.kit.widget.options_menu-1.1.6] startup
[0.967s] [ext: omni.kit.helper.file_utils-0.1.9] startup
[0.967s] [ext: omni.ui.scene-1.11.5] startup
[0.970s] [ext: omni.kit.widget.options_button-1.0.3] startup
[0.970s] [ext: omni.kit.widget.filebrowser-2.12.3] startup
[0.972s] [ext: omni.kit.usd.layers-2.2.11] startup
[0.975s] [ext: omni.kit.window.filepicker-2.13.4] startup
[0.981s] [ext: omni.kit.hotkeys.core-1.3.10] startup
[0.983s] [ext: omni.kit.context_menu-1.8.6] startup
[0.984s] [ext: omni.kit.property.adapter.core-1.0.2] startup
[0.985s] [ext: omni.kit.window.file_exporter-1.0.33] startup
[0.986s] [ext: omni.kit.widget.searchfield-1.1.8] startup
[0.986s] [ext: omni.kit.widget.filter-1.1.4] startup
[0.986s] [ext: omni.kit.widget.graph-2.0.0] startup
[0.989s] [ext: omni.kit.widget.stage-3.1.4] startup
[0.993s] [ext: omni.kit.property.adapter.usd-1.0.2] startup
[0.994s] [ext: omni.kit.property.adapter.fabric-1.0.3] startup
[0.994s] [ext: omni.kit.graph.delegate.default-1.2.3] startup
[0.994s] [ext: omni.kit.window.file_importer-1.1.18] startup
[0.995s] [ext: omni.kit.stage_template.core-1.1.22] startup
[0.995s] [ext: omni.kit.menu.utils-2.0.5] startup
[0.997s] [ext: omni.kit.window.file-2.0.5] startup
[0.998s] [ext: omni.kit.widget.highlight_label-1.0.3] startup
[0.998s] [ext: omni.kit.window.drop_support-1.0.5] startup
[0.999s] [ext: omni.kit.window.content_browser_registry-0.0.6] startup
[0.999s] [ext: omni.kit.window.property-1.12.1] startup
[1.000s] [ext: omni.kit.window.content_browser-3.1.3] startup
[1.005s] [ext: isaacsim.core.version-2.0.6] startup
[1.005s] [ext: omni.kit.property.usd-4.5.12] startup
[1.010s] [ext: omni.kit.graph.editor.core-1.5.3] startup
[1.011s] [ext: omni.kit.material.library-2.0.7] startup
[1.013s] [ext: omni.kit.graph.usd.commands-1.3.1] startup
[1.013s] [ext: omni.kvdb-107.3.26] startup
[1.014s] [ext: omni.usdphysics-107.3.26] startup
[1.015s] [ext: omni.physx.foundation-107.3.26] startup
[1.016s] [ext: omni.localcache-107.3.26] startup
[1.016s] [ext: omni.convexdecomposition-107.3.26] startup
[1.018s] [ext: omni.physics-107.3.26] startup
[1.019s] [ext: omni.physx.cooking-107.3.26] startup
[1.020s] [ext: omni.physics.stageupdate-107.3.26] startup
[1.021s] [ext: omni.physx-107.3.26] startup
[1.026s] [ext: omni.index.libs-380600.8087.0] startup
[1.026s] [ext: omni.physics.physx-107.3.26] startup
2026-08-15T09:14:30Z [999ms] [Warning] [carb] Acquiring non optional plugin interface which is not listed as dependency: [omni::physx::IPhysxBenchmarks v1.0] (plugin: <default plugin>), by client: omni.physics.physx.plugin. Add it to CARB_PLUGIN_IMPL_DEPS() macro of a client.
[1.027s] [ext: omni.index-1.0.1] startup
[1.027s] [ext: omni.volume-0.5.2] startup
[1.028s] [ext: omni.ujitso.client-0.0.0] startup
[1.029s] [ext: omni.hydra.rtx.shadercache.vulkan-1.0.0] startup
[1.029s] [ext: omni.kit.widget.searchable_combobox-1.0.6] startup
[1.029s] [ext: omni.hydra.rtx-1.0.0] startup
2026-08-15T09:14:30Z [1,011ms] [Warning] [omni.log] Source: omni.hydra was already registered.
[1.045s] [ext: omni.kit.widget.settings-1.2.6] startup
[1.046s] [ext: omni.kit.hydra_texture-1.4.6] startup
[1.048s] [ext: omni.graph.tools-1.79.2] startup
[1.058s] [ext: omni.kit.window.preferences-1.8.0] startup
[1.061s] [ext: omni.kit.widget.material_preview-1.0.16] startup
[1.061s] [ext: omni.graph-1.141.2] startup
[1.080s] [ext: omni.kit.window.material_graph-1.9.1] startup
[1.084s] [ext: omni.isaac.dynamic_control-2.0.7] startup
2026-08-15T09:14:30Z [1,059ms] [Warning] [omni.isaac.dynamic_control] omni.isaac.dynamic_control is deprecated as of Isaac Sim 4.5. No action is needed from end-users.
[1.087s] [ext: isaacsim.storage.native-1.5.1] startup
[1.088s] [ext: omni.graph.scriptnode-1.50.0] startup
[1.089s] [ext: omni.hydra.engine.stats-1.0.3] startup
[1.091s] [ext: omni.kit.viewport.legacy_gizmos-1.0.19] startup
[1.092s] [ext: omni.kit.raycast.query-1.1.0] startup
[1.095s] [ext: omni.graph.action_core-1.1.7] startup
[1.097s] [ext: omni.kit.viewport.scene_camera_model-1.0.6] startup
[1.099s] [ext: omni.graph.image.core-0.6.1] startup
[1.099s] [ext: omni.kit.widget.viewport-107.1.3] startup
[1.102s] [ext: omni.kit.viewport.registry-104.0.6] startup
[1.103s] [ext: omni.usd.metrics.assembler-107.3.1] startup
[1.105s] [ext: omni.kit.viewport.window-107.2.0] startup
[1.114s] [ext: omni.kit.viewport.menubar.core-107.2.1] startup
[1.120s] [ext: omni.graph.image.nodes-1.3.1] startup
[1.120s] [ext: omni.usd.metrics.assembler.physics-107.3.26] startup
[1.121s] [ext: omni.warp.core-1.8.2] startup
[1.210s] [ext: omni.kit.viewport.utility-1.1.2] startup
[1.211s] [ext: omni.physics.tensors-107.3.26] startup
[1.214s] [ext: omni.syntheticdata-0.6.13] startup
[1.226s] [ext: isaacsim.test.docstring-1.1.0] startup
[1.230s] [ext: isaacsim.core.utils-3.5.1] startup
[1.232s] [ext: omni.physx.tensors-107.3.26] startup
[1.235s] [ext: omni.graph.nodes-1.170.10] startup
[1.241s] [ext: omni.graph.action_nodes-1.50.4] startup
[1.242s] [ext: omni.kit.primitive.mesh-1.0.17] startup
[1.246s] [ext: isaacsim.core.simulation_manager-1.4.4] startup
[1.900s] [ext: omni.graph.ui_nodes-1.50.5] startup
[1.903s] [ext: omni.graph.action-1.130.0] startup
[1.904s] [ext: omni.kit.stage_templates-2.0.0] startup
[1.907s] [ext: isaacsim.core.prims-0.6.1] startup
[1.920s] [ext: omni.warp-1.8.2] startup
[1.923s] [ext: omni.videoencoding-0.1.2] startup
[1.926s] [ext: isaacsim.core.api-4.8.0] startup
[1.948s] [ext: isaacsim.core.experimental.utils-0.3.0] startup
[1.960s] [ext: omni.replicator.core-1.12.27] startup
2026-08-15T09:14:31Z [1,942ms] [Warning] [pxr.Semantics] pxr.Semantics is deprecated - please use Semantics instead
2026-08-15T09:14:31Z [1,991ms] [Warning] [omni.graph.core.plugin] Found duplicate of category 'Replicator' - was 'Annotators', adding 'Fabric Reader'
2026-08-15T09:14:31Z [1,991ms] [Warning] [omni.graph.core.plugin] Category 'Replicator' not accepted on node type 'omni.replicator.core.FabricReader' in extension 'omni.replicator.core'
2026-08-15T09:14:31Z [1,991ms] [Warning] [omni.replicator.core.scripts.extension] No material configuration file, adding configuration to material settings directly.
[2.021s] [ext: isaacsim.core.experimental.prims-0.8.1] startup
[2.042s] [ext: omni.kit.window.extensions-1.4.27] startup
[2.048s] [ext: isaacsim.core.experimental.objects-0.4.0] startup
[2.055s] [ext: omni.ui_query-1.1.8] startup
[2.057s] [ext: omni.kit.manipulator.viewport-107.0.1] startup
[2.078s] [ext: isaacsim.robot.surface_gripper-3.3.1] startup
[2.085s] [ext: omni.kit.ui_test-1.3.7] startup
[2.131s] [ext: omni.graph.visualization.nodes-2.1.3] startup
[2.293s] [ext: isaacsim.robot_motion.lula-4.0.8] startup
[2.298s] [ext: isaacsim.core.nodes-3.4.3] startup
[2.305s] [ext: isaacsim.gui.components-1.2.1] startup
[2.313s] [ext: isaacsim.robot_motion.motion_generation-8.0.26] startup
[2.331s] [ext: isaacsim.robot.manipulators-3.3.6] startup
[2.336s] [ext: isaacsim.core.experimental.materials-0.4.0] startup
[2.344s] [ext: isaacsim.robot.manipulators.examples-1.1.2] startup
[2.347s] [ext: isaacsim.cortex.framework-1.0.12] startup
[2.348s] [ext: isaacsim.cortex.behaviors-2.0.14] startup
[2.352s] [ext: omni.isaac.cortex.sample_behaviors-2.0.5] startup
2026-08-15T09:14:32Z [2,325ms] [Warning] [omni.isaac.cortex] omni.isaac.cortex has been deprecated in favor of isaacsim.cortex.framework. Please update your code accordingly.
2026-08-15T09:14:32Z [2,326ms] [Warning] [omni.isaac.cortex.sample_behaviors] omni.isaac.cortex.sample_behaviors has been deprecated in favor of isaacsim.cortex.behaviors. Please update your code accordingly.
[2.354s] [ext: omni.kit.widget.zoombar-1.0.6] startup
[2.356s] [ext: isaacsim.gui.content_browser-0.1.11] startup
[2.359s] [ext: omni.kit.browser.core-2.3.13] startup
[2.365s] [ext: omni.kit.widget.stage_icons-1.0.8] startup
[2.366s] [ext: omni.kit.widget.prompt-1.0.7] startup
[2.367s] [ext: omni.kit.usd.collect-2.4.5] startup
[2.369s] [ext: omni.kit.browser.folder.core-1.10.9] startup
[2.379s] [ext: omni.kit.window.stage-2.6.1] startup
[2.385s] [ext: omni.kit.usdz_export-1.0.9] startup
[2.387s] [ext: omni.kit.tool.collect-2.2.18] startup
[2.388s] [ext: omni.kit.menu.stage-1.2.7] startup
[2.390s] [ext: omni.kit.tool.asset_importer-4.3.2] startup
[2.396s] [ext: isaacsim.robot.wheeled_robots-4.0.24] startup
[2.399s] [ext: isaacsim.examples.browser-0.2.1] startup
[2.402s] [ext: isaacsim.asset.importer.urdf-2.4.30] startup
[2.436s] [ext: omni.isaac.wheeled_robots-3.0.7] startup
2026-08-15T09:14:32Z [2,409ms] [Warning] [omni.isaac.wheeled_robots] omni.isaac.wheeled_robots has been deprecated in favor of isaacsim.robot.wheeled_robots. Please update your code accordingly.
2026-08-15T09:14:32Z [2,410ms] [Warning] [omni.isaac.wheeled_robots.controllers] omni.isaac.wheeled_robots has been deprecated in favor of isaacsim.robot.wheeled_robots. Please update your code accordingly.
2026-08-15T09:14:32Z [2,410ms] [Warning] [omni.isaac.wheeled_robots.controllers.ackermann_controller] omni.isaac.wheeled_robots has been deprecated in favor of isaacsim.robot.wheeled_robots. Please update your code accordingly.
2026-08-15T09:14:32Z [2,410ms] [Warning] [omni.isaac.wheeled_robots.controllers.differential_controller] omni.isaac.wheeled_robots has been deprecated in favor of isaacsim.robot.wheeled_robots. Please update your code accordingly.
2026-08-15T09:14:32Z [2,410ms] [Warning] [omni.isaac.wheeled_robots.controllers.holonomic_controller] omni.isaac.wheeled_robots has been deprecated in favor of isaacsim.robot.wheeled_robots. Please update your code accordingly.
2026-08-15T09:14:32Z [2,410ms] [Warning] [omni.isaac.wheeled_robots.controllers.quintic_path_planner] omni.isaac.wheeled_robots has been deprecated in favor of isaacsim.robot.wheeled_robots. Please update your code accordingly.
2026-08-15T09:14:32Z [2,410ms] [Warning] [omni.isaac.wheeled_robots.controllers.stanley_control] omni.isaac.wheeled_robots has been deprecated in favor of isaacsim.robot.wheeled_robots. Please update your code accordingly.
2026-08-15T09:14:32Z [2,411ms] [Warning] [omni.isaac.wheeled_robots.controllers.wheel_base_pose_controller] omni.isaac.wheeled_robots has been deprecated in favor of isaacsim.robot.wheeled_robots. Please update your code accordingly.
2026-08-15T09:14:32Z [2,413ms] [Warning] [omni.isaac.wheeled_robots.impl] omni.isaac.wheeled_robots has been deprecated in favor of isaacsim.robot.wheeled_robots. Please update your code accordingly.
2026-08-15T09:14:32Z [2,413ms] [Warning] [omni.isaac.wheeled_robots.robots] omni.isaac.wheeled_robots has been deprecated in favor of isaacsim.robot.wheeled_robots. Please update your code accordingly.
2026-08-15T09:14:32Z [2,413ms] [Warning] [omni.isaac.wheeled_robots.robots.holonomic_robot_usd_setup] omni.isaac.wheeled_robots has been deprecated in favor of isaacsim.robot.wheeled_robots. Please update your code accordingly.
2026-08-15T09:14:32Z [2,413ms] [Warning] [omni.isaac.wheeled_robots.robots.wheeled_robot] omni.isaac.wheeled_robots has been deprecated in favor of isaacsim.robot.wheeled_robots. Please update your code accordingly.
[2.441s] [ext: isaacsim.simulation_app-2.12.2] startup
[2.442s] [ext: omni.isaac.franka-1.0.7] startup
2026-08-15T09:14:32Z [2,415ms] [Warning] [omni.isaac.franka] omni.isaac.franka has been deprecated in favor of isaacsim.robot.manipulators.examples.franka. Please update your code accordingly.
2026-08-15T09:14:32Z [2,415ms] [Warning] [omni.isaac.franka.franka] omni.isaac.franka has been deprecated in favor of isaacsim.robot.manipulators.examples.franka. Please update your code accordingly.
2026-08-15T09:14:32Z [2,425ms] [Warning] [omni.isaac.franka.kinematics_solver] omni.isaac.franka has been deprecated in favor of isaacsim.robot.manipulators.examples.franka. Please update your code accordingly.
[2.453s] [ext: omni.isaac.kit-2.0.6] startup
2026-08-15T09:14:32Z [2,426ms] [Warning] [omni.isaac.kit] omni.isaac.kit has been deprecated in favor of isaacsim.simulation_app. Please update your code accordingly.
[2.454s] [ext: omni.kit.selection-0.1.6] startup
[2.455s] [ext: omni.isaac.lula-4.0.6] startup
2026-08-15T09:14:32Z [2,427ms] [Warning] [omni.isaac.lula] omni.isaac.lula has been deprecated in favor of isaacsim.robot_motion.lula. Please update your code accordingly.
[2.455s] [ext: isaacsim.robot_motion.lula_test_widget-1.0.12] startup
[2.456s] [ext: isaacsim.asset.browser-1.3.23] startup
[2.482s] [ext: omni.kit.viewport.actions-107.0.2] startup
[2.485s] [ext: isaacsim.gui.menu-2.4.4] startup
[2.488s] [ext: omni.isaac.manipulators-3.0.7] startup
2026-08-15T09:14:32Z [2,461ms] [Warning] [omni.isaac.manipulators] omni.isaac.manipulators has been deprecated in favor of isaacsim.robot.manipulators. Please update your code accordingly.
2026-08-15T09:14:32Z [2,461ms] [Warning] [omni.isaac.manipulators.controllers] omni.isaac.manipulators has been deprecated in favor of isaacsim.robot.manipulators. Please update your code accordingly.
2026-08-15T09:14:32Z [2,462ms] [Warning] [omni.isaac.manipulators.controllers.pick_place_controller] omni.isaac.manipulators has been deprecated in favor of isaacsim.robot.manipulators. Please update your code accordingly.
2026-08-15T09:14:32Z [2,463ms] [Warning] [omni.isaac.manipulators.controllers.stacking_controller] omni.isaac.manipulators has been deprecated in favor of isaacsim.robot.manipulators. Please update your code accordingly.
2026-08-15T09:14:32Z [2,463ms] [Warning] [omni.isaac.manipulators.grippers] omni.isaac.manipulators has been deprecated in favor of isaacsim.robot.manipulators. Please update your code accordingly.
2026-08-15T09:14:32Z [2,463ms] [Warning] [omni.isaac.manipulators.grippers.gripper] omni.isaac.manipulators has been deprecated in favor of isaacsim.robot.manipulators. Please update your code accordingly.
2026-08-15T09:14:32Z [2,463ms] [Warning] [omni.isaac.manipulators.grippers.parallel_gripper] omni.isaac.manipulators has been deprecated in favor of isaacsim.robot.manipulators. Please update your code accordingly.
2026-08-15T09:14:32Z [2,463ms] [Warning] [omni.isaac.manipulators.grippers.surface_gripper] omni.isaac.manipulators has been deprecated in favor of isaacsim.robot.manipulators. Please update your code accordingly.
2026-08-15T09:14:32Z [2,463ms] [Warning] [omni.isaac.manipulators.manipulators] omni.isaac.manipulators has been deprecated in favor of isaacsim.robot.manipulators. Please update your code accordingly.
2026-08-15T09:14:32Z [2,463ms] [Warning] [omni.isaac.manipulators.manipulators.single_manipulator] omni.isaac.manipulators has been deprecated in favor of isaacsim.robot.manipulators. Please update your code accordingly.
[2.491s] [ext: omni.isaac.lula_test_widget-1.0.6] startup
2026-08-15T09:14:32Z [2,464ms] [Warning] [omni.isaac.lula_test_widget] omni.isaac.lula_test_widget has been deprecated in favor of isaacsim.robot_motion.lula_test_widget. Please update your code accordingly.
[2.492s] [ext: omni.isaac.asset_browser-1.0.6] startup
2026-08-15T09:14:32Z [2,465ms] [Warning] [omni.isaac.asset_browser] omni.isaac.asset_browser has been deprecated in favor of isaacsim.asset.browser. Please update your code accordingly.
[2.493s] [ext: omni.kit.viewport.menubar.display-107.0.3] startup
[2.496s] [ext: omni.isaac.menu-1.0.6] startup
2026-08-15T09:14:32Z [2,468ms] [Warning] [omni.isaac.menu] omni.isaac.menu has been deprecated in favor of isaacsim.gui.menu. Please update your code accordingly.
[2.497s] [ext: omni.isaac.motion_generation-8.0.7] startup
2026-08-15T09:14:32Z [2,469ms] [Warning] [omni.isaac.motion_generation] omni.isaac.motion_generation has been deprecated in favor of isaacsim.robot_motion.motion_generation. Please update your code accordingly.
2026-08-15T09:14:32Z [2,470ms] [Warning] [omni.isaac.motion_generation.articulation_kinematics_solver] omni.isaac.motion_generation has been deprecated in favor of isaacsim.robot_motion.motion_generation. Please update your code accordingly.
2026-08-15T09:14:32Z [2,470ms] [Warning] [omni.isaac.motion_generation.articulation_motion_policy] omni.isaac.motion_generation has been deprecated in favor of isaacsim.robot_motion.motion_generation. Please update your code accordingly.
2026-08-15T09:14:32Z [2,470ms] [Warning] [omni.isaac.motion_generation.articulation_trajectory] omni.isaac.motion_generation has been deprecated in favor of isaacsim.robot_motion.motion_generation. Please update your code accordingly.
2026-08-15T09:14:32Z [2,470ms] [Warning] [omni.isaac.motion_generation.kinematics_interface] omni.isaac.motion_generation has been deprecated in favor of isaacsim.robot_motion.motion_generation. Please update your code accordingly.
2026-08-15T09:14:32Z [2,470ms] [Warning] [omni.isaac.motion_generation.lula] omni.isaac.motion_generation has been deprecated in favor of isaacsim.robot_motion.motion_generation. Please update your code accordingly.
2026-08-15T09:14:32Z [2,470ms] [Warning] [omni.isaac.motion_generation.lula.kinematics] omni.isaac.motion_generation has been deprecated in favor of isaacsim.robot_motion.motion_generation. Please update your code accordingly.
2026-08-15T09:14:32Z [2,470ms] [Warning] [omni.isaac.motion_generation.lula.motion_policies] omni.isaac.motion_generation has been deprecated in favor of isaacsim.robot_motion.motion_generation. Please update your code accordingly.
2026-08-15T09:14:32Z [2,470ms] [Warning] [omni.isaac.motion_generation.lula.path_planners] omni.isaac.motion_generation has been deprecated in favor of isaacsim.robot_motion.motion_generation. Please update your code accordingly.
2026-08-15T09:14:32Z [2,470ms] [Warning] [omni.isaac.motion_generation.lula.trajectory_generator] omni.isaac.motion_generation has been deprecated in favor of isaacsim.robot_motion.motion_generation. Please update your code accordingly.
2026-08-15T09:14:32Z [2,470ms] [Warning] [omni.isaac.motion_generation.motion_policy_controller] omni.isaac.motion_generation has been deprecated in favor of isaacsim.robot_motion.motion_generation. Please update your code accordingly.
2026-08-15T09:14:32Z [2,470ms] [Warning] [omni.isaac.motion_generation.motion_policy_interface] omni.isaac.motion_generation has been deprecated in favor of isaacsim.robot_motion.motion_generation. Please update your code accordingly.
2026-08-15T09:14:32Z [2,470ms] [Warning] [omni.isaac.motion_generation.path_planner_visualizer] omni.isaac.motion_generation has been deprecated in favor of isaacsim.robot_motion.motion_generation. Please update your code accordingly.
2026-08-15T09:14:32Z [2,470ms] [Warning] [omni.isaac.motion_generation.path_planning_interface] omni.isaac.motion_generation has been deprecated in favor of isaacsim.robot_motion.motion_generation. Please update your code accordingly.
2026-08-15T09:14:32Z [2,470ms] [Warning] [omni.isaac.motion_generation.trajectory] omni.isaac.motion_generation has been deprecated in favor of isaacsim.robot_motion.motion_generation. Please update your code accordingly.
2026-08-15T09:14:32Z [2,471ms] [Warning] [omni.isaac.motion_generation.world_interface] omni.isaac.motion_generation has been deprecated in favor of isaacsim.robot_motion.motion_generation. Please update your code accordingly.
[2.498s] [ext: omni.isaac.assets_check-0.3.13] startup
2026-08-15T09:14:32Z [2,472ms] [Warning] [omni.isaac.assets_check] omni.isaac.assets_check has been deprecated in favor of isaacsim.asset.browser. Please update your code accordingly.
[2.499s] [ext: isaacsim.gui.sensors.icon-2.0.3] startup
[2.506s] [ext: isaacsim.asset.importer.mjcf-2.5.13] startup
[2.509s] [ext: omni.sensors.nv.common-3.0.0] startup
[2.514s] [ext: isaacsim.sensors.physics-0.4.3] startup
[2.517s] [ext: omni.sensors.net-1.0.0] startup
[2.519s] [ext: omni.isaac.nucleus-1.0.6] startup
2026-08-15T09:14:32Z [2,492ms] [Warning] [omni.isaac.nucleus] omni.isaac.nucleus has been deprecated in favor of isaacsim.storage.native. Please update your code accordingly.
2026-08-15T09:14:32Z [2,492ms] [Warning] [omni.isaac.nucleus.nucleus] omni.isaac.nucleus.nucleus has been deprecated in favor of isaacsim.storage.native. Please update your code accordingly.
[2.519s] [ext: omni.sensors.nv.materials-2.0.0] startup
[2.522s] [ext: isaacsim.robot.policy.examples-4.1.11] startup
[2.525s] [ext: omni.sensors.nv.wpm-3.0.0] startup
[2.526s] [ext: omni.sensors.nv.lidar-3.0.0] startup
[2.528s] [ext: isaacsim.util.debug_draw-3.1.0] startup
[2.530s] [ext: omni.sensors.nv.radar-3.0.0] startup
[2.532s] [ext: omni.sensors.nv.ids-2.0.0] startup
[2.533s] [ext: isaacsim.core.cloner-1.4.10] startup
[2.534s] [ext: isaacsim.sensors.physx-2.3.2] startup
[2.536s] [ext: isaacsim.sensors.rtx-15.8.4] startup
[2.540s] [ext: isaacsim.sensors.camera-1.3.6] startup
[2.546s] [ext: omni.isaac.quadruped-3.0.7] startup
2026-08-15T09:14:32Z [2,519ms] [Warning] [omni.isaac.quadruped] omni.isaac.quadruped has been deprecated in favor of isaacsim.robot.policy.examples. Please update your code accordingly.
[2.547s] [ext: omni.isaac.cloner-1.0.7] startup
2026-08-15T09:14:32Z [2,520ms] [Warning] [omni.isaac.cloner] omni.isaac.cloner has been deprecated in favor of isaacsim.core.cloner. Please update your code accordingly.
[2.549s] [ext: omni.isaac.range_sensor-4.0.6] startup
2026-08-15T09:14:32Z [2,522ms] [Warning] [omni.isaac.range_sensor] omni.isaac.range_sensor has been deprecated in favor of isaacsim.sensors.physx. Please update your code accordingly.
2026-08-15T09:14:32Z [2,523ms] [Warning] [omni.isaac.range_sensor.commands] omni.isaac.range_sensor.commands has been deprecated in favor of isaacsim.sensors.physx.commands. Please update your code accordingly.
[2.550s] [ext: omni.isaac.sensor-13.0.7] startup
2026-08-15T09:14:32Z [2,524ms] [Warning] [omni.isaac.sensor] omni.isaac.sensor has been deprecated in favor of isaacsim.sensors.camera, isaacsim.sensors.physics, isaacsim.sensors.physx, and isaacsim.sensors.rtx. Please update your code accordingly.
2026-08-15T09:14:32Z [2,524ms] [Warning] [omni.isaac.sensor.camera] omni.isaac.sensor.camera has been deprecated in favor of isaacsim.sensors.camera.camera. Please update your code accordingly.
2026-08-15T09:14:32Z [2,524ms] [Warning] [omni.isaac.sensor.camera_view] omni.isaac.sensor.camera_view has been deprecated in favor of isaacsim.sensors.camera.camera_view. Please update your code accordingly.
2026-08-15T09:14:32Z [2,525ms] [Warning] [omni.isaac.sensor.commands] omni.isaac.sensor.commands has been deprecated in favor of isaacsim.sensors.physics.commands, isaacsim.sensors.physx.commands, and isaacsim.sensors.rtx.commands. Please update your code accordingly.
2026-08-15T09:14:32Z [2,525ms] [Warning] [omni.isaac.sensor.contact_sensor] omni.isaac.sensor.contact_sensor has been deprecated in favor of isaacsim.sensors.physics.contact_sensor. Please update your code accordingly.
2026-08-15T09:14:32Z [2,525ms] [Warning] [omni.isaac.sensor.imu_sensor] omni.isaac.sensor.imu_sensor has been deprecated in favor of isaacsim.sensors.physics.imu_sensor. Please update your code accordingly.
2026-08-15T09:14:32Z [2,525ms] [Warning] [omni.isaac.sensor.lidar_rtx] omni.isaac.sensor.lidar_rtx has been deprecated in favor of isaacsim.sensors.rtx.lidar_rtx. Please update your code accordingly.
2026-08-15T09:14:32Z [2,526ms] [Warning] [omni.isaac.sensor.rotating_lidar_physX] omni.isaac.sensor.imu_sensor has been deprecated in favor of isaacsim.sensors.physix.rotating_lidar_physX. Please update your code accordingly.
2026-08-15T09:14:32Z [2,526ms] [Warning] [omni.isaac.sensor.scripts.samples.contact_sensor] omni.isaac.sensor.scripts.samples.contact_sensor has been deprecated in favor of isaacsim.sensors.physics.scripts.samples.contact_sensor. Please update your code accordingly.
2026-08-15T09:14:32Z [2,526ms] [Warning] [omni.isaac.sensor.scripts.samples.imu_sensor] omni.isaac.sensor.scripts.samples.imu_sensor has been deprecated in favor of isaacsim.sensors.physics.scripts.samples.imu_sensor. Please update your code accordingly.
2026-08-15T09:14:32Z [2,526ms] [Warning] [omni.isaac.sensor.scripts.samples.lightbeam_sensor] omni.isaac.sensor.scripts.samples.lightbeam_sensor has been deprecated in favor of isaacsim.sensors.physx.scripts.samples.lightbeam_sensor. Please update your code accordingly.
[2.554s] [ext: omni.kit.menu.create-2.0.1] startup
[2.555s] [ext: omni.kit.widget.toolbar-2.0.1] startup
[2.562s] [ext: omni.kit.manipulator.transform-107.0.0] startup
[2.565s] [ext: omni.isaac.core-4.0.7] startup
2026-08-15T09:14:32Z [2,537ms] [Warning] [omni.isaac.core.physics_context.physics_context] omni.isaac.core.physics_context.physics_context has been deprecated in favor of isaacsim.core.api.physics_context.physics_context. Please update your code accordingly.
2026-08-15T09:14:32Z [2,537ms] [Warning] [omni.isaac.core.simulation_context.simulation_context] omni.isaac.core.simulation_context.simulation_context has been deprecated in favor of isaacsim.core.api.simulation_context.simulation_context. Please update your code accordingly.
2026-08-15T09:14:32Z [2,537ms] [Warning] [omni.isaac.core.world.world] omni.isaac.core.world.world has been deprecated in favor of isaacsim.core.api.world.world. Please update your code accordingly.
2026-08-15T09:14:32Z [2,537ms] [Warning] [omni.isaac.core] omni.isaac.core has been deprecated in favor of isaacsim.core.api. Please update your code accordingly.
[2.565s] [ext: omni.kit.scripting-107.3.2] startup
[2.568s] [ext: omni.kit.manipulator.tool.snap-1.5.13] startup
[2.571s] [ext: omni.kit.manipulator.selector-1.1.3] startup
[2.572s] [ext: isaacsim.app.about-2.0.11] startup
[2.574s] [ext: isaacsim.replicator.behavior-1.1.16] startup
[2.575s] [ext: omni.kit.viewport.manipulator.transform-107.0.4] startup
[2.576s] [ext: omni.isaac.window.about-2.0.7] startup
2026-08-15T09:14:32Z [2,549ms] [Warning] [omni.isaac.window.about] omni.isaac.window.about has been deprecated in favor of isaacsim.app.about. Please update your code accordingly.
2026-08-15T09:14:32Z [2,549ms] [Warning] [omni.isaac.window.about.about] omni.isaac.window.about.about has been deprecated in favor of isaacsim.app.about.about. Please update your code accordingly.
[2.577s] [ext: omni.fabric.commands-1.1.6] startup
[2.578s] [ext: omni.kit.manipulator.prim.core-107.0.8] startup
[2.582s] [ext: omni.kit.property.audio-1.0.16] startup
[2.583s] [ext: omni.kit.property.camera-1.0.10] startup
[2.583s] [ext: omni.kit.property.geometry-2.0.4] startup
[2.585s] [ext: omni.hydra.scene_api-0.1.2] startup
[2.588s] [ext: omni.kit.property.light-1.0.12] startup
[2.593s] [ext: omni.kit.manipulator.prim.fabric-107.0.4] startup
[2.594s] [ext: omni.kit.manipulator.prim.usd-107.0.3] startup
[2.595s] [ext: omni.kit.property.material-1.11.9] startup
[2.598s] [ext: omni.kit.property.render-1.2.1] startup
[2.599s] [ext: omni.kit.property.transform-1.5.13] startup
[2.601s] [ext: isaacsim.gui.property-1.1.3] startup
[2.602s] [ext: omni.kit.manipulator.camera-106.0.4] startup
[2.604s] [ext: omni.kit.manipulator.prim-107.0.0] startup
[2.604s] [ext: omni.isaac.surface_gripper-2.0.6] startup
2026-08-15T09:14:32Z [2,577ms] [Warning] [omni.isaac.surface_gripper] omni.isaac.surface_gripper has been deprecated in favor of isaacsim.robot.surface_gripper. Please update your code accordingly.
[2.604s] [ext: omni.kit.manipulator.selection-106.0.1] startup
[2.607s] [ext: omni.kit.property.bundle-1.4.1] startup
[2.607s] [ext: omni.kit.property.isaac-1.0.6] startup
2026-08-15T09:14:32Z [2,580ms] [Warning] [omni.kit.property.isaac] omni.kit.property.isaac has been deprecated in favor of isaacsim.gui.property. Please update your code accordingly.
2026-08-15T09:14:32Z [2,580ms] [Warning] [omni.kit.property.isaac.widgets] omni.kit.property.isaac.widgets has been deprecated in favor of isaacsim.gui.property.widgets. Please update your code accordingly.
[2.608s] [ext: omni.isaac.universal_robots-1.0.6] startup
2026-08-15T09:14:32Z [2,580ms] [Warning] [omni.isaac.universal_robots] omni.isaac.universal_robots has been deprecated in favor of isaacsim.robot.manipulators.examples.universal_robots. Please update your code accordingly.
2026-08-15T09:14:32Z [2,581ms] [Warning] [omni.isaac.universal_robots.kinematics_solver] omni.isaac.franka has been deprecated in favor of isaacsim.robot.manipulators.examples.universal_robots. Please update your code accordingly.
2026-08-15T09:14:32Z [2,581ms] [Warning] [omni.isaac.universal_robots.ur10] omni.isaac.franka has been deprecated in favor of isaacsim.robot.manipulators.examples.universal_robots. Please update your code accordingly.
[2.609s] [ext: omni.isaac.core_nodes-2.0.6] startup
2026-08-15T09:14:32Z [2,582ms] [Warning] [omni.isaac.core_nodes] omni.isaac.core_nodes has been deprecated in favor of isaacsim.core.nodes. Please update your code accordingly.
[2.610s] [ext: omni.kit.viewport.menubar.camera-107.0.6] startup
[2.614s] [ext: omni.kit.viewport.menubar.lighting-107.3.1] startup
[2.616s] [ext: isaacsim.replicator.writers-1.0.17] startup
[2.623s] [ext: omni.kit.viewport.menubar.render-107.0.10] startup
[2.625s] [ext: omni.kit.viewport.menubar.settings-107.0.3] startup
[2.629s] [ext: omni.kit.window.console-1.1.4] startup
[2.632s] [ext: isaacsim.replicator.domain_randomization-1.0.16] startup
[2.633s] [ext: isaacsim.replicator.examples-1.3.6] startup
[2.635s] [ext: omni.ocio-0.1.1] startup
[2.636s] [ext: omni.rtx.window.settings-0.6.19] startup
[2.641s] [ext: omni.kit.window.status_bar-0.1.9] startup
[2.645s] [ext: omni.kit.window.toolbar-2.0.0] startup
[2.648s] [ext: omni.replicator.isaac-2.0.8] startup
2026-08-15T09:14:32Z [2,621ms] [Warning] [omni.replicator.isaac] omni.replicator.isaac has been deprecated in favor of isaacsim.replicator.domain_randomization, isaacsim.replicator.examples, isaacsim.replicator.writers. Please update your code accordingly.
[2.649s] [ext: omni.replicator.replicator_yaml-2.0.11] startup
[2.658s] [ext: omni.rtx.settings.core-0.6.5] startup
[2.661s] [ext: omni.usd.metrics.assembler.ui-107.3.1] startup
[2.667s] [ext: omni.isaac.utils-2.0.6] startup
[2.668s] [ext: semantics.schema.editor-2.0.2] startup
[2.670s] [ext: omni.kit.ui.actions-1.0.5] startup
[2.671s] [ext: semantics.schema.property-2.0.1] startup
[2.672s] [ext: omni.isaac.version-2.0.7] startup
2026-08-15T09:14:32Z [2,645ms] [Warning] [omni.isaac.version] omni.isaac.version has been deprecated in favor of isaacsim.core.version. Please update your code accordingly.
[2.673s] [ext: omni.isaac.cortex-1.0.5] startup
[2.673s] [ext: omni.anim.curve.core-1.3.1] startup
[2.678s] [ext: isaacsim.core.throttling-2.2.2] startup
[2.680s] [ext: omni.kit.menu.common-2.0.1] startup
[2.681s] [ext: isaacsim.exp.base-5.1.0] startup
[2.681s] [ext: isaacsim.exp.base.python-5.1.0] startup
[2.682s] Simulation App Starting
2026-08-15T09:14:32Z [2,711ms] [Warning] [omni.fabric.plugin] Warning: attribute viewportHandle not found for bucket id 9

[2.758s] app ready
Starting kit application with the following args:  ['/home/sun/miniconda3/envs/isaaclab/lib/python3.11/site-packages/isaacsim/exts/isaacsim.simulation_app/isaacsim/simulation_app/simulation_app.py', '/home/sun/miniconda3/envs/isaaclab/lib/python3.11/site-packages/isaacsim/apps/isaacsim.exp.base.python.kit', '--/app/tokens/exe-path=/home/sun/miniconda3/envs/isaaclab/lib/python3.11/site-packages/isaacsim/kit', '--/persistent/app/viewport/displayOptions=3094', '--/rtx/materialDb/syncLoads=True', '--/rtx/hydra/materialSyncLoads=True', '--/omni.kit.plugin/syncUsdLoads=True', '--/app/renderer/resolution/width=1280', '--/app/renderer/resolution/height=720', '--/app/window/width=1440', '--/app/window/height=900', '--/renderer/multiGpu/enabled=True', '--/app/fastShutdown=True', '--/app/installSignalHandlers=0', '--ext-folder', '/home/sun/miniconda3/envs/isaaclab/lib/python3.11/site-packages/isaacsim/exts', '--ext-folder', '/home/sun/miniconda3/envs/isaaclab/lib/python3.11/site-packages/isaacsim/apps', '--/physics/cudaDevice=0', '--/plugins/carb.tasking.plugin/threadCount=16', '--/plugins/omni.tbb.globalcontrol/maxThreadCount=16', '--portable', '--no-window', '--/app/window/hideUi=1']
Passing the following args to the base kit application:  []
Warp 1.8.2 initialized:
   CUDA Toolkit 12.8, Driver 13.0
   Devices:
     "cpu"      : "x86_64"
     "cuda:0"   : "NVIDIA GeForce RTX 5070 Ti" (15 GiB, sm_120, mempool enabled)
   Kernel cache:
     /home/sun/.cache/warp/1.8.2
Warp DeprecationWarning: The `warp.sim` module is deprecated and will be removed in v1.10. Please transition to using the forthcoming Newton library instead.
OFFICIAL_PEOPLE_ASSETS={"candidate_files": {"M_Medical_01": [".thumbs", "M_Medical_01.usd", "textures"], "M_Medical_01:preview": [".M_Medical_01.usd.last_generated", "F_Business_02.usd.png", "M_Medical_01.usd.png"], "M_Medical_01:thumbs": ["256x256", "M_Medical_01.thumb.usd"], "male_adult_construction_01_new": [".thumbs", "male_adult_construction_01_new.usd", "textures"], "male_adult_construction_01_new:preview": [".male_adult_construction_01_new.usd.last_generated", "female_adult_police_01_new.usd.png", "male_adult_construction_01_new.usd.png"], "male_adult_construction_01_new:thumbs": ["256x256", "male_adult_construction_01_new.thumb.usd"], "male_adult_construction_05_new": [".thumbs", "male_adult_construction_05_new.usd", "textures"], "male_adult_construction_05_new:preview": [".male_adult_construction_05_new.usd.last_generated", "male_adult_construction_05_new.usd.png"], "male_adult_construction_05_new:thumbs": ["256x256", "male_adult_construction_05_new.thumb.usd"], "male_adult_police_04": [".thumbs", "male_adult_police_04.usd", "textures"], "male_adult_police_04:preview": [".male_adult_police_04.usd.last_generated", "male_adult_police_04.usd.png"], "male_adult_police_04:thumbs": ["256x256", "male_adult_police_04.thumb.usd"], "original_male_adult_construction_01": [".thumbs", "male_adult_construction_01.usd", "textures"], "original_male_adult_construction_01:preview": [".male_adult_construction_01.usd.last_generated", "male_adult_construction_01.usd.png"], "original_male_adult_construction_01:thumbs": ["256x256", "male_adult_construction_01.thumb.usd"], "original_male_adult_construction_02": [".thumbs", "male_adult_construction_02.usd", "textures"], "original_male_adult_construction_02:preview": [".male_adult_construction_02.usd.last_generated", "male_adult_construction_02.usd.png"], "original_male_adult_construction_02:thumbs": ["256x256", "male_adult_construction_02.thumb.usd"], "original_male_adult_construction_03": [".thumbs", "male_adult_construction_03.usd", "male_adult_construction_03.usd.files", "textures"], "original_male_adult_construction_03:preview": [".male_adult_construction_03.usd.last_generated", "male_adult_construction_03.usd.png"], "original_male_adult_construction_03:thumbs": ["256x256", "male_adult_construction_03.thumb.usd"], "original_male_adult_construction_05": [".thumbs", "male_adult_construction_05.usd", "textures"], "original_male_adult_construction_05:preview": [".male_adult_construction_05.usd.last_generated", "male_adult_construction_05.usd.png"], "original_male_adult_construction_05:thumbs": ["256x256", "male_adult_construction_05.thumb.usd"], "original_male_adult_medical_01": [".thumbs", "male_adult_medical_01.usd", "textures"], "original_male_adult_medical_01:preview": [".male_adult_medical_01.usd.last_generated", "male_adult_medical_01.usd.png"], "original_male_adult_medical_01:thumbs": ["256x256", "male_adult_medical_01.thumb.usd"], "original_male_adult_police_04": [".thumbs", "male_adult_police_04.usd", "textures"], "original_male_adult_police_04:preview": [".male_adult_police_04.usd.last_generated", "male_adult_police_04.usd.png"], "original_male_adult_police_04:thumbs": ["256x256", "male_adult_police_04.thumb.usd"]}, "folders": [".thumbs", "F_Business_02", "F_Medical_01", "M_Medical_01", "biped_demo", "female_adult_police_01_new", "female_adult_police_02", "female_adult_police_03_new", "male_adult_construction_01_new", "male_adult_construction_03", "male_adult_construction_05_new", "male_adult_police_04", "original_female_adult_business_02", "original_female_adult_medical_01", "original_female_adult_police_01", "original_female_adult_police_02", "original_female_adult_police_03", "original_male_adult_construction_01", "original_male_adult_construction_02", "original_male_adult_construction_03", "original_male_adult_construction_05", "original_male_adult_medical_01", "original_male_adult_police_04"], "root": "https://omniverse-content-production.s3-us-west-2.amazonaws.com/Assets/Isaac/5.1/Isaac/People/Characters", "versioned_folders": {"4.2": [".thumbs", "F_Business_02", "F_Medical_01", "M_Medical_01", "biped_demo", "female_adult_police_01_new", "female_adult_police_02", "female_adult_police_03_new", "male_adult_construction_01_new", "male_adult_construction_03", "male_adult_construction_05_new", "male_adult_police_04", "original_female_adult_business_02", "original_female_adult_medical_01", "original_female_adult_police_01", "original_female_adult_police_02", "original_female_adult_police_03", "original_male_adult_construction_01", "original_male_adult_construction_02", "original_male_adult_construction_03", "original_male_adult_construction_05", "original_male_adult_medical_01", "original_male_adult_police_04"], "4.5": [".thumbs", "F_Business_02", "F_Medical_01", "M_Medical_01", "biped_demo", "female_adult_police_01_new", "female_adult_police_02", "female_adult_police_03_new", "male_adult_construction_01_new", "male_adult_construction_03", "male_adult_construction_05_new", "male_adult_police_04", "original_female_adult_business_02", "original_female_adult_medical_01", "original_female_adult_police_01", "original_female_adult_police_02", "original_female_adult_police_03", "original_male_adult_construction_01", "original_male_adult_construction_02", "original_male_adult_construction_03", "original_male_adult_construction_05", "original_male_adult_medical_01", "original_male_adult_police_04"], "5.0": [".thumbs", "F_Business_02", "F_Medical_01", "M_Medical_01", "biped_demo", "female_adult_police_01_new", "female_adult_police_02", "female_adult_police_03_new", "male_adult_construction_01_new", "male_adult_construction_03", "male_adult_construction_05_new", "male_adult_police_04", "original_female_adult_business_02", "original_female_adult_medical_01", "original_female_adult_police_01", "original_female_adult_police_02", "original_female_adult_police_03", "original_male_adult_construction_01", "original_male_adult_construction_02", "original_male_adult_construction_03", "original_male_adult_construction_05", "original_male_adult_medical_01", "original_male_adult_police_04"], "5.1": [".thumbs", "F_Business_02", "F_Medical_01", "M_Medical_01", "biped_demo", "female_adult_police_01_new", "female_adult_police_02", "female_adult_police_03_new", "male_adult_construction_01_new", "male_adult_construction_03", "male_adult_construction_05_new", "male_adult_police_04", "original_female_adult_business_02", "original_female_adult_medical_01", "original_female_adult_police_01", "original_female_adult_police_02", "original_female_adult_police_03", "original_male_adult_construction_01", "original_male_adult_construction_02", "original_male_adult_construction_03", "original_male_adult_construction_05", "original_male_adult_medical_01", "original_male_adult_police_04"]}}
[4.249s] Simulation App Startup Complete
[12.523s] Simulation App Shutting Down
