[Info] [carb] Logging to file: /home/sun/miniconda3/envs/isaaclab/lib/python3.11/site-packages/isaacsim/kit/logs/Kit/Isaac-Sim Python/5.1/kit_20260815_052428.log
[0.020s] [ext: omni.kit.async_engine-0.0.3] startup
[0.061s] [ext: omni.metrics.core-0.0.3] startup
[0.061s] [ext: omni.client.lib-1.1.0] startup
[0.068s] [ext: omni.blobkey-1.1.2] startup
[0.068s] [ext: omni.stats-1.0.1] startup
[0.068s] [ext: omni.datastore-0.0.0] startup
[0.071s] [ext: omni.client-1.3.0] startup
[0.073s] [ext: omni.ujitso.default-1.0.0] startup
[0.074s] [ext: omni.hsscclient-1.1.2] startup
[0.092s] [ext: omni.gpu_foundation.shadercache.vulkan-1.0.0] startup
[0.093s] [ext: omni.assets.plugins-0.0.0] startup
[0.093s] [ext: omni.gpu_foundation-0.0.0] startup
[0.097s] [ext: carb.windowing.plugins-1.0.0] startup
2026-08-15T09:24:28Z [92ms] [Warning] [carb.windowing-glfw.plugin] GLFW initialization failed.
2026-08-15T09:24:28Z [92ms] [Warning] [carb] Failed to startup plugin carb.windowing-glfw.plugin (interfaces: [carb::windowing::IGLContext v1.0],[carb::windowing::IWindowing v1.5]) (impl: carb.windowing-glfw.plugin)
[0.097s] [ext: omni.kit.renderer.init-0.0.0] startup
2026-08-15T09:24:29Z [97ms] [Warning] [omni.platforminfo.plugin] failed to open the default display.  Can't verify X Server version.
2026-08-15T09:24:29Z [301ms] [Warning] [gpu.foundation.plugin] Skipping unsupported non-NVIDIA GPU: AMD Ryzen 7 9700X 8-Core Processor (RADV RAPHAEL_MENDOCINO)
2026-08-15T09:24:29Z [301ms] [Warning] [gpu.foundation.plugin] Skipping unsupported non-NVIDIA GPU: AMD Ryzen 7 9700X 8-Core Processor (RADV RAPHAEL_MENDOCINO)

|---------------------------------------------------------------------------------------------|
| Driver Version: 580.126.09    | Graphics API: Vulkan
|=============================================================================================|
| GPU | Name                             | Active | LDA | GPU Memory | Vendor-ID | LUID       |
|     |                                  |        |     |            | Device-ID | UUID       |
|     |                                  |        |     |            | Bus-ID    |            |
|---------------------------------------------------------------------------------------------|
| 0   | NVIDIA GeForce RTX 5070 Ti       | Yes: 0 |     | 16303   MB | 10de      | 0          |
|     |                                  |        |     |            | 2c05      | 9a0eb7bb.. |
|     |                                  |        |     |            | 1         |            |
|---------------------------------------------------------------------------------------------|
| 1   | AMD Ryzen 7 9700X 8-Core Proce.. |        |     | 10720   MB | 1002      | 0          |
|     |                                  |        |     |            | 13c0      | 00000000.. |
|     |                                  |        |     |            | 11        |            |
|=============================================================================================|
| OS: 24.04.3 LTS (Noble Numbat) ubuntu, Version: 24.04.3, Kernel: 6.17.0-22-generic
| Processor: AMD Ryzen 7 9700X 8-Core Processor
| Cores: 8 | Logical Cores: 16
|---------------------------------------------------------------------------------------------|
| Total Memory (MB): 31137 | Free Memory: 27807
| Total Page/Swap (MB): 69497 | Free Page/Swap: 69497
|---------------------------------------------------------------------------------------------|
2026-08-15T09:24:29Z [508ms] [Warning] [gpu.foundation.plugin] IOMMU is enabled.
2026-08-15T09:24:29Z [508ms] [Warning] [gpu.foundation.plugin] Detected IOMMU is enabled. Running CUDA peer-to-peer bandwidth and latency validation.
Unidirectional P2P=Enabled Bandwidth (P2P Writes) Matrix (GB/s)
   D\D     0 
     0 759.23 
P2P=Enabled Latency (P2P Writes) Matrix (us)
   GPU     0 
     0   2.07 

   CPU     0 
     0   1.64 
[0.588s] [ext: omni.materialx.libs-1.0.7] startup
[0.592s] [ext: omni.kit.telemetry-0.5.2] startup
[0.605s] [ext: omni.usd.config-1.0.6] startup
[0.606s] [ext: omni.gpucompute.plugins-0.0.0] startup
[0.607s] [ext: omni.usd.libs-1.0.1] startup
[0.652s] [ext: omni.kit.loop-isaac-1.3.7] startup
[0.653s] [ext: omni.kit.test-2.0.1] startup
[0.679s] [ext: omni.mdl-56.0.3] startup
[0.721s] [ext: omni.iray.libs-0.0.0] startup
[0.724s] [ext: omni.mdl.neuraylib-0.2.12] startup
[0.726s] [ext: omni.kit.usd.mdl-1.1.5] startup
[0.783s] [ext: omni.kit.pipapi-0.0.0] startup
[0.783s] [ext: omni.appwindow-1.1.10] startup
2026-08-15T09:24:29Z [778ms] [Warning] [carb.windowing-glfw.plugin] GLFW initialization failed.
2026-08-15T09:24:29Z [778ms] [Warning] [carb] Failed to startup plugin carb.windowing-glfw.plugin (interfaces: [carb::windowing::IGLContext v1.0],[carb::windowing::IWindowing v1.5]) (impl: carb.windowing-glfw.plugin)
[0.784s] [ext: omni.kit.renderer.core-1.1.0] startup
2026-08-15T09:24:29Z [788ms] [Warning] [carb.windowing-glfw.plugin] GLFW initialization failed.
2026-08-15T09:24:29Z [788ms] [Warning] [carb] Failed to startup plugin carb.windowing-glfw.plugin (interfaces: [carb::windowing::IGLContext v1.0],[carb::windowing::IWindowing v1.5]) (impl: carb.windowing-glfw.plugin)
2026-08-15T09:24:29Z [792ms] [Warning] [carb.windowing-glfw.plugin] GLFW initialization failed.
2026-08-15T09:24:29Z [792ms] [Warning] [carb] Failed to startup plugin carb.windowing-glfw.plugin (interfaces: [carb::windowing::IGLContext v1.0],[carb::windowing::IWindowing v1.5]) (impl: carb.windowing-glfw.plugin)
[0.798s] [ext: omni.kit.renderer.capture-0.0.0] startup
[0.799s] [ext: omni.kit.renderer.imgui-2.0.5] startup
2026-08-15T09:24:29Z [795ms] [Warning] [carb.windowing-glfw.plugin] GLFW initialization failed.
2026-08-15T09:24:29Z [795ms] [Warning] [carb] Failed to startup plugin carb.windowing-glfw.plugin (interfaces: [carb::windowing::IGLContext v1.0],[carb::windowing::IWindowing v1.5]) (impl: carb.windowing-glfw.plugin)
2026-08-15T09:24:29Z [796ms] [Warning] [carb.windowing-glfw.plugin] GLFW initialization failed.
2026-08-15T09:24:29Z [796ms] [Warning] [carb] Failed to startup plugin carb.windowing-glfw.plugin (interfaces: [carb::windowing::IGLContext v1.0],[carb::windowing::IWindowing v1.5]) (impl: carb.windowing-glfw.plugin)
2026-08-15T09:24:29Z [796ms] [Warning] [carb.windowing-glfw.plugin] GLFW initialization failed.
2026-08-15T09:24:29Z [796ms] [Warning] [carb] Failed to startup plugin carb.windowing-glfw.plugin (interfaces: [carb::windowing::IGLContext v1.0],[carb::windowing::IWindowing v1.5]) (impl: carb.windowing-glfw.plugin)
[0.829s] [ext: omni.ui-2.27.1] startup
[0.834s] [ext: omni.kit.mainwindow-1.0.3] startup
[0.835s] [ext: carb.audio-0.1.0] startup
[0.837s] [ext: omni.uiaudio-1.0.0] startup
[0.837s] [ext: omni.kit.uiapp-0.0.0] startup
[0.837s] [ext: omni.usd.schema.metrics.assembler-107.3.1] startup
[0.838s] [ext: omni.usd.schema.physx-107.3.26] startup
[0.855s] [ext: omni.usd.schema.geospatial-0.0.0] startup
[0.856s] [ext: omni.usd.schema.audio-0.0.0] startup
[0.857s] [ext: omni.usd.schema.anim-0.0.0] startup
[0.867s] [ext: omni.usd.schema.flow-107.1.1] startup
[0.867s] [ext: omni.usd_resolver-1.0.0] startup
[0.869s] [ext: omni.usd.core-1.5.3] startup
[0.870s] [ext: omni.usd.schema.omni_sensors-0.0.0] startup
[0.877s] [ext: omni.usd.schema.semantics-0.0.0] startup
[0.878s] [ext: omni.usd.schema.omniscripting-1.0.0] startup
[0.880s] [ext: omni.usd.schema.omni_lens_distortion-0.0.0] startup
[0.881s] [ext: omni.usd.schema.omnigraph-1.0.0] startup
[0.883s] [ext: omni.kit.window.popup_dialog-2.0.24] startup
[0.885s] [ext: omni.graph.exec-0.9.6] startup
[0.885s] [ext: omni.kit.widget.nucleus_connector-2.0.1] startup
[0.886s] [ext: omni.kit.usd_undo-0.1.8] startup
[0.886s] [ext: omni.kit.exec.core-0.13.4] startup
[0.887s] [ext: omni.kit.actions.core-1.0.0] startup
[0.888s] [ext: omni.resourcemonitor-107.0.1] startup
[0.889s] [ext: omni.activity.core-1.0.3] startup
[0.890s] [ext: omni.timeline-1.0.14] startup
[0.890s] [ext: omni.kit.commands-1.4.10] startup
[0.892s] [ext: usdrt.scenegraph-7.6.1] startup
[0.910s] [ext: omni.kit.audiodeviceenum-1.0.2] startup
[0.910s] [ext: omni.hydra.usdrt_delegate-7.5.1] startup
[0.913s] [ext: omni.hydra.scene_delegate-0.3.4] startup
[0.916s] [ext: omni.usd-1.13.10] startup
[0.927s] [ext: omni.inspect-1.0.2] startup
[0.928s] [ext: omni.kit.notification_manager-1.0.10] startup
[0.928s] [ext: omni.graph.core-2.184.5] startup
[0.930s] [ext: isaacsim.core.deprecation_manager-0.2.7] startup
[0.930s] [ext: omni.anim.graph.schema-107.3.3] startup
[0.933s] [ext: omni.usd.schema.isaac-3.0.5] startup
[0.933s] [ext: omni.anim.navigation.schema-107.3.3] startup
[0.935s] [ext: omni.kit.asset_converter-5.0.17] startup
[0.941s] [ext: isaacsim.robot.schema-3.6.0] startup
[0.944s] [ext: omni.usd.schema.render_settings.rtx-0.0.0] startup
[0.945s] [ext: omni.kit.menu.core-1.1.2] startup
[0.945s] [ext: omni.kit.widget.path_field-2.0.11] startup
[0.945s] [ext: omni.kit.widget.context_menu-1.2.5] startup
[0.946s] [ext: omni.kit.widget.browser_bar-2.0.10] startup
[0.946s] [ext: omni.kit.clipboard-1.0.5] startup
[0.947s] [ext: omni.kit.numpy.common-0.1.3] startup
[0.947s] [ext: omni.kit.widget.options_menu-1.1.6] startup
[0.948s] [ext: omni.kit.helper.file_utils-0.1.9] startup
[0.949s] [ext: omni.ui.scene-1.11.5] startup
[0.951s] [ext: omni.kit.widget.options_button-1.0.3] startup
[0.952s] [ext: omni.kit.widget.filebrowser-2.12.3] startup
[0.954s] [ext: omni.kit.usd.layers-2.2.11] startup
[0.957s] [ext: omni.kit.window.filepicker-2.13.4] startup
[0.964s] [ext: omni.kit.hotkeys.core-1.3.10] startup
[0.965s] [ext: omni.kit.context_menu-1.8.6] startup
[0.966s] [ext: omni.kit.property.adapter.core-1.0.2] startup
[0.967s] [ext: omni.kit.window.file_exporter-1.0.33] startup
[0.968s] [ext: omni.kit.widget.searchfield-1.1.8] startup
[0.968s] [ext: omni.kit.widget.filter-1.1.4] startup
[0.969s] [ext: omni.kit.widget.graph-2.0.0] startup
[0.971s] [ext: omni.kit.widget.stage-3.1.4] startup
[0.976s] [ext: omni.kit.property.adapter.usd-1.0.2] startup
[0.976s] [ext: omni.kit.property.adapter.fabric-1.0.3] startup
[0.977s] [ext: omni.kit.graph.delegate.default-1.2.3] startup
[0.977s] [ext: omni.kit.window.file_importer-1.1.18] startup
[0.977s] [ext: omni.kit.stage_template.core-1.1.22] startup
[0.977s] [ext: omni.kit.menu.utils-2.0.5] startup
[0.980s] [ext: omni.kit.window.file-2.0.5] startup
[0.981s] [ext: omni.kit.widget.highlight_label-1.0.3] startup
[0.981s] [ext: omni.kit.window.drop_support-1.0.5] startup
[0.981s] [ext: omni.kit.window.content_browser_registry-0.0.6] startup
[0.981s] [ext: omni.kit.window.property-1.12.1] startup
[0.983s] [ext: omni.kit.window.content_browser-3.1.3] startup
[0.988s] [ext: isaacsim.core.version-2.0.6] startup
[0.988s] [ext: omni.kit.property.usd-4.5.12] startup
[0.992s] [ext: omni.kit.graph.editor.core-1.5.3] startup
[0.993s] [ext: omni.kit.material.library-2.0.7] startup
[0.995s] [ext: omni.kit.graph.usd.commands-1.3.1] startup
[0.996s] [ext: omni.kvdb-107.3.26] startup
[0.996s] [ext: omni.usdphysics-107.3.26] startup
[0.997s] [ext: omni.physx.foundation-107.3.26] startup
[0.998s] [ext: omni.localcache-107.3.26] startup
[0.999s] [ext: omni.convexdecomposition-107.3.26] startup
[1.000s] [ext: omni.physics-107.3.26] startup
[1.002s] [ext: omni.physx.cooking-107.3.26] startup
[1.003s] [ext: omni.physics.stageupdate-107.3.26] startup
[1.004s] [ext: omni.physx-107.3.26] startup
[1.009s] [ext: omni.index.libs-380600.8087.0] startup
[1.009s] [ext: omni.physics.physx-107.3.26] startup
2026-08-15T09:24:29Z [1,004ms] [Warning] [carb] Acquiring non optional plugin interface which is not listed as dependency: [omni::physx::IPhysxBenchmarks v1.0] (plugin: <default plugin>), by client: omni.physics.physx.plugin. Add it to CARB_PLUGIN_IMPL_DEPS() macro of a client.
[1.010s] [ext: omni.index-1.0.1] startup
[1.010s] [ext: omni.volume-0.5.2] startup
[1.011s] [ext: omni.ujitso.client-0.0.0] startup
[1.011s] [ext: omni.hydra.rtx.shadercache.vulkan-1.0.0] startup
[1.012s] [ext: omni.kit.widget.searchable_combobox-1.0.6] startup
[1.012s] [ext: omni.hydra.rtx-1.0.0] startup
2026-08-15T09:24:29Z [1,016ms] [Warning] [omni.log] Source: omni.hydra was already registered.
[1.028s] [ext: omni.kit.widget.settings-1.2.6] startup
[1.029s] [ext: omni.kit.hydra_texture-1.4.6] startup
[1.031s] [ext: omni.graph.tools-1.79.2] startup
[1.043s] [ext: omni.kit.window.preferences-1.8.0] startup
[1.045s] [ext: omni.kit.widget.material_preview-1.0.16] startup
[1.046s] [ext: omni.graph-1.141.2] startup
[1.065s] [ext: omni.kit.window.material_graph-1.9.1] startup
[1.069s] [ext: omni.isaac.dynamic_control-2.0.7] startup
2026-08-15T09:24:29Z [1,066ms] [Warning] [omni.isaac.dynamic_control] omni.isaac.dynamic_control is deprecated as of Isaac Sim 4.5. No action is needed from end-users.
[1.072s] [ext: isaacsim.storage.native-1.5.1] startup
[1.073s] [ext: omni.graph.scriptnode-1.50.0] startup
[1.074s] [ext: omni.hydra.engine.stats-1.0.3] startup
[1.076s] [ext: omni.kit.viewport.legacy_gizmos-1.0.19] startup
[1.077s] [ext: omni.kit.raycast.query-1.1.0] startup
[1.080s] [ext: omni.graph.action_core-1.1.7] startup
[1.081s] [ext: omni.kit.viewport.scene_camera_model-1.0.6] startup
[1.083s] [ext: omni.graph.image.core-0.6.1] startup
[1.084s] [ext: omni.kit.widget.viewport-107.1.3] startup
[1.088s] [ext: omni.kit.viewport.registry-104.0.6] startup
[1.089s] [ext: omni.usd.metrics.assembler-107.3.1] startup
[1.090s] [ext: omni.kit.viewport.window-107.2.0] startup
[1.100s] [ext: omni.kit.viewport.menubar.core-107.2.1] startup
[1.106s] [ext: omni.graph.image.nodes-1.3.1] startup
[1.106s] [ext: omni.usd.metrics.assembler.physics-107.3.26] startup
[1.107s] [ext: omni.warp.core-1.8.2] startup
[1.196s] [ext: omni.kit.viewport.utility-1.1.2] startup
[1.197s] [ext: omni.physics.tensors-107.3.26] startup
[1.200s] [ext: omni.syntheticdata-0.6.13] startup
[1.212s] [ext: isaacsim.test.docstring-1.1.0] startup
[1.215s] [ext: isaacsim.core.utils-3.5.1] startup
[1.218s] [ext: omni.physx.tensors-107.3.26] startup
[1.222s] [ext: omni.graph.nodes-1.170.10] startup
[1.227s] [ext: omni.graph.action_nodes-1.50.4] startup
[1.228s] [ext: omni.kit.primitive.mesh-1.0.17] startup
[1.232s] [ext: isaacsim.core.simulation_manager-1.4.4] startup
[1.883s] [ext: omni.graph.ui_nodes-1.50.5] startup
[1.906s] [ext: omni.graph.action-1.130.0] startup
[1.906s] [ext: omni.kit.stage_templates-2.0.0] startup
[1.909s] [ext: isaacsim.core.prims-0.6.1] startup
[1.923s] [ext: omni.warp-1.8.2] startup
[1.926s] [ext: omni.videoencoding-0.1.2] startup
[1.928s] [ext: isaacsim.core.api-4.8.0] startup
[1.947s] [ext: isaacsim.core.experimental.utils-0.3.0] startup
[1.961s] [ext: omni.replicator.core-1.12.27] startup
2026-08-15T09:24:30Z [1,967ms] [Warning] [pxr.Semantics] pxr.Semantics is deprecated - please use Semantics instead
2026-08-15T09:24:30Z [2,017ms] [Warning] [omni.graph.core.plugin] Found duplicate of category 'Replicator' - was 'Annotators', adding 'Fabric Reader'
2026-08-15T09:24:30Z [2,017ms] [Warning] [omni.graph.core.plugin] Category 'Replicator' not accepted on node type 'omni.replicator.core.FabricReader' in extension 'omni.replicator.core'
2026-08-15T09:24:30Z [2,017ms] [Warning] [omni.replicator.core.scripts.extension] No material configuration file, adding configuration to material settings directly.
[2.024s] [ext: isaacsim.core.experimental.prims-0.8.1] startup
[2.048s] [ext: omni.kit.window.extensions-1.4.27] startup
[2.056s] [ext: isaacsim.core.experimental.objects-0.4.0] startup
[2.122s] [ext: omni.ui_query-1.1.8] startup
[2.133s] [ext: omni.kit.manipulator.viewport-107.0.1] startup
[2.136s] [ext: isaacsim.robot.surface_gripper-3.3.1] startup
[2.166s] [ext: omni.kit.ui_test-1.3.7] startup
[2.200s] [ext: omni.graph.visualization.nodes-2.1.3] startup
[2.300s] [ext: isaacsim.robot_motion.lula-4.0.8] startup
[2.306s] [ext: isaacsim.core.nodes-3.4.3] startup
[2.311s] [ext: isaacsim.gui.components-1.2.1] startup
[2.317s] [ext: isaacsim.robot_motion.motion_generation-8.0.26] startup
[2.324s] [ext: isaacsim.robot.manipulators-3.3.6] startup
[2.330s] [ext: isaacsim.core.experimental.materials-0.4.0] startup
[2.344s] [ext: isaacsim.robot.manipulators.examples-1.1.2] startup
[2.348s] [ext: isaacsim.cortex.framework-1.0.12] startup
[2.352s] [ext: isaacsim.cortex.behaviors-2.0.14] startup
[2.354s] [ext: omni.isaac.cortex.sample_behaviors-2.0.5] startup
2026-08-15T09:24:31Z [2,350ms] [Warning] [omni.isaac.cortex] omni.isaac.cortex has been deprecated in favor of isaacsim.cortex.framework. Please update your code accordingly.
2026-08-15T09:24:31Z [2,350ms] [Warning] [omni.isaac.cortex.sample_behaviors] omni.isaac.cortex.sample_behaviors has been deprecated in favor of isaacsim.cortex.behaviors. Please update your code accordingly.
[2.356s] [ext: omni.kit.widget.zoombar-1.0.6] startup
[2.360s] [ext: isaacsim.gui.content_browser-0.1.11] startup
[2.364s] [ext: omni.kit.browser.core-2.3.13] startup
[2.367s] [ext: omni.kit.widget.stage_icons-1.0.8] startup
[2.371s] [ext: omni.kit.widget.prompt-1.0.7] startup
[2.374s] [ext: omni.kit.usd.collect-2.4.5] startup
[2.376s] [ext: omni.kit.browser.folder.core-1.10.9] startup
[2.383s] [ext: omni.kit.window.stage-2.6.1] startup
[2.387s] [ext: omni.kit.usdz_export-1.0.9] startup
[2.388s] [ext: omni.kit.tool.collect-2.2.18] startup
[2.390s] [ext: omni.kit.menu.stage-1.2.7] startup
[2.391s] [ext: omni.kit.tool.asset_importer-4.3.2] startup
[2.399s] [ext: isaacsim.robot.wheeled_robots-4.0.24] startup
[2.402s] [ext: isaacsim.examples.browser-0.2.1] startup
[2.404s] [ext: isaacsim.asset.importer.urdf-2.4.30] startup
[2.440s] [ext: omni.isaac.wheeled_robots-3.0.7] startup
2026-08-15T09:24:31Z [2,434ms] [Warning] [omni.isaac.wheeled_robots] omni.isaac.wheeled_robots has been deprecated in favor of isaacsim.robot.wheeled_robots. Please update your code accordingly.
2026-08-15T09:24:31Z [2,435ms] [Warning] [omni.isaac.wheeled_robots.controllers] omni.isaac.wheeled_robots has been deprecated in favor of isaacsim.robot.wheeled_robots. Please update your code accordingly.
2026-08-15T09:24:31Z [2,435ms] [Warning] [omni.isaac.wheeled_robots.controllers.ackermann_controller] omni.isaac.wheeled_robots has been deprecated in favor of isaacsim.robot.wheeled_robots. Please update your code accordingly.
2026-08-15T09:24:31Z [2,435ms] [Warning] [omni.isaac.wheeled_robots.controllers.differential_controller] omni.isaac.wheeled_robots has been deprecated in favor of isaacsim.robot.wheeled_robots. Please update your code accordingly.
2026-08-15T09:24:31Z [2,435ms] [Warning] [omni.isaac.wheeled_robots.controllers.holonomic_controller] omni.isaac.wheeled_robots has been deprecated in favor of isaacsim.robot.wheeled_robots. Please update your code accordingly.
2026-08-15T09:24:31Z [2,435ms] [Warning] [omni.isaac.wheeled_robots.controllers.quintic_path_planner] omni.isaac.wheeled_robots has been deprecated in favor of isaacsim.robot.wheeled_robots. Please update your code accordingly.
2026-08-15T09:24:31Z [2,435ms] [Warning] [omni.isaac.wheeled_robots.controllers.stanley_control] omni.isaac.wheeled_robots has been deprecated in favor of isaacsim.robot.wheeled_robots. Please update your code accordingly.
2026-08-15T09:24:31Z [2,435ms] [Warning] [omni.isaac.wheeled_robots.controllers.wheel_base_pose_controller] omni.isaac.wheeled_robots has been deprecated in favor of isaacsim.robot.wheeled_robots. Please update your code accordingly.
2026-08-15T09:24:31Z [2,435ms] [Warning] [omni.isaac.wheeled_robots.impl] omni.isaac.wheeled_robots has been deprecated in favor of isaacsim.robot.wheeled_robots. Please update your code accordingly.
2026-08-15T09:24:31Z [2,435ms] [Warning] [omni.isaac.wheeled_robots.robots] omni.isaac.wheeled_robots has been deprecated in favor of isaacsim.robot.wheeled_robots. Please update your code accordingly.
2026-08-15T09:24:31Z [2,435ms] [Warning] [omni.isaac.wheeled_robots.robots.holonomic_robot_usd_setup] omni.isaac.wheeled_robots has been deprecated in favor of isaacsim.robot.wheeled_robots. Please update your code accordingly.
2026-08-15T09:24:31Z [2,435ms] [Warning] [omni.isaac.wheeled_robots.robots.wheeled_robot] omni.isaac.wheeled_robots has been deprecated in favor of isaacsim.robot.wheeled_robots. Please update your code accordingly.
[2.441s] [ext: isaacsim.simulation_app-2.12.2] startup
[2.441s] [ext: omni.isaac.franka-1.0.7] startup
2026-08-15T09:24:31Z [2,438ms] [Warning] [omni.isaac.franka] omni.isaac.franka has been deprecated in favor of isaacsim.robot.manipulators.examples.franka. Please update your code accordingly.
2026-08-15T09:24:31Z [2,439ms] [Warning] [omni.isaac.franka.franka] omni.isaac.franka has been deprecated in favor of isaacsim.robot.manipulators.examples.franka. Please update your code accordingly.
2026-08-15T09:24:31Z [2,451ms] [Warning] [omni.isaac.franka.kinematics_solver] omni.isaac.franka has been deprecated in favor of isaacsim.robot.manipulators.examples.franka. Please update your code accordingly.
[2.457s] [ext: omni.isaac.kit-2.0.6] startup
2026-08-15T09:24:31Z [2,452ms] [Warning] [omni.isaac.kit] omni.isaac.kit has been deprecated in favor of isaacsim.simulation_app. Please update your code accordingly.
[2.458s] [ext: omni.kit.selection-0.1.6] startup
[2.459s] [ext: omni.isaac.lula-4.0.6] startup
2026-08-15T09:24:31Z [2,453ms] [Warning] [omni.isaac.lula] omni.isaac.lula has been deprecated in favor of isaacsim.robot_motion.lula. Please update your code accordingly.
[2.459s] [ext: isaacsim.robot_motion.lula_test_widget-1.0.12] startup
[2.460s] [ext: isaacsim.asset.browser-1.3.23] startup
[2.494s] [ext: omni.kit.viewport.actions-107.0.2] startup
[2.497s] [ext: isaacsim.gui.menu-2.4.4] startup
[2.500s] [ext: omni.isaac.manipulators-3.0.7] startup
2026-08-15T09:24:31Z [2,495ms] [Warning] [omni.isaac.manipulators] omni.isaac.manipulators has been deprecated in favor of isaacsim.robot.manipulators. Please update your code accordingly.
2026-08-15T09:24:31Z [2,495ms] [Warning] [omni.isaac.manipulators.controllers] omni.isaac.manipulators has been deprecated in favor of isaacsim.robot.manipulators. Please update your code accordingly.
2026-08-15T09:24:31Z [2,495ms] [Warning] [omni.isaac.manipulators.controllers.pick_place_controller] omni.isaac.manipulators has been deprecated in favor of isaacsim.robot.manipulators. Please update your code accordingly.
2026-08-15T09:24:31Z [2,496ms] [Warning] [omni.isaac.manipulators.controllers.stacking_controller] omni.isaac.manipulators has been deprecated in favor of isaacsim.robot.manipulators. Please update your code accordingly.
2026-08-15T09:24:31Z [2,496ms] [Warning] [omni.isaac.manipulators.grippers] omni.isaac.manipulators has been deprecated in favor of isaacsim.robot.manipulators. Please update your code accordingly.
2026-08-15T09:24:31Z [2,496ms] [Warning] [omni.isaac.manipulators.grippers.gripper] omni.isaac.manipulators has been deprecated in favor of isaacsim.robot.manipulators. Please update your code accordingly.
2026-08-15T09:24:31Z [2,496ms] [Warning] [omni.isaac.manipulators.grippers.parallel_gripper] omni.isaac.manipulators has been deprecated in favor of isaacsim.robot.manipulators. Please update your code accordingly.
2026-08-15T09:24:31Z [2,497ms] [Warning] [omni.isaac.manipulators.grippers.surface_gripper] omni.isaac.manipulators has been deprecated in favor of isaacsim.robot.manipulators. Please update your code accordingly.
2026-08-15T09:24:31Z [2,497ms] [Warning] [omni.isaac.manipulators.manipulators] omni.isaac.manipulators has been deprecated in favor of isaacsim.robot.manipulators. Please update your code accordingly.
2026-08-15T09:24:31Z [2,497ms] [Warning] [omni.isaac.manipulators.manipulators.single_manipulator] omni.isaac.manipulators has been deprecated in favor of isaacsim.robot.manipulators. Please update your code accordingly.
[2.502s] [ext: omni.isaac.lula_test_widget-1.0.6] startup
2026-08-15T09:24:31Z [2,498ms] [Warning] [omni.isaac.lula_test_widget] omni.isaac.lula_test_widget has been deprecated in favor of isaacsim.robot_motion.lula_test_widget. Please update your code accordingly.
[2.503s] [ext: omni.isaac.asset_browser-1.0.6] startup
2026-08-15T09:24:31Z [2,499ms] [Warning] [omni.isaac.asset_browser] omni.isaac.asset_browser has been deprecated in favor of isaacsim.asset.browser. Please update your code accordingly.
[2.505s] [ext: omni.kit.viewport.menubar.display-107.0.3] startup
[2.507s] [ext: omni.isaac.menu-1.0.6] startup
2026-08-15T09:24:31Z [2,502ms] [Warning] [omni.isaac.menu] omni.isaac.menu has been deprecated in favor of isaacsim.gui.menu. Please update your code accordingly.
[2.508s] [ext: omni.isaac.motion_generation-8.0.7] startup
2026-08-15T09:24:31Z [2,503ms] [Warning] [omni.isaac.motion_generation] omni.isaac.motion_generation has been deprecated in favor of isaacsim.robot_motion.motion_generation. Please update your code accordingly.
2026-08-15T09:24:31Z [2,503ms] [Warning] [omni.isaac.motion_generation.articulation_kinematics_solver] omni.isaac.motion_generation has been deprecated in favor of isaacsim.robot_motion.motion_generation. Please update your code accordingly.
2026-08-15T09:24:31Z [2,504ms] [Warning] [omni.isaac.motion_generation.articulation_motion_policy] omni.isaac.motion_generation has been deprecated in favor of isaacsim.robot_motion.motion_generation. Please update your code accordingly.
2026-08-15T09:24:31Z [2,504ms] [Warning] [omni.isaac.motion_generation.articulation_trajectory] omni.isaac.motion_generation has been deprecated in favor of isaacsim.robot_motion.motion_generation. Please update your code accordingly.
2026-08-15T09:24:31Z [2,504ms] [Warning] [omni.isaac.motion_generation.kinematics_interface] omni.isaac.motion_generation has been deprecated in favor of isaacsim.robot_motion.motion_generation. Please update your code accordingly.
2026-08-15T09:24:31Z [2,504ms] [Warning] [omni.isaac.motion_generation.lula] omni.isaac.motion_generation has been deprecated in favor of isaacsim.robot_motion.motion_generation. Please update your code accordingly.
2026-08-15T09:24:31Z [2,504ms] [Warning] [omni.isaac.motion_generation.lula.kinematics] omni.isaac.motion_generation has been deprecated in favor of isaacsim.robot_motion.motion_generation. Please update your code accordingly.
2026-08-15T09:24:31Z [2,504ms] [Warning] [omni.isaac.motion_generation.lula.motion_policies] omni.isaac.motion_generation has been deprecated in favor of isaacsim.robot_motion.motion_generation. Please update your code accordingly.
2026-08-15T09:24:31Z [2,504ms] [Warning] [omni.isaac.motion_generation.lula.path_planners] omni.isaac.motion_generation has been deprecated in favor of isaacsim.robot_motion.motion_generation. Please update your code accordingly.
2026-08-15T09:24:31Z [2,505ms] [Warning] [omni.isaac.motion_generation.lula.trajectory_generator] omni.isaac.motion_generation has been deprecated in favor of isaacsim.robot_motion.motion_generation. Please update your code accordingly.
2026-08-15T09:24:31Z [2,505ms] [Warning] [omni.isaac.motion_generation.motion_policy_controller] omni.isaac.motion_generation has been deprecated in favor of isaacsim.robot_motion.motion_generation. Please update your code accordingly.
2026-08-15T09:24:31Z [2,505ms] [Warning] [omni.isaac.motion_generation.motion_policy_interface] omni.isaac.motion_generation has been deprecated in favor of isaacsim.robot_motion.motion_generation. Please update your code accordingly.
2026-08-15T09:24:31Z [2,505ms] [Warning] [omni.isaac.motion_generation.path_planner_visualizer] omni.isaac.motion_generation has been deprecated in favor of isaacsim.robot_motion.motion_generation. Please update your code accordingly.
2026-08-15T09:24:31Z [2,505ms] [Warning] [omni.isaac.motion_generation.path_planning_interface] omni.isaac.motion_generation has been deprecated in favor of isaacsim.robot_motion.motion_generation. Please update your code accordingly.
2026-08-15T09:24:31Z [2,505ms] [Warning] [omni.isaac.motion_generation.trajectory] omni.isaac.motion_generation has been deprecated in favor of isaacsim.robot_motion.motion_generation. Please update your code accordingly.
2026-08-15T09:24:31Z [2,505ms] [Warning] [omni.isaac.motion_generation.world_interface] omni.isaac.motion_generation has been deprecated in favor of isaacsim.robot_motion.motion_generation. Please update your code accordingly.
[2.511s] [ext: omni.isaac.assets_check-0.3.13] startup
2026-08-15T09:24:31Z [2,506ms] [Warning] [omni.isaac.assets_check] omni.isaac.assets_check has been deprecated in favor of isaacsim.asset.browser. Please update your code accordingly.
[2.511s] [ext: isaacsim.gui.sensors.icon-2.0.3] startup
[2.518s] [ext: isaacsim.asset.importer.mjcf-2.5.13] startup
[2.521s] [ext: omni.sensors.nv.common-3.0.0] startup
[2.526s] [ext: isaacsim.sensors.physics-0.4.3] startup
[2.529s] [ext: omni.sensors.net-1.0.0] startup
[2.531s] [ext: omni.isaac.nucleus-1.0.6] startup
2026-08-15T09:24:31Z [2,526ms] [Warning] [omni.isaac.nucleus] omni.isaac.nucleus has been deprecated in favor of isaacsim.storage.native. Please update your code accordingly.
2026-08-15T09:24:31Z [2,526ms] [Warning] [omni.isaac.nucleus.nucleus] omni.isaac.nucleus.nucleus has been deprecated in favor of isaacsim.storage.native. Please update your code accordingly.
[2.532s] [ext: omni.sensors.nv.materials-2.0.0] startup
[2.534s] [ext: isaacsim.robot.policy.examples-4.1.11] startup
[2.536s] [ext: omni.sensors.nv.wpm-3.0.0] startup
[2.537s] [ext: omni.sensors.nv.lidar-3.0.0] startup
[2.540s] [ext: isaacsim.util.debug_draw-3.1.0] startup
[2.542s] [ext: omni.sensors.nv.radar-3.0.0] startup
[2.544s] [ext: omni.sensors.nv.ids-2.0.0] startup
[2.545s] [ext: isaacsim.core.cloner-1.4.10] startup
[2.546s] [ext: isaacsim.sensors.physx-2.3.2] startup
[2.548s] [ext: isaacsim.sensors.rtx-15.8.4] startup
[2.552s] [ext: isaacsim.sensors.camera-1.3.6] startup
[2.556s] [ext: omni.isaac.quadruped-3.0.7] startup
2026-08-15T09:24:31Z [2,552ms] [Warning] [omni.isaac.quadruped] omni.isaac.quadruped has been deprecated in favor of isaacsim.robot.policy.examples. Please update your code accordingly.
[2.559s] [ext: omni.isaac.cloner-1.0.7] startup
2026-08-15T09:24:31Z [2,555ms] [Warning] [omni.isaac.cloner] omni.isaac.cloner has been deprecated in favor of isaacsim.core.cloner. Please update your code accordingly.
[2.561s] [ext: omni.isaac.range_sensor-4.0.6] startup
2026-08-15T09:24:31Z [2,558ms] [Warning] [omni.isaac.range_sensor] omni.isaac.range_sensor has been deprecated in favor of isaacsim.sensors.physx. Please update your code accordingly.
2026-08-15T09:24:31Z [2,558ms] [Warning] [omni.isaac.range_sensor.commands] omni.isaac.range_sensor.commands has been deprecated in favor of isaacsim.sensors.physx.commands. Please update your code accordingly.
[2.564s] [ext: omni.isaac.sensor-13.0.7] startup
2026-08-15T09:24:31Z [2,559ms] [Warning] [omni.isaac.sensor] omni.isaac.sensor has been deprecated in favor of isaacsim.sensors.camera, isaacsim.sensors.physics, isaacsim.sensors.physx, and isaacsim.sensors.rtx. Please update your code accordingly.
2026-08-15T09:24:31Z [2,559ms] [Warning] [omni.isaac.sensor.camera] omni.isaac.sensor.camera has been deprecated in favor of isaacsim.sensors.camera.camera. Please update your code accordingly.
2026-08-15T09:24:31Z [2,559ms] [Warning] [omni.isaac.sensor.camera_view] omni.isaac.sensor.camera_view has been deprecated in favor of isaacsim.sensors.camera.camera_view. Please update your code accordingly.
2026-08-15T09:24:31Z [2,560ms] [Warning] [omni.isaac.sensor.commands] omni.isaac.sensor.commands has been deprecated in favor of isaacsim.sensors.physics.commands, isaacsim.sensors.physx.commands, and isaacsim.sensors.rtx.commands. Please update your code accordingly.
2026-08-15T09:24:31Z [2,560ms] [Warning] [omni.isaac.sensor.contact_sensor] omni.isaac.sensor.contact_sensor has been deprecated in favor of isaacsim.sensors.physics.contact_sensor. Please update your code accordingly.
2026-08-15T09:24:31Z [2,560ms] [Warning] [omni.isaac.sensor.imu_sensor] omni.isaac.sensor.imu_sensor has been deprecated in favor of isaacsim.sensors.physics.imu_sensor. Please update your code accordingly.
2026-08-15T09:24:31Z [2,560ms] [Warning] [omni.isaac.sensor.lidar_rtx] omni.isaac.sensor.lidar_rtx has been deprecated in favor of isaacsim.sensors.rtx.lidar_rtx. Please update your code accordingly.
2026-08-15T09:24:31Z [2,560ms] [Warning] [omni.isaac.sensor.rotating_lidar_physX] omni.isaac.sensor.imu_sensor has been deprecated in favor of isaacsim.sensors.physix.rotating_lidar_physX. Please update your code accordingly.
2026-08-15T09:24:31Z [2,560ms] [Warning] [omni.isaac.sensor.scripts.samples.contact_sensor] omni.isaac.sensor.scripts.samples.contact_sensor has been deprecated in favor of isaacsim.sensors.physics.scripts.samples.contact_sensor. Please update your code accordingly.
2026-08-15T09:24:31Z [2,560ms] [Warning] [omni.isaac.sensor.scripts.samples.imu_sensor] omni.isaac.sensor.scripts.samples.imu_sensor has been deprecated in favor of isaacsim.sensors.physics.scripts.samples.imu_sensor. Please update your code accordingly.
2026-08-15T09:24:31Z [2,560ms] [Warning] [omni.isaac.sensor.scripts.samples.lightbeam_sensor] omni.isaac.sensor.scripts.samples.lightbeam_sensor has been deprecated in favor of isaacsim.sensors.physx.scripts.samples.lightbeam_sensor. Please update your code accordingly.
[2.566s] [ext: omni.kit.menu.create-2.0.1] startup
[2.568s] [ext: omni.kit.widget.toolbar-2.0.1] startup
[2.575s] [ext: omni.kit.manipulator.transform-107.0.0] startup
[2.577s] [ext: omni.isaac.core-4.0.7] startup
2026-08-15T09:24:31Z [2,572ms] [Warning] [omni.isaac.core.physics_context.physics_context] omni.isaac.core.physics_context.physics_context has been deprecated in favor of isaacsim.core.api.physics_context.physics_context. Please update your code accordingly.
2026-08-15T09:24:31Z [2,572ms] [Warning] [omni.isaac.core.simulation_context.simulation_context] omni.isaac.core.simulation_context.simulation_context has been deprecated in favor of isaacsim.core.api.simulation_context.simulation_context. Please update your code accordingly.
2026-08-15T09:24:31Z [2,572ms] [Warning] [omni.isaac.core.world.world] omni.isaac.core.world.world has been deprecated in favor of isaacsim.core.api.world.world. Please update your code accordingly.
2026-08-15T09:24:31Z [2,572ms] [Warning] [omni.isaac.core] omni.isaac.core has been deprecated in favor of isaacsim.core.api. Please update your code accordingly.
[2.578s] [ext: omni.kit.scripting-107.3.2] startup
[2.581s] [ext: omni.kit.manipulator.tool.snap-1.5.13] startup
[2.583s] [ext: omni.kit.manipulator.selector-1.1.3] startup
[2.584s] [ext: isaacsim.app.about-2.0.11] startup
[2.587s] [ext: isaacsim.replicator.behavior-1.1.16] startup
[2.587s] [ext: omni.kit.viewport.manipulator.transform-107.0.4] startup
[2.589s] [ext: omni.isaac.window.about-2.0.7] startup
2026-08-15T09:24:31Z [2,584ms] [Warning] [omni.isaac.window.about] omni.isaac.window.about has been deprecated in favor of isaacsim.app.about. Please update your code accordingly.
2026-08-15T09:24:31Z [2,584ms] [Warning] [omni.isaac.window.about.about] omni.isaac.window.about.about has been deprecated in favor of isaacsim.app.about.about. Please update your code accordingly.
[2.590s] [ext: omni.fabric.commands-1.1.6] startup
[2.591s] [ext: omni.kit.manipulator.prim.core-107.0.8] startup
[2.594s] [ext: omni.kit.property.audio-1.0.16] startup
[2.595s] [ext: omni.kit.property.camera-1.0.10] startup
[2.596s] [ext: omni.kit.property.geometry-2.0.4] startup
[2.598s] [ext: omni.hydra.scene_api-0.1.2] startup
[2.600s] [ext: omni.kit.property.light-1.0.12] startup
[2.606s] [ext: omni.kit.manipulator.prim.fabric-107.0.4] startup
[2.607s] [ext: omni.kit.manipulator.prim.usd-107.0.3] startup
[2.608s] [ext: omni.kit.property.material-1.11.9] startup
[2.611s] [ext: omni.kit.property.render-1.2.1] startup
[2.611s] [ext: omni.kit.property.transform-1.5.13] startup
[2.613s] [ext: isaacsim.gui.property-1.1.3] startup
[2.615s] [ext: omni.kit.manipulator.camera-106.0.4] startup
[2.617s] [ext: omni.kit.manipulator.prim-107.0.0] startup
[2.617s] [ext: omni.isaac.surface_gripper-2.0.6] startup
2026-08-15T09:24:31Z [2,611ms] [Warning] [omni.isaac.surface_gripper] omni.isaac.surface_gripper has been deprecated in favor of isaacsim.robot.surface_gripper. Please update your code accordingly.
[2.617s] [ext: omni.kit.manipulator.selection-106.0.1] startup
[2.619s] [ext: omni.kit.property.bundle-1.4.1] startup
[2.620s] [ext: omni.kit.property.isaac-1.0.6] startup
2026-08-15T09:24:31Z [2,614ms] [Warning] [omni.kit.property.isaac] omni.kit.property.isaac has been deprecated in favor of isaacsim.gui.property. Please update your code accordingly.
2026-08-15T09:24:31Z [2,614ms] [Warning] [omni.kit.property.isaac.widgets] omni.kit.property.isaac.widgets has been deprecated in favor of isaacsim.gui.property.widgets. Please update your code accordingly.
[2.620s] [ext: omni.isaac.universal_robots-1.0.6] startup
2026-08-15T09:24:31Z [2,615ms] [Warning] [omni.isaac.universal_robots] omni.isaac.universal_robots has been deprecated in favor of isaacsim.robot.manipulators.examples.universal_robots. Please update your code accordingly.
2026-08-15T09:24:31Z [2,615ms] [Warning] [omni.isaac.universal_robots.kinematics_solver] omni.isaac.franka has been deprecated in favor of isaacsim.robot.manipulators.examples.universal_robots. Please update your code accordingly.
2026-08-15T09:24:31Z [2,616ms] [Warning] [omni.isaac.universal_robots.ur10] omni.isaac.franka has been deprecated in favor of isaacsim.robot.manipulators.examples.universal_robots. Please update your code accordingly.
[2.621s] [ext: omni.isaac.core_nodes-2.0.6] startup
2026-08-15T09:24:31Z [2,617ms] [Warning] [omni.isaac.core_nodes] omni.isaac.core_nodes has been deprecated in favor of isaacsim.core.nodes. Please update your code accordingly.
[2.623s] [ext: omni.kit.viewport.menubar.camera-107.0.6] startup
[2.627s] [ext: omni.kit.viewport.menubar.lighting-107.3.1] startup
[2.628s] [ext: isaacsim.replicator.writers-1.0.17] startup
[2.636s] [ext: omni.kit.viewport.menubar.render-107.0.10] startup
[2.638s] [ext: omni.kit.viewport.menubar.settings-107.0.3] startup
[2.643s] [ext: omni.kit.window.console-1.1.4] startup
[2.645s] [ext: isaacsim.replicator.domain_randomization-1.0.16] startup
[2.646s] [ext: isaacsim.replicator.examples-1.3.6] startup
[2.647s] [ext: omni.ocio-0.1.1] startup
[2.649s] [ext: omni.rtx.window.settings-0.6.19] startup
[2.653s] [ext: omni.kit.window.status_bar-0.1.9] startup
[2.657s] [ext: omni.kit.window.toolbar-2.0.0] startup
[2.660s] [ext: omni.replicator.isaac-2.0.8] startup
2026-08-15T09:24:31Z [2,655ms] [Warning] [omni.replicator.isaac] omni.replicator.isaac has been deprecated in favor of isaacsim.replicator.domain_randomization, isaacsim.replicator.examples, isaacsim.replicator.writers. Please update your code accordingly.
[2.661s] [ext: omni.replicator.replicator_yaml-2.0.11] startup
[2.671s] [ext: omni.rtx.settings.core-0.6.5] startup
[2.674s] [ext: omni.usd.metrics.assembler.ui-107.3.1] startup
[2.679s] [ext: omni.isaac.utils-2.0.6] startup
[2.680s] [ext: semantics.schema.editor-2.0.2] startup
[2.683s] [ext: omni.kit.ui.actions-1.0.5] startup
[2.684s] [ext: semantics.schema.property-2.0.1] startup
[2.685s] [ext: omni.isaac.version-2.0.7] startup
2026-08-15T09:24:31Z [2,679ms] [Warning] [omni.isaac.version] omni.isaac.version has been deprecated in favor of isaacsim.core.version. Please update your code accordingly.
[2.685s] [ext: omni.isaac.cortex-1.0.5] startup
[2.686s] [ext: omni.anim.curve.core-1.3.1] startup
[2.691s] [ext: isaacsim.core.throttling-2.2.2] startup
[2.692s] [ext: omni.kit.menu.common-2.0.1] startup
[2.693s] [ext: isaacsim.exp.base-5.1.0] startup
[2.694s] [ext: isaacsim.exp.base.python-5.1.0] startup
[2.694s] Simulation App Starting
2026-08-15T09:24:31Z [2,746ms] [Warning] [omni.fabric.plugin] Warning: attribute viewportHandle not found for bucket id 9

[2.771s] app ready
Starting kit application with the following args:  ['/home/sun/miniconda3/envs/isaaclab/lib/python3.11/site-packages/isaacsim/exts/isaacsim.simulation_app/isaacsim/simulation_app/simulation_app.py', '/home/sun/miniconda3/envs/isaaclab/lib/python3.11/site-packages/isaacsim/apps/isaacsim.exp.base.python.kit', '--/app/tokens/exe-path=/home/sun/miniconda3/envs/isaaclab/lib/python3.11/site-packages/isaacsim/kit', '--/persistent/app/viewport/displayOptions=3094', '--/rtx/materialDb/syncLoads=True', '--/rtx/hydra/materialSyncLoads=True', '--/omni.kit.plugin/syncUsdLoads=True', '--/app/renderer/resolution/width=1280', '--/app/renderer/resolution/height=720', '--/app/window/width=1440', '--/app/window/height=900', '--/renderer/multiGpu/enabled=True', '--/app/fastShutdown=True', '--/app/installSignalHandlers=0', '--ext-folder', '/home/sun/miniconda3/envs/isaaclab/lib/python3.11/site-packages/isaacsim/exts', '--ext-folder', '/home/sun/miniconda3/envs/isaaclab/lib/python3.11/site-packages/isaacsim/apps', '--/physics/cudaDevice=0', '--/plugins/carb.tasking.plugin/threadCount=16', '--/plugins/omni.tbb.globalcontrol/maxThreadCount=16', '--portable', '--no-window', '--/app/window/hideUi=1']
Passing the following args to the base kit application:  []
Warp 1.8.2 initialized:
   CUDA Toolkit 12.8, Driver 13.0
   Devices:
     "cpu"      : "x86_64"
     "cuda:0"   : "NVIDIA GeForce RTX 5070 Ti" (15 GiB, sm_120, mempool enabled)
   Kernel cache:
     /home/sun/.cache/warp/1.8.2
Warp DeprecationWarning: The `warp.sim` module is deprecated and will be removed in v1.10. Please transition to using the forthcoming Newton library instead.
HUMAN_GEOMETRY_JSON={"default_prim": "/Root", "prim_count": 41, "skel_binding_rows": [{"applied_schemas": [], "path": "/Root/male_adult_police_04/ManRoot/male_adult_police_04", "relationships": {}, "type": "SkelRoot"}, {"applied_schemas": ["ControlRigAPI", "SkelBindingAPI"], "path": "/Root/male_adult_police_04/ManRoot/male_adult_police_04/male_adult_police_04/male_adult_police_04", "relationships": {"skel:animationSource": [], "skel:blendShapeTargets": [], "skel:skeleton": []}, "type": "Skeleton"}, {"applied_schemas": ["SkelBindingAPI", "MaterialBindingAPI"], "path": "/Root/male_adult_police_04/ManRoot/male_adult_police_04/male_adult_police_04/retro__reflective__safetyvest", "relationships": {"skel:animationSource": [], "skel:blendShapeTargets": [], "skel:skeleton": ["/Root/male_adult_police_04/ManRoot/male_adult_police_04/male_adult_police_04/male_adult_police_04"]}, "type": "Mesh"}, {"applied_schemas": ["SkelBindingAPI", "MaterialBindingAPI"], "path": "/Root/male_adult_police_04/ManRoot/male_adult_police_04/male_adult_police_04/opaque__fabric__policehat", "relationships": {"skel:animationSource": [], "skel:blendShapeTargets": [], "skel:skeleton": ["/Root/male_adult_police_04/ManRoot/male_adult_police_04/male_adult_police_04/male_adult_police_04"]}, "type": "Mesh"}, {"applied_schemas": ["SkelBindingAPI", "MaterialBindingAPI"], "path": "/Root/male_adult_police_04/ManRoot/male_adult_police_04/male_adult_police_04/opaque__plastic__policeradio", "relationships": {"skel:animationSource": [], "skel:blendShapeTargets": [], "skel:skeleton": ["/Root/male_adult_police_04/ManRoot/male_adult_police_04/male_adult_police_04/male_adult_police_04"]}, "type": "Mesh"}, {"applied_schemas": ["SkelBindingAPI", "MaterialBindingAPI"], "path": "/Root/male_adult_police_04/ManRoot/male_adult_police_04/male_adult_police_04/opaque__fabric__safetyvest", "relationships": {"skel:animationSource": [], "skel:blendShapeTargets": [], "skel:skeleton": ["/Root/male_adult_police_04/ManRoot/male_adult_police_04/male_adult_police_04/male_adult_police_04"]}, "type": "Mesh"}, {"applied_schemas": ["SkelBindingAPI", "MaterialBindingAPI"], "path": "/Root/male_adult_police_04/ManRoot/male_adult_police_04/male_adult_police_04/opaque__plastic__sunglasses", "relationships": {"skel:animationSource": [], "skel:blendShapeTargets": [], "skel:skeleton": ["/Root/male_adult_police_04/ManRoot/male_adult_police_04/male_adult_police_04/male_adult_police_04"]}, "type": "Mesh"}, {"applied_schemas": ["SkelBindingAPI", "MaterialBindingAPI"], "path": "/Root/male_adult_police_04/ManRoot/male_adult_police_04/male_adult_police_04/opaque__leather__policeshoes", "relationships": {"skel:animationSource": [], "skel:blendShapeTargets": [], "skel:skeleton": ["/Root/male_adult_police_04/ManRoot/male_adult_police_04/male_adult_police_04/male_adult_police_04"]}, "type": "Mesh"}, {"applied_schemas": ["SkelBindingAPI", "MaterialBindingAPI"], "path": "/Root/male_adult_police_04/ManRoot/male_adult_police_04/male_adult_police_04/opaque__fabric__policepants", "relationships": {"skel:animationSource": [], "skel:blendShapeTargets": [], "skel:skeleton": ["/Root/male_adult_police_04/ManRoot/male_adult_police_04/male_adult_police_04/male_adult_police_04"]}, "type": "Mesh"}, {"applied_schemas": ["SkelBindingAPI", "MaterialBindingAPI"], "path": "/Root/male_adult_police_04/ManRoot/male_adult_police_04/male_adult_police_04/opaque__fabric__policeshirt", "relationships": {"skel:animationSource": [], "skel:blendShapeTargets": [], "skel:skeleton": ["/Root/male_adult_police_04/ManRoot/male_adult_police_04/male_adult_police_04/male_adult_police_04"]}, "type": "Mesh"}, {"applied_schemas": ["SkelBindingAPI", "MaterialBindingAPI"], "path": "/Root/male_adult_police_04/ManRoot/male_adult_police_04/male_adult_police_04/trans__organic__whitemaleskin", "relationships": {"skel:animationSource": [], "skel:blendShapeTargets": [], "skel:skeleton": ["/Root/male_adult_police_04/ManRoot/male_adult_police_04/male_adult_police_04/male_adult_police_04"]}, "type": "Mesh"}], "skeleton_transforms": [{"path": "/Root/male_adult_police_04/ManRoot/male_adult_police_04", "type": "SkelRoot", "world_translation": [0.0, 0.0, 0.0]}, {"path": "/Root/male_adult_police_04/ManRoot/male_adult_police_04/male_adult_police_04/male_adult_police_04", "type": "Skeleton", "world_translation": [0.0, 0.0, 0.0]}], "source_url": "https://omniverse-content-production.s3-us-west-2.amazonaws.com/Assets/Isaac/5.1/Isaac/People/Characters/male_adult_police_04/male_adult_police_04.usd", "stage_meters_per_unit": 1.0, "stage_up_axis": "Z", "visible_boundables": [{"path": "/Root/male_adult_police_04/ManRoot/male_adult_police_04", "type": "SkelRoot", "world_bbox_max": [1.0255292654037476, 0.23550304770469666, 1.7707972526550293], "world_bbox_min": [-1.0255898237228394, -0.2954951524734497, -0.14905858039855957], "world_bbox_size": [2.051119089126587, 0.5309982001781464, 1.9198558330535889]}, {"path": "/Root/male_adult_police_04/ManRoot/male_adult_police_04/male_adult_police_04/male_adult_police_04", "type": "Skeleton", "world_bbox_max": [-3.4028234663852886e+38, -3.4028234663852886e+38, -3.4028234663852886e+38], "world_bbox_min": [3.4028234663852886e+38, 3.4028234663852886e+38, 3.4028234663852886e+38], "world_bbox_size": [-6.805646932770577e+38, -6.805646932770577e+38, -6.805646932770577e+38]}, {"path": "/Root/male_adult_police_04/ManRoot/male_adult_police_04/male_adult_police_04/opaque__plastic__sunglasses", "type": "Mesh", "world_bbox_max": [0.08077181130647659, 0.06403299421072006, 1.6377816200256348], "world_bbox_min": [-0.07834871858358383, -0.08553903549909592, 1.5888457298278809], "world_bbox_size": [0.15912052989006042, 0.14957202970981598, 0.048935890197753906]}, {"path": "/Root/male_adult_police_04/ManRoot/male_adult_police_04/male_adult_police_04/opaque__leather__policeshoes", "type": "Mesh", "world_bbox_max": [0.15048763155937195, 0.09902051836252213, 0.22459937632083893], "world_bbox_min": [-0.14997562766075134, -0.232009619474411, -1.9355964298028994e-07], "world_bbox_size": [0.3004632592201233, 0.33103013783693314, 0.2245995698804819]}, {"path": "/Root/male_adult_police_04/ManRoot/male_adult_police_04/male_adult_police_04/opaque__fabric__policepants", "type": "Mesh", "world_bbox_max": [0.20433835685253143, 0.16937534511089325, 1.0535355806350708], "world_bbox_min": [-0.2074763923883438, -0.182677760720253, 0.06600465625524521], "world_bbox_size": [0.41181474924087524, 0.35205310583114624, 0.9875309243798256]}, {"path": "/Root/male_adult_police_04/ManRoot/male_adult_police_04/male_adult_police_04/opaque__fabric__policeshirt", "type": "Mesh", "world_bbox_max": [0.40164715051651, 0.16225114464759827, 1.5325862169265747], "world_bbox_min": [-0.4041363000869751, -0.1673089563846588, 0.9942139983177185], "world_bbox_size": [0.8057834506034851, 0.3295601010322571, 0.5383722186088562]}, {"path": "/Root/male_adult_police_04/ManRoot/male_adult_police_04/male_adult_police_04/trans__organic__whitemaleskin", "type": "Mesh", "world_bbox_max": [0.903465747833252, 0.15110763907432556, 1.7357525825500488], "world_bbox_min": [-0.9035235047340393, -0.0994483157992363, 1.3322759866714478], "world_bbox_size": [1.8069892525672913, 0.25055595487356186, 0.4034765958786011]}], "walk_animation": {"default_prim": "/Root", "end_time_code": 80.0, "prims": [{"path": "/Root", "type": "SkelAnimation"}], "source_url": "https://omniverse-content-production.s3-us-west-2.amazonaws.com/Assets/Isaac/5.1/Isaac/People/Animations/stand_walk_loop_in_place.skelanim.usd", "start_time_code": 0.0, "time_codes_per_second": 30.0}, "world_bbox_center": [-3.0279159545898438e-05, -0.029996052384376526, 0.8108693361282349], "world_bbox_max": [1.0255292654037476, 0.23550304770469666, 1.7707972526550293], "world_bbox_min": [-1.0255898237228394, -0.2954951524734497, -0.14905858039855957], "world_bbox_size": [2.051119089126587, 0.5309982001781464, 1.9198558330535889]}
[4.243s] Simulation App Startup Complete
[5.581s] Simulation App Shutting Down
