[INFO] [launch]: All log files can be found below /root/.ros/log/2026-08-14-13-22-30-525027-ubuntu-47
[INFO] [launch]: Default logging verbosity is set to INFO
[INFO] [foxy_bridge_node-1]: process started with pid [61]
[INFO] [scan_planner_node-2]: process started with pid [63]
[INFO] [closed_loop_controller-3]: process started with pid [65]
[INFO] [acceptance_monitor_node-4]: process started with pid [67]
[closed_loop_controller-3] [INFO] [1786713750.565286845] [closed_loop_controller]: Closed-loop controller ready
[scan_planner_node-2] hit: 1.7346
[scan_planner_node-2] miss: -0.847298
[scan_planner_node-2] min log: -1.99243
[scan_planner_node-2] max: 3.89182
[scan_planner_node-2] thresh log: 1.38629
[scan_planner_node-2] [INFO] [1786713750.649719184] [scan_planner_node]: Preset waypoint mode will start after the first odometry message
[acceptance_monitor_node-4] [INFO] [1786713750.723040123] [lite3_acceptance_monitor]: Acceptance monitor writing /evidence/ros_events.jsonl and /evidence/ros_summary.json
[foxy_bridge_node-1] [INFO] [1786713750.725367515] [lite3_sim_bridge]: Lite3 bridge ready: telemetry 127.0.0.1:46420, command 127.0.0.1:46421
[foxy_bridge_node-1] [INFO] [1786713750.725568592] [lite3_sim_bridge]: Telemetry stream connected
[foxy_bridge_node-1] [INFO] [1786713750.725839481] [lite3_sim_bridge]: Command stream connected
[scan_planner_node-2] [INFO] [1786713751.005648157] [scan_planner_node]: [navi_mode=2] Planning to waypoint 1/1: [0.50, 3.00, 0.85]
[scan_planner_node-2] [TRIG]: from INIT to GEN_NEW_TRAJ
[scan_planner_node-2] 
[scan_planner_node-2] [rebo replan]: -------------------------------------0
[scan_planner_node-2] start:   -5    3 0.92, 0 0 0
[scan_planner_node-2] goal: 0.5    3 0.85, 0 0 0
[scan_planner_node-2] [32miter(+1)=103,time(ms)=20.388,total_t(ms)=20.388,cost=0.017
[scan_planner_node-2] [0mfirst_optimize_step_success=1
[scan_planner_node-2] total time:[42m0.0252[0m,optimize:0.0244,refine:0.000718
[scan_planner_node-2] final_plan_success=1
[scan_planner_node-2] [FSM]: from GEN_NEW_TRAJ to EXEC_TRAJ
[closed_loop_controller-3] [INFO] [1786713754.121892942] [closed_loop_controller]: Received trajectory 1, duration 7.360s
[scan_planner_node-2] 
[scan_planner_node-2] [rebo replan]: -------------------------------------1
[scan_planner_node-2] start:  -4.9     3 0.818,     0.981 -9.87e-07   -0.0104
[scan_planner_node-2] goal: 0.5    3 0.85, 0 0 0
[scan_planner_node-2] [32miter(+1)=77,time(ms)=11.109,total_t(ms)=11.110,cost=0.005
[scan_planner_node-2] [0mfirst_optimize_step_success=1
[scan_planner_node-2] total time:[42m0.022[0m,optimize:0.021,refine:0.00063
[scan_planner_node-2] final_plan_success=1
[scan_planner_node-2] [SAFETY]: from EXEC_TRAJ to EXEC_TRAJ
[closed_loop_controller-3] [INFO] [1786713756.094079274] [closed_loop_controller]: Received trajectory 2, duration 7.200s
[scan_planner_node-2] [FSM]: from EXEC_TRAJ to WAIT_TARGET
[foxy_bridge_node-1] [WARN] [1786713780.730414835] [lite3_sim_bridge]: Telemetry stream reset: socket closed with 40 bytes remaining
[foxy_bridge_node-1] [WARN] [1786713780.750311697] [lite3_sim_bridge]: Command stream reset: [Errno 104] Connection reset by peer
[WARNING] [launch]: user interrupted with ctrl-c (SIGINT)
[INFO] [acceptance_monitor_node-4]: sending signal 'SIGINT' to process[acceptance_monitor_node-4]
[INFO] [closed_loop_controller-3]: sending signal 'SIGINT' to process[closed_loop_controller-3]
[INFO] [scan_planner_node-2]: sending signal 'SIGINT' to process[scan_planner_node-2]
[INFO] [foxy_bridge_node-1]: sending signal 'SIGINT' to process[foxy_bridge_node-1]
[closed_loop_controller-3] [INFO] [1786713783.430587243] [rclcpp]: signal_handler(signal_value=2)
[scan_planner_node-2] [INFO] [1786713783.430741162] [rclcpp]: signal_handler(signal_value=2)
[INFO] [closed_loop_controller-3]: process has finished cleanly [pid 65]
[INFO] [foxy_bridge_node-1]: process has finished cleanly [pid 61]
[INFO] [acceptance_monitor_node-4]: process has finished cleanly [pid 67]
[scan_planner_node-2] des manager
[INFO] [scan_planner_node-2]: process has finished cleanly [pid 63]
