[INFO] [launch]: All log files can be found below /root/.ros/log/2026-08-14-11-40-38-220544-ubuntu-47
[INFO] [launch]: Default logging verbosity is set to INFO
[INFO] [foxy_bridge_node-1]: process started with pid [61]
[INFO] [scan_planner_node-2]: process started with pid [63]
[INFO] [closed_loop_controller-3]: process started with pid [65]
[INFO] [acceptance_monitor_node-4]: process started with pid [67]
[closed_loop_controller-3] [INFO] [1786707638.252448836] [closed_loop_controller]: Closed-loop controller ready
[scan_planner_node-2] hit: 1.7346
[scan_planner_node-2] miss: -0.847298
[scan_planner_node-2] min log: -1.99243
[scan_planner_node-2] max: 3.89182
[scan_planner_node-2] thresh log: 1.38629
[scan_planner_node-2] [INFO] [1786707638.308824830] [scan_planner_node]: Preset waypoint mode will start after the first odometry message
[acceptance_monitor_node-4] [INFO] [1786707638.409061338] [lite3_acceptance_monitor]: Acceptance monitor writing /evidence/ros_events.jsonl and /evidence/ros_summary.json
[foxy_bridge_node-1] [INFO] [1786707638.412343345] [lite3_sim_bridge]: Command stream connected
[foxy_bridge_node-1] [INFO] [1786707638.412467988] [lite3_sim_bridge]: Telemetry stream connected
[foxy_bridge_node-1] [INFO] [1786707638.412631306] [lite3_sim_bridge]: Lite3 bridge ready: telemetry 127.0.0.1:46330, command 127.0.0.1:46331
[scan_planner_node-2] [INFO] [1786707638.671166337] [scan_planner_node]: [navi_mode=2] Planning to waypoint 1/1: [0.50, 3.00, 0.85]
[scan_planner_node-2] [TRIG]: from INIT to GEN_NEW_TRAJ
[scan_planner_node-2] 
[scan_planner_node-2] [rebo replan]: -------------------------------------0
[scan_planner_node-2] start:   -5    3 0.92, 0 0 0
[scan_planner_node-2] goal: 0.5    3 0.85, 0 0 0
[scan_planner_node-2] [32miter(+1)=37,time(ms)=0.108,total_t(ms)=0.108,cost=0.029
[scan_planner_node-2] [0mfirst_optimize_step_success=1
[scan_planner_node-2] total time:[42m0.000222[0m,optimize:0.000197,refine:2.55e-05
[scan_planner_node-2] final_plan_success=1
[scan_planner_node-2] [FSM]: from GEN_NEW_TRAJ to EXEC_TRAJ
[closed_loop_controller-3] [INFO] [1786707638.711346750] [closed_loop_controller]: Received trajectory 1, duration 11.840s
[scan_planner_node-2] 
[scan_planner_node-2] [rebo replan]: -------------------------------------1
[scan_planner_node-2] start: -5.01     3 0.913,     0.108 -1.69e-08  -0.00018
[scan_planner_node-2] goal: 0.5    3 0.85, 0 0 0
[scan_planner_node-2] iter=5,time(ms)=0.054,rebound.
[scan_planner_node-2] iter=80,time(ms)=0.41,rebound.
[scan_planner_node-2] [32miter(+1)=29,time(ms)=0.102,total_t(ms)=0.570,cost=0.038
[scan_planner_node-2] [0mfirst_optimize_step_success=1
[scan_planner_node-2] total time:[42m0.00087[0m,optimize:0.00084,refine:2.6e-05
[scan_planner_node-2] final_plan_success=1
[scan_planner_node-2] [SAFETY]: from EXEC_TRAJ to EXEC_TRAJ
[closed_loop_controller-3] [INFO] [1786707639.109501867] [closed_loop_controller]: Received trajectory 2, duration 11.840s
[scan_planner_node-2] 
[scan_planner_node-2] [rebo replan]: -------------------------------------2
[scan_planner_node-2] start: -5.02     3   0.9,     0.156  -0.00206 -0.000519
[scan_planner_node-2] goal: 0.5    3 0.85, 0 0 0
[scan_planner_node-2] iter=5,time(ms)=0.029,rebound.
[scan_planner_node-2] [ERROR] [1786707639.208912318] [bspline_opt]: A-star error
[scan_planner_node-2] iter=47,time(ms)=0.19,rebound.
[scan_planner_node-2] [ERROR] [1786707639.212503636] [bspline_opt]: A-star error
[scan_planner_node-2] iter=25,time(ms)=3.6,rebound.
[scan_planner_node-2] [ERROR] [1786707639.215124866] [bspline_opt]: A-star error
[scan_planner_node-2] iter=5,time(ms)=2.6,rebound.
[scan_planner_node-2] [ERROR] [1786707639.217425533] [bspline_opt]: A-star error
[scan_planner_node-2] iter=5,time(ms)=2.3,rebound.
[scan_planner_node-2] [32miter(+1)=4,time(ms)=0.007,total_t(ms)=8.736,cost=0.153
[scan_planner_node-2] [0mfirst_optimize_step_success=1
[scan_planner_node-2] total time:[42m0.009[0m,optimize:0.0089,refine:2.6e-05
[scan_planner_node-2] final_plan_success=1
[scan_planner_node-2] [SAFETY]: from EXEC_TRAJ to EXEC_TRAJ
[closed_loop_controller-3] [INFO] [1786707639.217584302] [closed_loop_controller]: Received trajectory 3, duration 11.840s
[scan_planner_node-2] 
[scan_planner_node-2] [rebo replan]: -------------------------------------3
[scan_planner_node-2] start: -5.02     3   0.9,     0.177  -0.00332 -0.000765
[scan_planner_node-2] goal: 0.5    3 0.85, 0 0 0
[scan_planner_node-2] iter=14,time(ms)=0.076,rebound.
[scan_planner_node-2] [ERROR] [1786707639.261988443] [bspline_opt]: A-star error
[scan_planner_node-2] iter=75,time(ms)=3.1,rebound.
[scan_planner_node-2] [ERROR] [1786707639.264416367] [bspline_opt]: A-star error
[scan_planner_node-2] iter=5,time(ms)=2.4,rebound.
[scan_planner_node-2] [ERROR] [1786707639.266692345] [bspline_opt]: A-star error
[scan_planner_node-2] iter=5,time(ms)=2.3,rebound.
[scan_planner_node-2] [ERROR] [1786707639.268939688] [bspline_opt]: A-star error
[scan_planner_node-2] iter=5,time(ms)=2.2,rebound.
[scan_planner_node-2] [ERROR] [1786707639.271176571] [bspline_opt]: A-star error
[scan_planner_node-2] iter=5,time(ms)=2.2,rebound.
[scan_planner_node-2] [32miter(+1)=3,time(ms)=0.007,total_t(ms)=12.414,cost=0.038
[scan_planner_node-2] [0mfirst_optimize_step_success=1
[scan_planner_node-2] total time:[42m0.013[0m,optimize:0.013,refine:4.6e-05
[scan_planner_node-2] final_plan_success=1
[scan_planner_node-2] [SAFETY]: from EXEC_TRAJ to EXEC_TRAJ
[closed_loop_controller-3] [INFO] [1786707639.271360569] [closed_loop_controller]: Received trajectory 4, duration 11.840s
[scan_planner_node-2] 
[scan_planner_node-2] [rebo replan]: -------------------------------------4
[scan_planner_node-2] start:    -5     3 0.879,    0.197 -0.00396   -0.001
[scan_planner_node-2] goal: 0.5    3 0.85, 0 0 0
[scan_planner_node-2] iter=7,time(ms)=0.041,rebound.
[scan_planner_node-2] iter=47,time(ms)=0.17,rebound.
[scan_planner_node-2] [32miter(+1)=69,time(ms)=0.227,total_t(ms)=0.445,cost=0.029
[scan_planner_node-2] [0mfirst_optimize_step_success=1
[scan_planner_node-2] total time:[42m0.0007[0m,optimize:0.00068,refine:2.6e-05
[scan_planner_node-2] final_plan_success=1
[scan_planner_node-2] [SAFETY]: from EXEC_TRAJ to EXEC_TRAJ
[closed_loop_controller-3] [INFO] [1786707639.309361781] [closed_loop_controller]: Received trajectory 5, duration 11.840s
[scan_planner_node-2] [FSM]: state: EXEC_TRAJ
[scan_planner_node-2] 
[scan_planner_node-2] [rebo replan]: -------------------------------------5
[scan_planner_node-2] start:    -5     3 0.879,    0.223 -0.00533 -0.00127
[scan_planner_node-2] goal: 0.5    3 0.85, 0 0 0
[scan_planner_node-2] iter=7,time(ms)=0.041,rebound.
[scan_planner_node-2] [WARN] [1786707639.361760587] [bspline_opt]: A-star failed on a collision segment; merge it with the next segment
[scan_planner_node-2] iter=20,time(ms)=3,rebound.
[scan_planner_node-2] iter=17,time(ms)=0.06,rebound.
[scan_planner_node-2] [ERROR] [1786707639.361865952] [bspline_opt]: A-star error
[scan_planner_node-2] [ERROR] [1786707639.361924206] [bspline_opt]: A-star error
[scan_planner_node-2] [ERROR] [1786707639.361937101] [bspline_opt]: A-star error
[scan_planner_node-2] [ERROR] [1786707639.361948252] [bspline_opt]: A-star error
[scan_planner_node-2] [ERROR] [1786707639.361958983] [bspline_opt]: A-star error
[scan_planner_node-2] [ERROR] [1786707639.361969193] [bspline_opt]: A-star error
[scan_planner_node-2] [ERROR] [1786707639.361979784] [bspline_opt]: A-star error
[scan_planner_node-2] iter=19,time(ms)=0.056,rebound.
[scan_planner_node-2] iter=5,time(ms)=0.011,rebound.
[scan_planner_node-2] iter=5,time(ms)=0.011,rebound.
[scan_planner_node-2] iter=5,time(ms)=0.01,rebound.
[scan_planner_node-2] iter=5,time(ms)=0.0099,rebound.
[scan_planner_node-2] iter=5,time(ms)=0.0098,rebound.
[scan_planner_node-2] [ERROR] [1786707639.361990234] [bspline_opt]: A-star error
[scan_planner_node-2] [ERROR] [1786707639.362005043] [bspline_opt]: A-star error
[scan_planner_node-2] iter=5,time(ms)=0.01,rebound.
[scan_planner_node-2] iter=5,time(ms)=0.014,rebound.
[scan_planner_node-2] [ERROR] [1786707639.362015894] [bspline_opt]: A-star error
[scan_planner_node-2] [ERROR] [1786707639.362026595] [bspline_opt]: A-star error
[scan_planner_node-2] [ERROR] [1786707639.362037266] [bspline_opt]: A-star error
[scan_planner_node-2] [ERROR] [1786707639.362048137] [bspline_opt]: A-star error
[scan_planner_node-2] [ERROR] [1786707639.362058487] [bspline_opt]: A-star error
[scan_planner_node-2] iter=5,time(ms)=0.011,rebound.
[scan_planner_node-2] iter=5,time(ms)=0.01,rebound.
[scan_planner_node-2] iter=5,time(ms)=0.01,rebound.
[scan_planner_node-2] iter=5,time(ms)=0.01,rebound.
[scan_planner_node-2] iter=5,time(ms)=0.01,rebound.
[scan_planner_node-2] iter=5,time(ms)=0.012,rebound.
[scan_planner_node-2] iter=35,time(ms)=0.12,rebound.
[scan_planner_node-2] [32miter(+1)=18,time(ms)=0.047,total_t(ms)=3.482,cost=0.427
[scan_planner_node-2] [0mfirst_optimize_step_success=1
[scan_planner_node-2] total time:[42m0.0037[0m,optimize:0.0037,refine:2.6e-05
[scan_planner_node-2] final_plan_success=1
[scan_planner_node-2] [SAFETY]: from EXEC_TRAJ to EXEC_TRAJ
[closed_loop_controller-3] [INFO] [1786707639.362355665] [closed_loop_controller]: Received trajectory 6, duration 11.840s
[scan_planner_node-2] 
[scan_planner_node-2] [rebo replan]: -------------------------------------6
[scan_planner_node-2] start: -4.97  2.99 0.867,    0.277  -0.0079 -0.00168
[scan_planner_node-2] goal: 0.5    3 0.85, 0 0 0
[scan_planner_node-2] iter=12,time(ms)=0.12,rebound.
[scan_planner_node-2] iter=26,time(ms)=0.15,rebound.
[scan_planner_node-2] [ERROR] [1786707639.459307473] [bspline_opt]: A-star error
[scan_planner_node-2] iter=30,time(ms)=0.18,rebound.
[scan_planner_node-2] iter=5,time(ms)=0.016,rebound.
[scan_planner_node-2] iter=5,time(ms)=0.015,rebound.
[scan_planner_node-2] iter=5,time(ms)=0.021,rebound.
[scan_planner_node-2] iter=5,time(ms)=0.02,rebound.
[scan_planner_node-2] [ERROR] [1786707639.459342461] [bspline_opt]: A-star error
[scan_planner_node-2] [ERROR] [1786707639.459358602] [bspline_opt]: A-star error
[scan_planner_node-2] [ERROR] [1786707639.459379894] [bspline_opt]: A-star error
[scan_planner_node-2] iter=68,time(ms)=0.36,rebound.
[scan_planner_node-2] [32miter(+1)=133,time(ms)=0.730,total_t(ms)=1.617,cost=0.030
[scan_planner_node-2] [0mfirst_optimize_step_success=1
[scan_planner_node-2] total time:[42m0.002[0m,optimize:0.002,refine:4.2e-05
[scan_planner_node-2] final_plan_success=1
[scan_planner_node-2] [SAFETY]: from EXEC_TRAJ to EXEC_TRAJ
[closed_loop_controller-3] [INFO] [1786707639.460665024] [closed_loop_controller]: Received trajectory 7, duration 11.733s
[scan_planner_node-2] [FSM]: state: EXEC_TRAJ
[scan_planner_node-2] [FSM]: state: EXEC_TRAJ
[scan_planner_node-2] [FSM]: state: EXEC_TRAJ
[scan_planner_node-2] [FSM]: state: EXEC_TRAJ
[scan_planner_node-2] [FSM]: state: EXEC_TRAJ
[scan_planner_node-2] [FSM]: state: EXEC_TRAJ
[scan_planner_node-2] [FSM]: state: EXEC_TRAJ
[scan_planner_node-2] [FSM]: state: EXEC_TRAJ
[scan_planner_node-2] [FSM]: state: EXEC_TRAJ
[scan_planner_node-2] [FSM]: state: EXEC_TRAJ
[scan_planner_node-2] [FSM]: state: EXEC_TRAJ
[scan_planner_node-2] [FSM]: state: EXEC_TRAJ
[scan_planner_node-2] [FSM]: state: EXEC_TRAJ
[scan_planner_node-2] [FSM]: state: EXEC_TRAJ
[scan_planner_node-2] [FSM]: state: EXEC_TRAJ
[scan_planner_node-2] [FSM]: state: EXEC_TRAJ
[scan_planner_node-2] [FSM]: state: EXEC_TRAJ
[scan_planner_node-2] [FSM]: from EXEC_TRAJ to WAIT_TARGET
[scan_planner_node-2] [FSM]: state: WAIT_TARGET
[scan_planner_node-2] [FSM]: state: WAIT_TARGET
[scan_planner_node-2] [FSM]: state: WAIT_TARGET
[scan_planner_node-2] [FSM]: state: WAIT_TARGET
[scan_planner_node-2] [FSM]: state: WAIT_TARGET
[scan_planner_node-2] [FSM]: state: WAIT_TARGET
[scan_planner_node-2] [FSM]: state: WAIT_TARGET
[scan_planner_node-2] [FSM]: state: WAIT_TARGET
[scan_planner_node-2] [FSM]: state: WAIT_TARGET
[scan_planner_node-2] [FSM]: state: WAIT_TARGET
[scan_planner_node-2] [FSM]: state: WAIT_TARGET
[scan_planner_node-2] [FSM]: state: WAIT_TARGET
[scan_planner_node-2] [FSM]: state: WAIT_TARGET
[scan_planner_node-2] [FSM]: state: WAIT_TARGET
[foxy_bridge_node-1] [WARN] [1786707670.443166744] [lite3_sim_bridge]: Telemetry stream reset: socket closed with 40 bytes remaining
[foxy_bridge_node-1] [WARN] [1786707670.462956576] [lite3_sim_bridge]: Command stream reset: [Errno 104] Connection reset by peer
[scan_planner_node-2] [FSM]: state: WAIT_TARGET
[scan_planner_node-2] [FSM]: state: WAIT_TARGET
[WARNING] [launch]: user interrupted with ctrl-c (SIGINT)
[INFO] [acceptance_monitor_node-4]: sending signal 'SIGINT' to process[acceptance_monitor_node-4]
[INFO] [closed_loop_controller-3]: sending signal 'SIGINT' to process[closed_loop_controller-3]
[INFO] [scan_planner_node-2]: sending signal 'SIGINT' to process[scan_planner_node-2]
[INFO] [foxy_bridge_node-1]: sending signal 'SIGINT' to process[foxy_bridge_node-1]
[closed_loop_controller-3] [INFO] [1786707673.125863841] [rclcpp]: signal_handler(signal_value=2)
[scan_planner_node-2] [INFO] [1786707673.126046113] [rclcpp]: signal_handler(signal_value=2)
[scan_planner_node-2] des manager
[INFO] [closed_loop_controller-3]: process has finished cleanly [pid 65]
[INFO] [scan_planner_node-2]: process has finished cleanly [pid 63]
[INFO] [foxy_bridge_node-1]: process has finished cleanly [pid 61]
[INFO] [acceptance_monitor_node-4]: process has finished cleanly [pid 67]
