[INFO] [launch]: All log files can be found below /root/.ros/log/2026-08-14-19-46-42-468517-ubuntu-47
[INFO] [launch]: Default logging verbosity is set to INFO
[INFO] [foxy_bridge_node-1]: process started with pid [61]
[INFO] [scan_planner_node-2]: process started with pid [63]
[INFO] [closed_loop_controller-3]: process started with pid [65]
[INFO] [acceptance_monitor_node-4]: process started with pid [67]
[closed_loop_controller-3] [INFO] [1786736802.499427511] [closed_loop_controller]: Closed-loop controller ready
[scan_planner_node-2] hit: 1.7346
[scan_planner_node-2] miss: -0.847298
[scan_planner_node-2] min log: -1.99243
[scan_planner_node-2] max: 3.89182
[scan_planner_node-2] thresh log: 1.38629
[scan_planner_node-2] [INFO] [1786736802.587176345] [scan_planner_node]: Preset waypoint mode will start after the first odometry message
[acceptance_monitor_node-4] [INFO] [1786736802.654353381] [lite3_acceptance_monitor]: Acceptance monitor writing /evidence/ros_events.jsonl and /evidence/ros_summary.json
[foxy_bridge_node-1] [INFO] [1786736802.658712548] [lite3_sim_bridge]: Lite3 bridge ready: telemetry 127.0.0.1:46450, command 127.0.0.1:46451
[foxy_bridge_node-1] [INFO] [1786736802.659129260] [lite3_sim_bridge]: Telemetry stream connected
[foxy_bridge_node-1] [INFO] [1786736802.659190835] [lite3_sim_bridge]: Command stream connected
[scan_planner_node-2] [INFO] [1786736802.917913921] [scan_planner_node]: [navi_mode=2] Planning to waypoint 1/1: [0.50, 3.00, 0.85]
[scan_planner_node-2] [TRIG]: from INIT to GEN_NEW_TRAJ
[scan_planner_node-2] 
[scan_planner_node-2] [rebo replan]: -------------------------------------0
[scan_planner_node-2] start:   -5    3 0.92, 0 0 0
[scan_planner_node-2] goal: 0.5    3 0.85, 0 0 0
[scan_planner_node-2] [32miter(+1)=103,time(ms)=21.209,total_t(ms)=21.210,cost=0.017
[scan_planner_node-2] [0mfirst_optimize_step_success=1
[scan_planner_node-2] total time:[42m0.026[0m,optimize:0.0252,refine:0.000754
[scan_planner_node-2] final_plan_success=1
[scan_planner_node-2] [FSM]: from GEN_NEW_TRAJ to EXEC_TRAJ
[closed_loop_controller-3] [INFO] [1786736806.069265226] [closed_loop_controller]: Received trajectory 1, duration 7.360s, start error 0.120m, catchup state 1
[scan_planner_node-2] 
[scan_planner_node-2] [rebo replan]: -------------------------------------1
[scan_planner_node-2] start: -4.88  3.01 0.814,     0.765 -6.82e-07  -0.00718
[scan_planner_node-2] goal: 0.5    3 0.85, 0 0 0
[scan_planner_node-2] [32miter(+1)=84,time(ms)=11.538,total_t(ms)=11.538,cost=0.025
[scan_planner_node-2] [0mfirst_optimize_step_success=1
[scan_planner_node-2] total time:[42m0.024[0m,optimize:0.024,refine:0.00074
[scan_planner_node-2] final_plan_success=1
[scan_planner_node-2] [SAFETY]: from EXEC_TRAJ to EXEC_TRAJ
[closed_loop_controller-3] [INFO] [1786736807.593291970] [closed_loop_controller]: Received trajectory 2, duration 7.200s, start error 0.039m, catchup state 0
[scan_planner_node-2] 
[scan_planner_node-2] [rebo replan]: -------------------------------------2
[scan_planner_node-2] start: -4.88  3.04 0.827,       1   0.389 0.00576
[scan_planner_node-2] goal: 0.5    3 0.85, 0 0 0
[scan_planner_node-2] [32miter(+1)=32,time(ms)=4.058,total_t(ms)=4.058,cost=0.004
[scan_planner_node-2] [0mfirst_optimize_step_success=1
[scan_planner_node-2] total time:[42m0.00722[0m,optimize:0.00656,refine:0.00065
[scan_planner_node-2] final_plan_success=1
[scan_planner_node-2] [SAFETY]: from EXEC_TRAJ to EXEC_TRAJ
[closed_loop_controller-3] [INFO] [1786736808.341678054] [closed_loop_controller]: Received trajectory 3, duration 7.200s, start error 0.253m, catchup state 1
[scan_planner_node-2] 
[scan_planner_node-2] [rebo replan]: -------------------------------------3
[scan_planner_node-2] start: -4.86  3.05 0.824,       1    0.58 0.00418
[scan_planner_node-2] goal: 0.5    3 0.85, 0 0 0
[scan_planner_node-2] [32miter(+1)=123,time(ms)=16.736,total_t(ms)=16.737,cost=0.055
[scan_planner_node-2] [0mfirst_optimize_step_success=1
[scan_planner_node-2] total time:[42m0.023[0m,optimize:0.023,refine:0.00064
[scan_planner_node-2] final_plan_success=1
[scan_planner_node-2] [SAFETY]: from EXEC_TRAJ to EXEC_TRAJ
[closed_loop_controller-3] [INFO] [1786736809.258599923] [closed_loop_controller]: Received trajectory 4, duration 7.200s, start error 0.355m, catchup state 1
[scan_planner_node-2] 
[scan_planner_node-2] [rebo replan]: -------------------------------------4
[scan_planner_node-2] start: -4.52  3.06 0.679, 0.969 0.682 0.005
[scan_planner_node-2] goal: 0.5    3 0.85, 0 0 0
[scan_planner_node-2] [32miter(+1)=61,time(ms)=8.375,keep optimizing
[scan_planner_node-2] [0miter=112,time(ms)=16,rebound.
[scan_planner_node-2] [32miter(+1)=52,time(ms)=7.382,total_t(ms)=33.197,cost=0.509
[scan_planner_node-2] [0mfirst_optimize_step_success=1
[scan_planner_node-2] Need to reallocate time.
[scan_planner_node-2] total time:[42m0.049[0m,optimize:0.038,refine:0.011
[scan_planner_node-2] final_plan_success=1
[scan_planner_node-2] [SAFETY]: from EXEC_TRAJ to EXEC_TRAJ
[closed_loop_controller-3] [INFO] [1786736810.635969859] [closed_loop_controller]: Received trajectory 5, duration 8.686s, start error 0.162m, catchup state 1
[scan_planner_node-2] 
[scan_planner_node-2] [rebo replan]: -------------------------------------5
[scan_planner_node-2] start:  -4.2   3.3 0.536,  0.553 -0.404 0.0222
[scan_planner_node-2] goal: 0.5    3 0.85, 0 0 0
[scan_planner_node-2] iter=16,time(ms)=2.2,rebound.
[scan_planner_node-2] iter=5,time(ms)=0.94,rebound.
[scan_planner_node-2] iter=23,time(ms)=3.9,rebound.
[scan_planner_node-2] [ERROR] [1786736815.252070996] [bspline_opt]: A-star error
[scan_planner_node-2] [32miter(+1)=82,time(ms)=11.270,keep optimizing
[scan_planner_node-2] [0miter=22,time(ms)=79,rebound.
[scan_planner_node-2] [ERROR] [1786736815.328689509] [bspline_opt]: A-star error
[scan_planner_node-2] iter=5,time(ms)=77,rebound.
[scan_planner_node-2] [ERROR] [1786736815.405163632] [bspline_opt]: A-star failed; aborting optimization
[scan_planner_node-2] [ERROR] [1786736815.482045179] [bspline_opt]: A-star error
[scan_planner_node-2] [32miter(+1)=3,time(ms)=0.291,keep optimizing
[scan_planner_node-2] [0miter=5,time(ms)=77,rebound.
[scan_planner_node-2] [ERROR] [1786736815.557648128] [bspline_opt]: A-star error
[scan_planner_node-2] iter=5,time(ms)=76,rebound.
[scan_planner_node-2] [ERROR] [1786736815.633844089] [bspline_opt]: A-star error
[scan_planner_node-2] iter=5,time(ms)=76,rebound.
[scan_planner_node-2] [ERROR] [1786736815.710044007] [bspline_opt]: A-star error
[scan_planner_node-2] iter=5,time(ms)=76,rebound.
[scan_planner_node-2] [ERROR] [1786736815.785883710] [bspline_opt]: A-star error
[scan_planner_node-2] iter=5,time(ms)=76,rebound.
[scan_planner_node-2] [ERROR] [1786736815.862790915] [bspline_opt]: A-star error
[scan_planner_node-2] iter=5,time(ms)=77,rebound.
[scan_planner_node-2] [ERROR] [1786736815.942320319] [bspline_opt]: A-star error
[scan_planner_node-2] iter=5,time(ms)=80,rebound.
[scan_planner_node-2] [ERROR] [1786736816.018599386] [bspline_opt]: A-star error
[scan_planner_node-2] iter=5,time(ms)=76,rebound.
[scan_planner_node-2] [ERROR] [1786736816.095104997] [bspline_opt]: A-star error
[scan_planner_node-2] iter=5,time(ms)=76,rebound.
[scan_planner_node-2] [ERROR] [1786736816.172337743] [bspline_opt]: A-star error
[scan_planner_node-2] iter=5,time(ms)=77,rebound.
[scan_planner_node-2] [32miter(+1)=4,time(ms)=0.478,keep optimizing
[scan_planner_node-2] [0mfirst_optimize_step_success=0
[scan_planner_node-2] final_plan_success=0
[scan_planner_node-2] 
[scan_planner_node-2] [rebo replan]: -------------------------------------6
[scan_planner_node-2] start:  -4.2   3.3 0.536,  0.553 -0.404 0.0222
[scan_planner_node-2] goal: 0.5    3 0.85, 0 0 0
[scan_planner_node-2] iter=14,time(ms)=5.1,rebound.
[scan_planner_node-2] iter=34,time(ms)=5.1,rebound.
[scan_planner_node-2] [ERROR] [1786736816.291012572] [bspline_opt]: A-star failed; aborting optimization
[scan_planner_node-2] [32miter(+1)=102,time(ms)=14.765,keep optimizing
[scan_planner_node-2] [0m[32miter(+1)=24,time(ms)=3.241,total_t(ms)=109.738,cost=0.394
[scan_planner_node-2] [0mfirst_optimize_step_success=1
[scan_planner_node-2] Need to reallocate time.
[scan_planner_node-2] total time:[42m0.13[0m,optimize:0.12,refine:0.014
[scan_planner_node-2] final_plan_success=1
[scan_planner_node-2] [SAFETY]: from EXEC_TRAJ to EXEC_TRAJ
[closed_loop_controller-3] [INFO] [1786736816.308817679] [closed_loop_controller]: Received trajectory 6, duration 10.204s, start error 2.200m, catchup state 2
[scan_planner_node-2] [FSM]: from EXEC_TRAJ to WAIT_TARGET
[foxy_bridge_node-1] [WARN] [1786736838.677378478] [lite3_sim_bridge]: Telemetry stream reset: socket closed with 40 bytes remaining
[foxy_bridge_node-1] [WARN] [1786736838.697139232] [lite3_sim_bridge]: Command stream reset: [Errno 104] Connection reset by peer
[WARNING] [launch]: user interrupted with ctrl-c (SIGINT)
[INFO] [acceptance_monitor_node-4]: sending signal 'SIGINT' to process[acceptance_monitor_node-4]
[INFO] [closed_loop_controller-3]: sending signal 'SIGINT' to process[closed_loop_controller-3]
[INFO] [scan_planner_node-2]: sending signal 'SIGINT' to process[scan_planner_node-2]
[INFO] [foxy_bridge_node-1]: sending signal 'SIGINT' to process[foxy_bridge_node-1]
[closed_loop_controller-3] [INFO] [1786736841.377222843] [rclcpp]: signal_handler(signal_value=2)
[scan_planner_node-2] [INFO] [1786736841.377379166] [rclcpp]: signal_handler(signal_value=2)
[INFO] [closed_loop_controller-3]: process has finished cleanly [pid 65]
[INFO] [foxy_bridge_node-1]: process has finished cleanly [pid 61]
[INFO] [acceptance_monitor_node-4]: process has finished cleanly [pid 67]
[scan_planner_node-2] des manager
[INFO] [scan_planner_node-2]: process has finished cleanly [pid 63]
